env RUSTFLAGS=[unset] CARGO_ENCODED_RUSTFLAGS=[unset] toolchain=stable-x86_64-pc-windows-msvc target=D:/wt/_targets/mq-8d656ad8
    Blocking waiting for file lock on package cache
    Blocking waiting for file lock on package cache
    Blocking waiting for file lock on package cache
       Fresh unicode-ident v1.0.26
       Fresh cfg-if v1.0.5
       Fresh windows-link v0.2.1
       Fresh autocfg v1.5.1
       Fresh proc-macro2 v1.0.107
       Fresh windows-sys v0.61.2
       Fresh regex-syntax v0.8.11
       Fresh quote v1.0.47
       Fresh crossbeam-utils v0.8.23
       Fresh boyko-diag v0.1.0 (D:\wt\mq-8d656ad8\crates\boyko_diag)
       Fresh serde_core v1.0.229
       Fresh getrandom v0.3.4
       Fresh once_cell v1.21.4
       Fresh static_assertions v1.1.0
       Fresh either v1.18.0
       Fresh fixedbitset v0.5.7
       Fresh boyko-utils v0.1.0 (D:\wt\mq-8d656ad8\crates\boyko_utils)
       Fresh zmij v1.0.23
       Fresh getrandom v0.4.3
       Fresh winapi-util v0.1.11
       Fresh syn v2.0.119
       Fresh crossbeam-epoch v0.9.21
       Fresh boyko-log v0.1.0 (D:\wt\mq-8d656ad8\crates\boyko_log)
       Fresh syn v3.0.6
       Fresh rand_core v0.9.5
       Fresh crossbeam-queue v0.3.14
       Fresh num-traits v0.2.19
       Fresh fastrand v2.5.0
       Fresh plotters-backend v0.3.7
       Fresh clap_lex v1.1.1
       Fresh anstyle v1.0.14
       Fresh ciborium-io v0.2.2
       Fresh itoa v1.0.18
       Fresh memchr v2.8.3
       Fresh same-file v1.0.6
       Fresh zerocopy-derive v0.8.57
       Fresh crossbeam-deque v0.8.8
       Fresh serde_derive v1.0.229
       Fresh boyko-macros v0.1.0 (D:\wt\mq-8d656ad8\crates\boyko_macros)
       Fresh plotters-svg v0.3.7
       Fresh tempfile v3.27.0
       Fresh clap_builder v4.6.7
       Fresh serde_json v1.0.151
       Fresh itertools v0.10.5
       Fresh regex-automata v0.4.18
       Fresh boyko_shaderdsl v0.1.0 (D:\wt\mq-8d656ad8\crates\boyko_shaderdsl)
       Fresh quick-error v1.2.3
       Fresh fnv v1.0.7
       Fresh bit-vec v0.8.0
       Fresh wait-timeout v0.2.1
       Fresh cast v0.3.0
       Fresh zerocopy v0.8.57
       Fresh boyko-threadpool v0.1.0 (D:\wt\mq-8d656ad8\crates\boyko_threadpool)
       Fresh serde v1.0.229
       Fresh rayon-core v1.13.0
       Fresh boyko-math v0.1.0 (D:\wt\mq-8d656ad8\crates\boyko_math)
       Fresh clap v4.6.7
       Fresh bit-set v0.8.0
       Fresh boyko_sdf_math v0.1.0 (D:\wt\mq-8d656ad8\crates\boyko_sdf_math)
       Fresh rusty-fork v0.3.1
       Fresh criterion-plot v0.5.0
       Fresh regex v1.13.1
       Fresh plotters v0.3.7
       Fresh rand_xorshift v0.4.0
       Fresh walkdir v2.5.0
       Fresh rand v0.9.5
       Fresh is-terminal v0.4.17
       Fresh boyko-ecs v0.1.0 (D:\wt\mq-8d656ad8\crates\boyko_ecs)
       Fresh half v2.7.1
       Fresh ppv-lite86 v0.2.21
       Fresh tinytemplate v1.2.1
       Fresh rayon v1.12.0
       Fresh unarray v0.1.4
       Fresh anes v0.1.6
       Fresh oorandom v11.1.5
       Fresh bitflags v2.13.2
       Fresh boyko-input v0.1.0 (D:\wt\mq-8d656ad8\crates\boyko_input)
       Fresh ciborium-ll v0.2.2
       Fresh rand_chacha v0.9.0
       Fresh boyko-scene v0.1.0 (D:\wt\mq-8d656ad8\crates\boyko_scene)
       Fresh ciborium v0.2.2
       Fresh proptest v1.11.0
       Fresh criterion v0.5.1
   Compiling boyko-physics v0.1.0 (D:\wt\mq-8d656ad8\crates\boyko_physics)
     Running `C:\Users\flint\.rustup\toolchains\stable-x86_64-pc-windows-msvc\bin\rustc.exe --crate-name parallel_solve --edition=2024 'crates\boyko_physics\benches\parallel_solve.rs' --error-format=json --json=diagnostic-rendered-ansi,artifacts,future-incompat --emit=dep-info,link -C opt-level=3 -C embed-bitcode=no -C codegen-units=1 --warn=unexpected_cfgs '--allow=clippy::missing_const_for_thread_local' '--deny=clippy::disallowed_types' --check-cfg 'cfg(loom)' --check-cfg 'cfg(force_alloc_panic)' --cfg test --cfg 'feature="default"' --check-cfg 'cfg(docsrs,test)' --check-cfg 'cfg(feature, values("bench-alloc", "default"))' -C metadata=841e8855c215121a -C extra-filename=-bda2f7d0f2e28716 --out-dir 'D:/wt/_targets/mq-8d656ad8\release\deps' -C strip=debuginfo -L 'dependency=D:/wt/_targets/mq-8d656ad8\release\deps' --extern 'boyko_ecs=D:/wt/_targets/mq-8d656ad8\release\deps\libboyko_ecs-79252f3ece4102bd.rlib' --extern 'boyko_log=D:/wt/_targets/mq-8d656ad8\release\deps\libboyko_log-4133e038e32a2ab2.rlib' --extern 'boyko_macros=D:/wt/_targets/mq-8d656ad8\release\deps\boyko_macros-4f4f609790ce3d2a.dll' --extern 'boyko_math=D:/wt/_targets/mq-8d656ad8\release\deps\libboyko_math-80103f60bc9d85e6.rlib' --extern 'boyko_physics=D:/wt/_targets/mq-8d656ad8\release\deps\libboyko_physics-a83d8b8d1e51707e.rlib' --extern 'boyko_scene=D:/wt/_targets/mq-8d656ad8\release\deps\libboyko_scene-d5634feb33468716.rlib' --extern 'boyko_threadpool=D:/wt/_targets/mq-8d656ad8\release\deps\libboyko_threadpool-e005ded63fe91c31.rlib' --extern 'boyko_utils=D:/wt/_targets/mq-8d656ad8\release\deps\libboyko_utils-73794c61b1a89869.rlib' --extern 'boyko_sdf_math=D:/wt/_targets/mq-8d656ad8\release\deps\libboyko_sdf_math-c4a5cfa67e797343.rlib' --extern 'criterion=D:/wt/_targets/mq-8d656ad8\release\deps\libcriterion-6ae2aa2ac07dc15d.rlib' --extern 'proptest=D:/wt/_targets/mq-8d656ad8\release\deps\libproptest-eacc32c94469f900.rlib' -C target-cpu=x86-64-v3`
     Running `C:\Users\flint\.rustup\toolchains\stable-x86_64-pc-windows-msvc\bin\rustc.exe --crate-name soft_colored_sp4 --edition=2024 'crates\boyko_physics\benches\soft_colored_sp4.rs' --error-format=json --json=diagnostic-rendered-ansi,artifacts,future-incompat --emit=dep-info,link -C opt-level=3 -C embed-bitcode=no -C codegen-units=1 --warn=unexpected_cfgs '--allow=clippy::missing_const_for_thread_local' '--deny=clippy::disallowed_types' --check-cfg 'cfg(loom)' --check-cfg 'cfg(force_alloc_panic)' --cfg test --cfg 'feature="default"' --check-cfg 'cfg(docsrs,test)' --check-cfg 'cfg(feature, values("bench-alloc", "default"))' -C metadata=066bd50267eb65e2 -C extra-filename=-f6f5ef257ef8b748 --out-dir 'D:/wt/_targets/mq-8d656ad8\release\deps' -C strip=debuginfo -L 'dependency=D:/wt/_targets/mq-8d656ad8\release\deps' --extern 'boyko_ecs=D:/wt/_targets/mq-8d656ad8\release\deps\libboyko_ecs-79252f3ece4102bd.rlib' --extern 'boyko_log=D:/wt/_targets/mq-8d656ad8\release\deps\libboyko_log-4133e038e32a2ab2.rlib' --extern 'boyko_macros=D:/wt/_targets/mq-8d656ad8\release\deps\boyko_macros-4f4f609790ce3d2a.dll' --extern 'boyko_math=D:/wt/_targets/mq-8d656ad8\release\deps\libboyko_math-80103f60bc9d85e6.rlib' --extern 'boyko_physics=D:/wt/_targets/mq-8d656ad8\release\deps\libboyko_physics-a83d8b8d1e51707e.rlib' --extern 'boyko_scene=D:/wt/_targets/mq-8d656ad8\release\deps\libboyko_scene-d5634feb33468716.rlib' --extern 'boyko_threadpool=D:/wt/_targets/mq-8d656ad8\release\deps\libboyko_threadpool-e005ded63fe91c31.rlib' --extern 'boyko_utils=D:/wt/_targets/mq-8d656ad8\release\deps\libboyko_utils-73794c61b1a89869.rlib' --extern 'boyko_sdf_math=D:/wt/_targets/mq-8d656ad8\release\deps\libboyko_sdf_math-c4a5cfa67e797343.rlib' --extern 'criterion=D:/wt/_targets/mq-8d656ad8\release\deps\libcriterion-6ae2aa2ac07dc15d.rlib' --extern 'proptest=D:/wt/_targets/mq-8d656ad8\release\deps\libproptest-eacc32c94469f900.rlib' -C target-cpu=x86-64-v3`
     Running `C:\Users\flint\.rustup\toolchains\stable-x86_64-pc-windows-msvc\bin\rustc.exe --crate-name simd_end_to_end --edition=2024 'crates\boyko_physics\benches\simd_end_to_end.rs' --error-format=json --json=diagnostic-rendered-ansi,artifacts,future-incompat --emit=dep-info,link -C opt-level=3 -C embed-bitcode=no -C codegen-units=1 --warn=unexpected_cfgs '--allow=clippy::missing_const_for_thread_local' '--deny=clippy::disallowed_types' --check-cfg 'cfg(loom)' --check-cfg 'cfg(force_alloc_panic)' --cfg test --cfg 'feature="default"' --check-cfg 'cfg(docsrs,test)' --check-cfg 'cfg(feature, values("bench-alloc", "default"))' -C metadata=6cc17a5e442dd653 -C extra-filename=-d7fc21d05ea14449 --out-dir 'D:/wt/_targets/mq-8d656ad8\release\deps' -C strip=debuginfo -L 'dependency=D:/wt/_targets/mq-8d656ad8\release\deps' --extern 'boyko_ecs=D:/wt/_targets/mq-8d656ad8\release\deps\libboyko_ecs-79252f3ece4102bd.rlib' --extern 'boyko_log=D:/wt/_targets/mq-8d656ad8\release\deps\libboyko_log-4133e038e32a2ab2.rlib' --extern 'boyko_macros=D:/wt/_targets/mq-8d656ad8\release\deps\boyko_macros-4f4f609790ce3d2a.dll' --extern 'boyko_math=D:/wt/_targets/mq-8d656ad8\release\deps\libboyko_math-80103f60bc9d85e6.rlib' --extern 'boyko_physics=D:/wt/_targets/mq-8d656ad8\release\deps\libboyko_physics-a83d8b8d1e51707e.rlib' --extern 'boyko_scene=D:/wt/_targets/mq-8d656ad8\release\deps\libboyko_scene-d5634feb33468716.rlib' --extern 'boyko_threadpool=D:/wt/_targets/mq-8d656ad8\release\deps\libboyko_threadpool-e005ded63fe91c31.rlib' --extern 'boyko_utils=D:/wt/_targets/mq-8d656ad8\release\deps\libboyko_utils-73794c61b1a89869.rlib' --extern 'boyko_sdf_math=D:/wt/_targets/mq-8d656ad8\release\deps\libboyko_sdf_math-c4a5cfa67e797343.rlib' --extern 'criterion=D:/wt/_targets/mq-8d656ad8\release\deps\libcriterion-6ae2aa2ac07dc15d.rlib' --extern 'proptest=D:/wt/_targets/mq-8d656ad8\release\deps\libproptest-eacc32c94469f900.rlib' -C target-cpu=x86-64-v3`
     Running `C:\Users\flint\.rustup\toolchains\stable-x86_64-pc-windows-msvc\bin\rustc.exe --crate-name sdf_narrowphase_o9 --edition=2024 'crates\boyko_physics\benches\sdf_narrowphase_o9.rs' --error-format=json --json=diagnostic-rendered-ansi,artifacts,future-incompat --emit=dep-info,link -C opt-level=3 -C embed-bitcode=no -C codegen-units=1 --warn=unexpected_cfgs '--allow=clippy::missing_const_for_thread_local' '--deny=clippy::disallowed_types' --check-cfg 'cfg(loom)' --check-cfg 'cfg(force_alloc_panic)' --cfg test --cfg 'feature="default"' --check-cfg 'cfg(docsrs,test)' --check-cfg 'cfg(feature, values("bench-alloc", "default"))' -C metadata=351841d97559a450 -C extra-filename=-8d36ec4775a7d692 --out-dir 'D:/wt/_targets/mq-8d656ad8\release\deps' -C strip=debuginfo -L 'dependency=D:/wt/_targets/mq-8d656ad8\release\deps' --extern 'boyko_ecs=D:/wt/_targets/mq-8d656ad8\release\deps\libboyko_ecs-79252f3ece4102bd.rlib' --extern 'boyko_log=D:/wt/_targets/mq-8d656ad8\release\deps\libboyko_log-4133e038e32a2ab2.rlib' --extern 'boyko_macros=D:/wt/_targets/mq-8d656ad8\release\deps\boyko_macros-4f4f609790ce3d2a.dll' --extern 'boyko_math=D:/wt/_targets/mq-8d656ad8\release\deps\libboyko_math-80103f60bc9d85e6.rlib' --extern 'boyko_physics=D:/wt/_targets/mq-8d656ad8\release\deps\libboyko_physics-a83d8b8d1e51707e.rlib' --extern 'boyko_scene=D:/wt/_targets/mq-8d656ad8\release\deps\libboyko_scene-d5634feb33468716.rlib' --extern 'boyko_threadpool=D:/wt/_targets/mq-8d656ad8\release\deps\libboyko_threadpool-e005ded63fe91c31.rlib' --extern 'boyko_utils=D:/wt/_targets/mq-8d656ad8\release\deps\libboyko_utils-73794c61b1a89869.rlib' --extern 'boyko_sdf_math=D:/wt/_targets/mq-8d656ad8\release\deps\libboyko_sdf_math-c4a5cfa67e797343.rlib' --extern 'criterion=D:/wt/_targets/mq-8d656ad8\release\deps\libcriterion-6ae2aa2ac07dc15d.rlib' --extern 'proptest=D:/wt/_targets/mq-8d656ad8\release\deps\libproptest-eacc32c94469f900.rlib' -C target-cpu=x86-64-v3`
     Running `C:\Users\flint\.rustup\toolchains\stable-x86_64-pc-windows-msvc\bin\rustc.exe --crate-name soft_step_sp2 --edition=2024 'crates\boyko_physics\benches\soft_step_sp2.rs' --error-format=json --json=diagnostic-rendered-ansi,artifacts,future-incompat --emit=dep-info,link -C opt-level=3 -C embed-bitcode=no -C codegen-units=1 --warn=unexpected_cfgs '--allow=clippy::missing_const_for_thread_local' '--deny=clippy::disallowed_types' --check-cfg 'cfg(loom)' --check-cfg 'cfg(force_alloc_panic)' --cfg test --cfg 'feature="default"' --check-cfg 'cfg(docsrs,test)' --check-cfg 'cfg(feature, values("bench-alloc", "default"))' -C metadata=7021c43bdd22ea96 -C extra-filename=-5eb4eb9741068bd6 --out-dir 'D:/wt/_targets/mq-8d656ad8\release\deps' -C strip=debuginfo -L 'dependency=D:/wt/_targets/mq-8d656ad8\release\deps' --extern 'boyko_ecs=D:/wt/_targets/mq-8d656ad8\release\deps\libboyko_ecs-79252f3ece4102bd.rlib' --extern 'boyko_log=D:/wt/_targets/mq-8d656ad8\release\deps\libboyko_log-4133e038e32a2ab2.rlib' --extern 'boyko_macros=D:/wt/_targets/mq-8d656ad8\release\deps\boyko_macros-4f4f609790ce3d2a.dll' --extern 'boyko_math=D:/wt/_targets/mq-8d656ad8\release\deps\libboyko_math-80103f60bc9d85e6.rlib' --extern 'boyko_physics=D:/wt/_targets/mq-8d656ad8\release\deps\libboyko_physics-a83d8b8d1e51707e.rlib' --extern 'boyko_scene=D:/wt/_targets/mq-8d656ad8\release\deps\libboyko_scene-d5634feb33468716.rlib' --extern 'boyko_threadpool=D:/wt/_targets/mq-8d656ad8\release\deps\libboyko_threadpool-e005ded63fe91c31.rlib' --extern 'boyko_utils=D:/wt/_targets/mq-8d656ad8\release\deps\libboyko_utils-73794c61b1a89869.rlib' --extern 'boyko_sdf_math=D:/wt/_targets/mq-8d656ad8\release\deps\libboyko_sdf_math-c4a5cfa67e797343.rlib' --extern 'criterion=D:/wt/_targets/mq-8d656ad8\release\deps\libcriterion-6ae2aa2ac07dc15d.rlib' --extern 'proptest=D:/wt/_targets/mq-8d656ad8\release\deps\libproptest-eacc32c94469f900.rlib' -C target-cpu=x86-64-v3`
     Running `C:\Users\flint\.rustup\toolchains\stable-x86_64-pc-windows-msvc\bin\rustc.exe --crate-name soft_step --edition=2024 'crates\boyko_physics\benches\soft_step.rs' --error-format=json --json=diagnostic-rendered-ansi,artifacts,future-incompat --emit=dep-info,link -C opt-level=3 -C embed-bitcode=no -C codegen-units=1 --warn=unexpected_cfgs '--allow=clippy::missing_const_for_thread_local' '--deny=clippy::disallowed_types' --check-cfg 'cfg(loom)' --check-cfg 'cfg(force_alloc_panic)' --cfg test --cfg 'feature="default"' --check-cfg 'cfg(docsrs,test)' --check-cfg 'cfg(feature, values("bench-alloc", "default"))' -C metadata=f6647ed226077dda -C extra-filename=-3b3bfe481b9512ba --out-dir 'D:/wt/_targets/mq-8d656ad8\release\deps' -C strip=debuginfo -L 'dependency=D:/wt/_targets/mq-8d656ad8\release\deps' --extern 'boyko_ecs=D:/wt/_targets/mq-8d656ad8\release\deps\libboyko_ecs-79252f3ece4102bd.rlib' --extern 'boyko_log=D:/wt/_targets/mq-8d656ad8\release\deps\libboyko_log-4133e038e32a2ab2.rlib' --extern 'boyko_macros=D:/wt/_targets/mq-8d656ad8\release\deps\boyko_macros-4f4f609790ce3d2a.dll' --extern 'boyko_math=D:/wt/_targets/mq-8d656ad8\release\deps\libboyko_math-80103f60bc9d85e6.rlib' --extern 'boyko_physics=D:/wt/_targets/mq-8d656ad8\release\deps\libboyko_physics-a83d8b8d1e51707e.rlib' --extern 'boyko_scene=D:/wt/_targets/mq-8d656ad8\release\deps\libboyko_scene-d5634feb33468716.rlib' --extern 'boyko_threadpool=D:/wt/_targets/mq-8d656ad8\release\deps\libboyko_threadpool-e005ded63fe91c31.rlib' --extern 'boyko_utils=D:/wt/_targets/mq-8d656ad8\release\deps\libboyko_utils-73794c61b1a89869.rlib' --extern 'boyko_sdf_math=D:/wt/_targets/mq-8d656ad8\release\deps\libboyko_sdf_math-c4a5cfa67e797343.rlib' --extern 'criterion=D:/wt/_targets/mq-8d656ad8\release\deps\libcriterion-6ae2aa2ac07dc15d.rlib' --extern 'proptest=D:/wt/_targets/mq-8d656ad8\release\deps\libproptest-eacc32c94469f900.rlib' -C target-cpu=x86-64-v3`
     Running `C:\Users\flint\.rustup\toolchains\stable-x86_64-pc-windows-msvc\bin\rustc.exe --crate-name constraint_graph --edition=2024 'crates\boyko_physics\benches\constraint_graph.rs' --error-format=json --json=diagnostic-rendered-ansi,artifacts,future-incompat --emit=dep-info,link -C opt-level=3 -C embed-bitcode=no -C codegen-units=1 --warn=unexpected_cfgs '--allow=clippy::missing_const_for_thread_local' '--deny=clippy::disallowed_types' --check-cfg 'cfg(loom)' --check-cfg 'cfg(force_alloc_panic)' --cfg test --cfg 'feature="default"' --check-cfg 'cfg(docsrs,test)' --check-cfg 'cfg(feature, values("bench-alloc", "default"))' -C metadata=45ad3b69fec31f67 -C extra-filename=-c9582773768d9fba --out-dir 'D:/wt/_targets/mq-8d656ad8\release\deps' -C strip=debuginfo -L 'dependency=D:/wt/_targets/mq-8d656ad8\release\deps' --extern 'boyko_ecs=D:/wt/_targets/mq-8d656ad8\release\deps\libboyko_ecs-79252f3ece4102bd.rlib' --extern 'boyko_log=D:/wt/_targets/mq-8d656ad8\release\deps\libboyko_log-4133e038e32a2ab2.rlib' --extern 'boyko_macros=D:/wt/_targets/mq-8d656ad8\release\deps\boyko_macros-4f4f609790ce3d2a.dll' --extern 'boyko_math=D:/wt/_targets/mq-8d656ad8\release\deps\libboyko_math-80103f60bc9d85e6.rlib' --extern 'boyko_physics=D:/wt/_targets/mq-8d656ad8\release\deps\libboyko_physics-a83d8b8d1e51707e.rlib' --extern 'boyko_scene=D:/wt/_targets/mq-8d656ad8\release\deps\libboyko_scene-d5634feb33468716.rlib' --extern 'boyko_threadpool=D:/wt/_targets/mq-8d656ad8\release\deps\libboyko_threadpool-e005ded63fe91c31.rlib' --extern 'boyko_utils=D:/wt/_targets/mq-8d656ad8\release\deps\libboyko_utils-73794c61b1a89869.rlib' --extern 'boyko_sdf_math=D:/wt/_targets/mq-8d656ad8\release\deps\libboyko_sdf_math-c4a5cfa67e797343.rlib' --extern 'criterion=D:/wt/_targets/mq-8d656ad8\release\deps\libcriterion-6ae2aa2ac07dc15d.rlib' --extern 'proptest=D:/wt/_targets/mq-8d656ad8\release\deps\libproptest-eacc32c94469f900.rlib' -C target-cpu=x86-64-v3`
     Running `C:\Users\flint\.rustup\toolchains\stable-x86_64-pc-windows-msvc\bin\rustc.exe --crate-name boyko_physics --edition=2024 'crates\boyko_physics\src\lib.rs' --error-format=json --json=diagnostic-rendered-ansi,artifacts,future-incompat --emit=dep-info,link -C opt-level=3 -C embed-bitcode=no -C codegen-units=1 --warn=unexpected_cfgs '--allow=clippy::missing_const_for_thread_local' '--deny=clippy::disallowed_types' --check-cfg 'cfg(loom)' --check-cfg 'cfg(force_alloc_panic)' --test --cfg 'feature="default"' --check-cfg 'cfg(docsrs,test)' --check-cfg 'cfg(feature, values("bench-alloc", "default"))' -C metadata=69a6bdbdb29df82f -C extra-filename=-bdcd30a612d65b85 --out-dir 'D:/wt/_targets/mq-8d656ad8\release\deps' -C strip=debuginfo -L 'dependency=D:/wt/_targets/mq-8d656ad8\release\deps' --extern 'boyko_ecs=D:/wt/_targets/mq-8d656ad8\release\deps\libboyko_ecs-79252f3ece4102bd.rlib' --extern 'boyko_log=D:/wt/_targets/mq-8d656ad8\release\deps\libboyko_log-4133e038e32a2ab2.rlib' --extern 'boyko_macros=D:/wt/_targets/mq-8d656ad8\release\deps\boyko_macros-4f4f609790ce3d2a.dll' --extern 'boyko_math=D:/wt/_targets/mq-8d656ad8\release\deps\libboyko_math-80103f60bc9d85e6.rlib' --extern 'boyko_scene=D:/wt/_targets/mq-8d656ad8\release\deps\libboyko_scene-d5634feb33468716.rlib' --extern 'boyko_threadpool=D:/wt/_targets/mq-8d656ad8\release\deps\libboyko_threadpool-e005ded63fe91c31.rlib' --extern 'boyko_utils=D:/wt/_targets/mq-8d656ad8\release\deps\libboyko_utils-73794c61b1a89869.rlib' --extern 'boyko_sdf_math=D:/wt/_targets/mq-8d656ad8\release\deps\libboyko_sdf_math-c4a5cfa67e797343.rlib' --extern 'criterion=D:/wt/_targets/mq-8d656ad8\release\deps\libcriterion-6ae2aa2ac07dc15d.rlib' --extern 'proptest=D:/wt/_targets/mq-8d656ad8\release\deps\libproptest-eacc32c94469f900.rlib' -C target-cpu=x86-64-v3`
     Running `C:\Users\flint\.rustup\toolchains\stable-x86_64-pc-windows-msvc\bin\rustc.exe --crate-name simd_o1 --edition=2024 'crates\boyko_physics\benches\simd_o1.rs' --error-format=json --json=diagnostic-rendered-ansi,artifacts,future-incompat --emit=dep-info,link -C opt-level=3 -C embed-bitcode=no -C codegen-units=1 --warn=unexpected_cfgs '--allow=clippy::missing_const_for_thread_local' '--deny=clippy::disallowed_types' --check-cfg 'cfg(loom)' --check-cfg 'cfg(force_alloc_panic)' --cfg test --cfg 'feature="default"' --check-cfg 'cfg(docsrs,test)' --check-cfg 'cfg(feature, values("bench-alloc", "default"))' -C metadata=9835edd8a2f03dc1 -C extra-filename=-47284bdc1086f8f8 --out-dir 'D:/wt/_targets/mq-8d656ad8\release\deps' -C strip=debuginfo -L 'dependency=D:/wt/_targets/mq-8d656ad8\release\deps' --extern 'boyko_ecs=D:/wt/_targets/mq-8d656ad8\release\deps\libboyko_ecs-79252f3ece4102bd.rlib' --extern 'boyko_log=D:/wt/_targets/mq-8d656ad8\release\deps\libboyko_log-4133e038e32a2ab2.rlib' --extern 'boyko_macros=D:/wt/_targets/mq-8d656ad8\release\deps\boyko_macros-4f4f609790ce3d2a.dll' --extern 'boyko_math=D:/wt/_targets/mq-8d656ad8\release\deps\libboyko_math-80103f60bc9d85e6.rlib' --extern 'boyko_physics=D:/wt/_targets/mq-8d656ad8\release\deps\libboyko_physics-a83d8b8d1e51707e.rlib' --extern 'boyko_scene=D:/wt/_targets/mq-8d656ad8\release\deps\libboyko_scene-d5634feb33468716.rlib' --extern 'boyko_threadpool=D:/wt/_targets/mq-8d656ad8\release\deps\libboyko_threadpool-e005ded63fe91c31.rlib' --extern 'boyko_utils=D:/wt/_targets/mq-8d656ad8\release\deps\libboyko_utils-73794c61b1a89869.rlib' --extern 'boyko_sdf_math=D:/wt/_targets/mq-8d656ad8\release\deps\libboyko_sdf_math-c4a5cfa67e797343.rlib' --extern 'criterion=D:/wt/_targets/mq-8d656ad8\release\deps\libcriterion-6ae2aa2ac07dc15d.rlib' --extern 'proptest=D:/wt/_targets/mq-8d656ad8\release\deps\libproptest-eacc32c94469f900.rlib' -C target-cpu=x86-64-v3`
     Running `C:\Users\flint\.rustup\toolchains\stable-x86_64-pc-windows-msvc\bin\rustc.exe --crate-name ke16_solve_in_system --edition=2024 'crates\boyko_physics\benches\ke16_solve_in_system.rs' --error-format=json --json=diagnostic-rendered-ansi,artifacts,future-incompat --emit=dep-info,link -C opt-level=3 -C embed-bitcode=no -C codegen-units=1 --warn=unexpected_cfgs '--allow=clippy::missing_const_for_thread_local' '--deny=clippy::disallowed_types' --check-cfg 'cfg(loom)' --check-cfg 'cfg(force_alloc_panic)' --cfg test --cfg 'feature="default"' --check-cfg 'cfg(docsrs,test)' --check-cfg 'cfg(feature, values("bench-alloc", "default"))' -C metadata=1b6bc9a077dff927 -C extra-filename=-33979d2904225237 --out-dir 'D:/wt/_targets/mq-8d656ad8\release\deps' -C strip=debuginfo -L 'dependency=D:/wt/_targets/mq-8d656ad8\release\deps' --extern 'boyko_ecs=D:/wt/_targets/mq-8d656ad8\release\deps\libboyko_ecs-79252f3ece4102bd.rlib' --extern 'boyko_log=D:/wt/_targets/mq-8d656ad8\release\deps\libboyko_log-4133e038e32a2ab2.rlib' --extern 'boyko_macros=D:/wt/_targets/mq-8d656ad8\release\deps\boyko_macros-4f4f609790ce3d2a.dll' --extern 'boyko_math=D:/wt/_targets/mq-8d656ad8\release\deps\libboyko_math-80103f60bc9d85e6.rlib' --extern 'boyko_physics=D:/wt/_targets/mq-8d656ad8\release\deps\libboyko_physics-a83d8b8d1e51707e.rlib' --extern 'boyko_scene=D:/wt/_targets/mq-8d656ad8\release\deps\libboyko_scene-d5634feb33468716.rlib' --extern 'boyko_threadpool=D:/wt/_targets/mq-8d656ad8\release\deps\libboyko_threadpool-e005ded63fe91c31.rlib' --extern 'boyko_utils=D:/wt/_targets/mq-8d656ad8\release\deps\libboyko_utils-73794c61b1a89869.rlib' --extern 'boyko_sdf_math=D:/wt/_targets/mq-8d656ad8\release\deps\libboyko_sdf_math-c4a5cfa67e797343.rlib' --extern 'criterion=D:/wt/_targets/mq-8d656ad8\release\deps\libcriterion-6ae2aa2ac07dc15d.rlib' --extern 'proptest=D:/wt/_targets/mq-8d656ad8\release\deps\libproptest-eacc32c94469f900.rlib' -C target-cpu=x86-64-v3`
     Running `C:\Users\flint\.rustup\toolchains\stable-x86_64-pc-windows-msvc\bin\rustc.exe --crate-name row_identity_churn --edition=2024 'crates\boyko_physics\benches\row_identity_churn.rs' --error-format=json --json=diagnostic-rendered-ansi,artifacts,future-incompat --emit=dep-info,link -C opt-level=3 -C embed-bitcode=no -C codegen-units=1 --warn=unexpected_cfgs '--allow=clippy::missing_const_for_thread_local' '--deny=clippy::disallowed_types' --check-cfg 'cfg(loom)' --check-cfg 'cfg(force_alloc_panic)' --cfg test --cfg 'feature="default"' --check-cfg 'cfg(docsrs,test)' --check-cfg 'cfg(feature, values("bench-alloc", "default"))' -C metadata=6cc2f12b50c3dc92 -C extra-filename=-a5d5ed5921338d69 --out-dir 'D:/wt/_targets/mq-8d656ad8\release\deps' -C strip=debuginfo -L 'dependency=D:/wt/_targets/mq-8d656ad8\release\deps' --extern 'boyko_ecs=D:/wt/_targets/mq-8d656ad8\release\deps\libboyko_ecs-79252f3ece4102bd.rlib' --extern 'boyko_log=D:/wt/_targets/mq-8d656ad8\release\deps\libboyko_log-4133e038e32a2ab2.rlib' --extern 'boyko_macros=D:/wt/_targets/mq-8d656ad8\release\deps\boyko_macros-4f4f609790ce3d2a.dll' --extern 'boyko_math=D:/wt/_targets/mq-8d656ad8\release\deps\libboyko_math-80103f60bc9d85e6.rlib' --extern 'boyko_physics=D:/wt/_targets/mq-8d656ad8\release\deps\libboyko_physics-a83d8b8d1e51707e.rlib' --extern 'boyko_scene=D:/wt/_targets/mq-8d656ad8\release\deps\libboyko_scene-d5634feb33468716.rlib' --extern 'boyko_threadpool=D:/wt/_targets/mq-8d656ad8\release\deps\libboyko_threadpool-e005ded63fe91c31.rlib' --extern 'boyko_utils=D:/wt/_targets/mq-8d656ad8\release\deps\libboyko_utils-73794c61b1a89869.rlib' --extern 'boyko_sdf_math=D:/wt/_targets/mq-8d656ad8\release\deps\libboyko_sdf_math-c4a5cfa67e797343.rlib' --extern 'criterion=D:/wt/_targets/mq-8d656ad8\release\deps\libcriterion-6ae2aa2ac07dc15d.rlib' --extern 'proptest=D:/wt/_targets/mq-8d656ad8\release\deps\libproptest-eacc32c94469f900.rlib' -C target-cpu=x86-64-v3`
     Running `C:\Users\flint\.rustup\toolchains\stable-x86_64-pc-windows-msvc\bin\rustc.exe --crate-name broadphase --edition=2024 'crates\boyko_physics\benches\broadphase.rs' --error-format=json --json=diagnostic-rendered-ansi,artifacts,future-incompat --emit=dep-info,link -C opt-level=3 -C embed-bitcode=no -C codegen-units=1 --warn=unexpected_cfgs '--allow=clippy::missing_const_for_thread_local' '--deny=clippy::disallowed_types' --check-cfg 'cfg(loom)' --check-cfg 'cfg(force_alloc_panic)' --cfg test --cfg 'feature="default"' --check-cfg 'cfg(docsrs,test)' --check-cfg 'cfg(feature, values("bench-alloc", "default"))' -C metadata=edea685ae65d5456 -C extra-filename=-fed0a6b94a9647e1 --out-dir 'D:/wt/_targets/mq-8d656ad8\release\deps' -C strip=debuginfo -L 'dependency=D:/wt/_targets/mq-8d656ad8\release\deps' --extern 'boyko_ecs=D:/wt/_targets/mq-8d656ad8\release\deps\libboyko_ecs-79252f3ece4102bd.rlib' --extern 'boyko_log=D:/wt/_targets/mq-8d656ad8\release\deps\libboyko_log-4133e038e32a2ab2.rlib' --extern 'boyko_macros=D:/wt/_targets/mq-8d656ad8\release\deps\boyko_macros-4f4f609790ce3d2a.dll' --extern 'boyko_math=D:/wt/_targets/mq-8d656ad8\release\deps\libboyko_math-80103f60bc9d85e6.rlib' --extern 'boyko_physics=D:/wt/_targets/mq-8d656ad8\release\deps\libboyko_physics-a83d8b8d1e51707e.rlib' --extern 'boyko_scene=D:/wt/_targets/mq-8d656ad8\release\deps\libboyko_scene-d5634feb33468716.rlib' --extern 'boyko_threadpool=D:/wt/_targets/mq-8d656ad8\release\deps\libboyko_threadpool-e005ded63fe91c31.rlib' --extern 'boyko_utils=D:/wt/_targets/mq-8d656ad8\release\deps\libboyko_utils-73794c61b1a89869.rlib' --extern 'boyko_sdf_math=D:/wt/_targets/mq-8d656ad8\release\deps\libboyko_sdf_math-c4a5cfa67e797343.rlib' --extern 'criterion=D:/wt/_targets/mq-8d656ad8\release\deps\libcriterion-6ae2aa2ac07dc15d.rlib' --extern 'proptest=D:/wt/_targets/mq-8d656ad8\release\deps\libproptest-eacc32c94469f900.rlib' -C target-cpu=x86-64-v3`
     Running `C:\Users\flint\.rustup\toolchains\stable-x86_64-pc-windows-msvc\bin\rustc.exe --crate-name sleeping --edition=2024 'crates\boyko_physics\benches\sleeping.rs' --error-format=json --json=diagnostic-rendered-ansi,artifacts,future-incompat --emit=dep-info,link -C opt-level=3 -C embed-bitcode=no -C codegen-units=1 --warn=unexpected_cfgs '--allow=clippy::missing_const_for_thread_local' '--deny=clippy::disallowed_types' --check-cfg 'cfg(loom)' --check-cfg 'cfg(force_alloc_panic)' --cfg test --cfg 'feature="default"' --check-cfg 'cfg(docsrs,test)' --check-cfg 'cfg(feature, values("bench-alloc", "default"))' -C metadata=9bb62d21ad0a63f7 -C extra-filename=-2d2770d13867c5a0 --out-dir 'D:/wt/_targets/mq-8d656ad8\release\deps' -C strip=debuginfo -L 'dependency=D:/wt/_targets/mq-8d656ad8\release\deps' --extern 'boyko_ecs=D:/wt/_targets/mq-8d656ad8\release\deps\libboyko_ecs-79252f3ece4102bd.rlib' --extern 'boyko_log=D:/wt/_targets/mq-8d656ad8\release\deps\libboyko_log-4133e038e32a2ab2.rlib' --extern 'boyko_macros=D:/wt/_targets/mq-8d656ad8\release\deps\boyko_macros-4f4f609790ce3d2a.dll' --extern 'boyko_math=D:/wt/_targets/mq-8d656ad8\release\deps\libboyko_math-80103f60bc9d85e6.rlib' --extern 'boyko_physics=D:/wt/_targets/mq-8d656ad8\release\deps\libboyko_physics-a83d8b8d1e51707e.rlib' --extern 'boyko_scene=D:/wt/_targets/mq-8d656ad8\release\deps\libboyko_scene-d5634feb33468716.rlib' --extern 'boyko_threadpool=D:/wt/_targets/mq-8d656ad8\release\deps\libboyko_threadpool-e005ded63fe91c31.rlib' --extern 'boyko_utils=D:/wt/_targets/mq-8d656ad8\release\deps\libboyko_utils-73794c61b1a89869.rlib' --extern 'boyko_sdf_math=D:/wt/_targets/mq-8d656ad8\release\deps\libboyko_sdf_math-c4a5cfa67e797343.rlib' --extern 'criterion=D:/wt/_targets/mq-8d656ad8\release\deps\libcriterion-6ae2aa2ac07dc15d.rlib' --extern 'proptest=D:/wt/_targets/mq-8d656ad8\release\deps\libproptest-eacc32c94469f900.rlib' -C target-cpu=x86-64-v3`
     Running `C:\Users\flint\.rustup\toolchains\stable-x86_64-pc-windows-msvc\bin\rustc.exe --crate-name colored_solve --edition=2024 'crates\boyko_physics\benches\colored_solve.rs' --error-format=json --json=diagnostic-rendered-ansi,artifacts,future-incompat --emit=dep-info,link -C opt-level=3 -C embed-bitcode=no -C codegen-units=1 --warn=unexpected_cfgs '--allow=clippy::missing_const_for_thread_local' '--deny=clippy::disallowed_types' --check-cfg 'cfg(loom)' --check-cfg 'cfg(force_alloc_panic)' --cfg test --cfg 'feature="default"' --check-cfg 'cfg(docsrs,test)' --check-cfg 'cfg(feature, values("bench-alloc", "default"))' -C metadata=ad1d8513abd9b2e7 -C extra-filename=-38d7d059de69c246 --out-dir 'D:/wt/_targets/mq-8d656ad8\release\deps' -C strip=debuginfo -L 'dependency=D:/wt/_targets/mq-8d656ad8\release\deps' --extern 'boyko_ecs=D:/wt/_targets/mq-8d656ad8\release\deps\libboyko_ecs-79252f3ece4102bd.rlib' --extern 'boyko_log=D:/wt/_targets/mq-8d656ad8\release\deps\libboyko_log-4133e038e32a2ab2.rlib' --extern 'boyko_macros=D:/wt/_targets/mq-8d656ad8\release\deps\boyko_macros-4f4f609790ce3d2a.dll' --extern 'boyko_math=D:/wt/_targets/mq-8d656ad8\release\deps\libboyko_math-80103f60bc9d85e6.rlib' --extern 'boyko_physics=D:/wt/_targets/mq-8d656ad8\release\deps\libboyko_physics-a83d8b8d1e51707e.rlib' --extern 'boyko_scene=D:/wt/_targets/mq-8d656ad8\release\deps\libboyko_scene-d5634feb33468716.rlib' --extern 'boyko_threadpool=D:/wt/_targets/mq-8d656ad8\release\deps\libboyko_threadpool-e005ded63fe91c31.rlib' --extern 'boyko_utils=D:/wt/_targets/mq-8d656ad8\release\deps\libboyko_utils-73794c61b1a89869.rlib' --extern 'boyko_sdf_math=D:/wt/_targets/mq-8d656ad8\release\deps\libboyko_sdf_math-c4a5cfa67e797343.rlib' --extern 'criterion=D:/wt/_targets/mq-8d656ad8\release\deps\libcriterion-6ae2aa2ac07dc15d.rlib' --extern 'proptest=D:/wt/_targets/mq-8d656ad8\release\deps\libproptest-eacc32c94469f900.rlib' -C target-cpu=x86-64-v3`
    Finished `bench` profile [optimized] target(s) in 50.53s
  Executable `D:/wt/_targets/mq-8d656ad8\release\deps\boyko_physics-bdcd30a612d65b85.exe`
  Executable `D:/wt/_targets/mq-8d656ad8\release\deps\broadphase-fed0a6b94a9647e1.exe`
  Executable `D:/wt/_targets/mq-8d656ad8\release\deps\colored_solve-38d7d059de69c246.exe`
  Executable `D:/wt/_targets/mq-8d656ad8\release\deps\constraint_graph-c9582773768d9fba.exe`
  Executable `D:/wt/_targets/mq-8d656ad8\release\deps\jolt_parity_pyramid-43b10ef74d0e3f27.exe`
  Executable `D:/wt/_targets/mq-8d656ad8\release\deps\ke16_solve_in_system-33979d2904225237.exe`
  Executable `D:/wt/_targets/mq-8d656ad8\release\deps\parallel_solve-bda2f7d0f2e28716.exe`
  Executable `D:/wt/_targets/mq-8d656ad8\release\deps\row_identity_churn-a5d5ed5921338d69.exe`
  Executable `D:/wt/_targets/mq-8d656ad8\release\deps\sdf_narrowphase_o9-8d36ec4775a7d692.exe`
  Executable `D:/wt/_targets/mq-8d656ad8\release\deps\simd_end_to_end-d7fc21d05ea14449.exe`
  Executable `D:/wt/_targets/mq-8d656ad8\release\deps\simd_o1-47284bdc1086f8f8.exe`
  Executable `D:/wt/_targets/mq-8d656ad8\release\deps\sleeping-2d2770d13867c5a0.exe`
  Executable `D:/wt/_targets/mq-8d656ad8\release\deps\sleeping_pipeline-b79088505f0ef46b.exe`
  Executable `D:/wt/_targets/mq-8d656ad8\release\deps\soft_colored_sp4-f6f5ef257ef8b748.exe`
  Executable `D:/wt/_targets/mq-8d656ad8\release\deps\soft_step-3b3bfe481b9512ba.exe`
  Executable `D:/wt/_targets/mq-8d656ad8\release\deps\soft_step_sp2-5eb4eb9741068bd6.exe`
rc=0 secs=51
