    Blocking waiting for file lock on package cache
    Blocking waiting for file lock on package cache
    Blocking waiting for file lock on package cache
    Blocking waiting for file lock on shared package cache
   Compiling proc-macro2 v1.0.107
   Compiling unicode-ident v1.0.26
   Compiling quote v1.0.47
   Compiling crossbeam-utils v0.8.23
   Compiling cfg-if v1.0.5
   Compiling windows-link v0.2.1
   Compiling crossbeam-epoch v0.9.21
   Compiling crossbeam-deque v0.8.8
   Compiling zerocopy v0.8.57
   Compiling boyko-diag v0.1.0 (D:\wt\mq-d552be05\crates\boyko_diag)
   Compiling getrandom v0.3.4
   Compiling serde_core v1.0.229
   Compiling autocfg v1.5.1
   Compiling getrandom v0.4.3
   Compiling serde v1.0.229
   Compiling zmij v1.0.23
   Compiling windows-sys v0.61.2
   Compiling static_assertions v1.1.0
   Compiling once_cell v1.21.4
   Compiling boyko-utils v0.1.0 (D:\wt\mq-d552be05\crates\boyko_utils)
   Compiling either v1.18.0
   Compiling rayon-core v1.13.0
   Compiling serde_json v1.0.151
   Compiling num-traits v0.2.19
   Compiling fixedbitset v0.5.7
   Compiling regex-syntax v0.8.11
   Compiling clap_lex v1.1.1
   Compiling anstyle v1.0.14
   Compiling ciborium-io v0.2.2
   Compiling boyko-log v0.1.0 (D:\wt\mq-d552be05\crates\boyko_log)
   Compiling fastrand v2.5.0
   Compiling itoa v1.0.18
   Compiling crossbeam-queue v0.3.14
   Compiling rand_core v0.9.5
   Compiling plotters-backend v0.3.7
   Compiling memchr v2.8.3
   Compiling clap_builder v4.6.7
   Compiling itertools v0.10.5
   Compiling winapi-util v0.1.11
   Compiling tempfile v3.27.0
   Compiling plotters-svg v0.3.7
   Compiling same-file v1.0.6
   Compiling cast v0.3.0
   Compiling bit-vec v0.8.0
   Compiling syn v2.0.119
   Compiling syn v3.0.6
   Compiling boyko-threadpool v0.1.0 (D:\wt\mq-d552be05\crates\boyko_threadpool)
   Compiling quick-error v1.2.3
   Compiling boyko-math v0.1.0 (D:\wt\mq-d552be05\crates\boyko_math)
   Compiling wait-timeout v0.2.1
   Compiling fnv v1.0.7
   Compiling boyko_shaderdsl v0.1.0 (D:\wt\mq-d552be05\crates\boyko_shaderdsl)
   Compiling bit-set v0.8.0
   Compiling walkdir v2.5.0
   Compiling boyko-ecs v0.1.0 (D:\wt\mq-d552be05\crates\boyko_ecs)
   Compiling plotters v0.3.7
   Compiling rusty-fork v0.3.1
   Compiling rayon v1.12.0
   Compiling boyko_sdf_math v0.1.0 (D:\wt\mq-d552be05\crates\boyko_sdf_math)
   Compiling rand_xorshift v0.4.0
   Compiling rand v0.9.5
   Compiling is-terminal v0.4.17
   Compiling clap v4.6.7
   Compiling oorandom v11.1.5
   Compiling bitflags v2.13.2
   Compiling anes v0.1.6
   Compiling unarray v0.1.4
   Compiling regex-automata v0.4.18
   Compiling criterion-plot v0.5.0
   Compiling zerocopy-derive v0.8.57
   Compiling boyko-macros v0.1.0 (D:\wt\mq-d552be05\crates\boyko_macros)
   Compiling serde_derive v1.0.229
   Compiling regex v1.13.1
   Compiling tinytemplate v1.2.1
   Compiling boyko-input v0.1.0 (D:\wt\mq-d552be05\crates\boyko_input)
   Compiling half v2.7.1
   Compiling ppv-lite86 v0.2.21
   Compiling ciborium-ll v0.2.2
   Compiling boyko-scene v0.1.0 (D:\wt\mq-d552be05\crates\boyko_scene)
   Compiling rand_chacha v0.9.0
   Compiling ciborium v0.2.2
   Compiling proptest v1.11.0
   Compiling criterion v0.5.1
   Compiling boyko-physics v0.1.0 (D:\wt\mq-d552be05\crates\boyko_physics)
warning: unused variable: `pile`
   --> crates\boyko_physics\benches\sleeping_pipeline.rs:248:18
    |
248 | fn contact_wakes(pile: &Pile) -> u64 {
    |                  ^^^^ help: if this is intentional, prefix it with an underscore: `_pile`
    |
    = note: `#[warn(unused_variables)]` (part of `#[warn(unused)]`) on by default

warning: `boyko-physics` (bench "sleeping_pipeline") generated 1 warning (run `cargo fix --bench "sleeping_pipeline" -p boyko-physics` to apply 1 suggestion)
    Finished `release` profile [optimized] target(s) in 1m 14s
     Running benches\sleeping_pipeline.rs (D:/wt/_targets/mq-d552be05\release\deps\sleeping_pipeline-892ed66c006bb282.exe)
Gnuplot not found, using plotters backend
sleeping_pipeline/pyramid_frozen_sleeping_on: froze at step 61, manifolds 8555, islands 1
sleeping_pipeline/pyramid_frozen_sleeping_on: contact_wakes 0
Testing sleeping_pipeline/pyramid_sleeping_off
Success
Testing sleeping_pipeline/pyramid_awake_sleeping_on
Success
Testing sleeping_pipeline/pyramid_frozen_sleeping_on
Success

rc=0 secs=77
