### D:/wt/_targets/mq-d5782d43/release/deps/jolt_parity_pyramid-43b10ef74d0e3f27.exe
Gnuplot not found, using plotters backend
Testing jolt_parity_pyramid/full_step/1
Success
Testing jolt_parity_pyramid/full_step/2
Success
Testing jolt_parity_pyramid/full_step/4
Success
Testing jolt_parity_pyramid/full_step/8
Success
Testing jolt_parity_pyramid/full_step/16
Success

rc=0
### D:/wt/_targets/mq-d5782d43/release/deps/soft_step_sp2-5eb4eb9741068bd6.exe
Gnuplot not found, using plotters backend
Testing soft_step_sp2/project_volume/distance_only/64
Success
Testing soft_step_sp2/project_volume/with_tets/64
Success
Testing soft_step_sp2/project_volume/distance_only/216
Success
Testing soft_step_sp2/project_volume/with_tets/216
Success

Testing soft_step_sp2/coupled/64
Success
Testing soft_step_sp2/coupled/256
Success

rc=0
