    Blocking waiting for file lock on package cache
    Updating crates.io index
    Blocking waiting for file lock on package cache
     Locking 444 packages to latest Rust 1.98.1 compatible versions
      Adding bevy_ecs v0.18.1 (available: v0.19.1)
      Adding criterion v0.5.1 (available: v0.8.2)
      Adding eframe v0.34.3 (available: v0.36.2)
      Adding getrandom v0.3.4 (available: v0.4.3)
      Adding rand v0.9.5 (available: v0.10.2)
      Adding syn v2.0.119 (available: v3.0.6)
    Blocking waiting for file lock on package cache
    Blocking waiting for file lock on package cache
   Compiling proc-macro2 v1.0.107
   Compiling unicode-ident v1.0.26
   Compiling quote v1.0.47
   Compiling crossbeam-utils v0.8.23
   Compiling cfg-if v1.0.5
   Compiling windows-link v0.2.1
   Compiling crossbeam-epoch v0.9.21
   Compiling crossbeam-deque v0.8.8
   Compiling zerocopy v0.8.57
   Compiling boyko-diag v0.1.0 (D:\wt\mq-probe-8d656ad8\crates\boyko_diag)
   Compiling getrandom v0.3.4
   Compiling serde_core v1.0.229
   Compiling autocfg v1.5.1
   Compiling serde v1.0.229
   Compiling getrandom v0.4.3
   Compiling zmij v1.0.23
   Compiling serde_json v1.0.151
   Compiling windows-sys v0.61.2
   Compiling rayon-core v1.13.0
   Compiling boyko-utils v0.1.0 (D:\wt\mq-probe-8d656ad8\crates\boyko_utils)
   Compiling either v1.18.0
   Compiling num-traits v0.2.19
   Compiling regex-syntax v0.8.11
   Compiling fixedbitset v0.5.7
   Compiling once_cell v1.21.4
   Compiling static_assertions v1.1.0
   Compiling fastrand v2.5.0
   Compiling itoa v1.0.18
   Compiling rand_core v0.9.5
   Compiling clap_lex v1.1.1
   Compiling anstyle v1.0.14
   Compiling ciborium-io v0.2.2
   Compiling memchr v2.8.3
   Compiling boyko-log v0.1.0 (D:\wt\mq-probe-8d656ad8\crates\boyko_log)
   Compiling crossbeam-queue v0.3.14
   Compiling plotters-backend v0.3.7
   Compiling clap_builder v4.6.7
   Compiling itertools v0.10.5
   Compiling quick-error v1.2.3
   Compiling cast v0.3.0
   Compiling plotters-svg v0.3.7
   Compiling boyko_shaderdsl v0.1.0 (D:\wt\mq-probe-8d656ad8\crates\boyko_shaderdsl)
   Compiling fnv v1.0.7
   Compiling boyko-math v0.1.0 (D:\wt\mq-probe-8d656ad8\crates\boyko_math)
   Compiling syn v2.0.119
   Compiling syn v3.0.6
   Compiling winapi-util v0.1.11
   Compiling tempfile v3.27.0
   Compiling wait-timeout v0.2.1
   Compiling bit-vec v0.8.0
   Compiling same-file v1.0.6
   Compiling rusty-fork v0.3.1
   Compiling walkdir v2.5.0
   Compiling bit-set v0.8.0
   Compiling plotters v0.3.7
   Compiling is-terminal v0.4.17
   Compiling rayon v1.12.0
   Compiling rand v0.9.5
   Compiling rand_xorshift v0.4.0
   Compiling oorandom v11.1.5
   Compiling unarray v0.1.4
   Compiling anes v0.1.6
   Compiling boyko-threadpool v0.1.0 (D:\wt\mq-probe-8d656ad8\crates\boyko_threadpool)
   Compiling bitflags v2.13.2
   Compiling boyko-ecs v0.1.0 (D:\wt\mq-probe-8d656ad8\crates\boyko_ecs)
   Compiling boyko_sdf_math v0.1.0 (D:\wt\mq-probe-8d656ad8\crates\boyko_sdf_math)
   Compiling criterion-plot v0.5.0
   Compiling serde_derive v1.0.229
   Compiling clap v4.6.7
   Compiling regex-automata v0.4.18
   Compiling zerocopy-derive v0.8.57
   Compiling boyko-macros v0.1.0 (D:\wt\mq-probe-8d656ad8\crates\boyko_macros)
   Compiling regex v1.13.1
   Compiling tinytemplate v1.2.1
   Compiling half v2.7.1
   Compiling ppv-lite86 v0.2.21
   Compiling ciborium-ll v0.2.2
   Compiling rand_chacha v0.9.0
   Compiling ciborium v0.2.2
   Compiling proptest v1.11.0
   Compiling criterion v0.5.1
   Compiling boyko-input v0.1.0 (D:\wt\mq-probe-8d656ad8\crates\boyko_input)
   Compiling boyko-scene v0.1.0 (D:\wt\mq-probe-8d656ad8\crates\boyko_scene)
   Compiling boyko-physics v0.1.0 (D:\wt\mq-probe-8d656ad8\crates\boyko_physics)
warning: unused import: `criterion_main`
  --> crates\boyko_physics\benches\jolt_parity_pyramid.rs:70:69
   |
70 | use criterion::{BenchmarkId, Criterion, black_box, criterion_group, criterion_main};
   |                                                                     ^^^^^^^^^^^^^^
   |
   = note: `#[warn(unused_imports)]` (part of `#[warn(unused)]`) on by default

warning: unused import: `criterion_main`
  --> crates\boyko_physics\benches\sleeping_pipeline.rs:62:72
   |
62 | use criterion::{BenchmarkGroup, Criterion, black_box, criterion_group, criterion_main};
   |                                                                        ^^^^^^^^^^^^^^
   |
   = note: `#[warn(unused_imports)]` (part of `#[warn(unused)]`) on by default

warning: `boyko-physics` (bench "jolt_parity_pyramid") generated 1 warning (run `cargo fix --bench "jolt_parity_pyramid" -p boyko-physics` to apply 1 suggestion)
warning: `boyko-physics` (bench "sleeping_pipeline") generated 1 warning (run `cargo fix --bench "sleeping_pipeline" -p boyko-physics` to apply 1 suggestion)
    Finished `bench` profile [optimized] target(s) in 1m 08s
rc=0
