2026-09-28T15:44:37.901+03:00 === gate8b rows start
2026-09-28T15:44:40.814+03:00 row S4-JT                  parent W1  exit 0 pose 0x30c5438bc6ad9ffa expect match void 0 kd 0 setup None/None frozen None PASS
2026-09-28T15:44:42.865+03:00 row S4-JT                  parent W2  exit 0 pose 0x30c5438bc6ad9ffa expect match void 0 kd 0 setup None/None frozen None PASS
2026-09-28T15:44:44.430+03:00 row S4-JT                  parent W4  exit 0 pose 0x30c5438bc6ad9ffa expect match void 0 kd 0 setup None/None frozen None PASS
2026-09-28T15:44:45.818+03:00 row S4-JT                  parent W8  exit 0 pose 0x30c5438bc6ad9ffa expect match void 0 kd 0 setup None/None frozen None PASS
2026-09-28T15:44:47.416+03:00 row S4-JT                  parent W16 exit 0 pose 0x30c5438bc6ad9ffa expect match void 0 kd 0 setup None/None frozen None PASS
2026-09-28T15:44:50.170+03:00 row S4-JT                  tip    W1  exit 0 pose 0x30c5438bc6ad9ffa expect match void 0 kd 0 setup None/None frozen None PASS
2026-09-28T15:44:52.017+03:00 row S4-JT                  tip    W2  exit 0 pose 0x30c5438bc6ad9ffa expect match void 0 kd 0 setup None/None frozen None PASS
2026-09-28T15:44:53.335+03:00 row S4-JT                  tip    W4  exit 0 pose 0x30c5438bc6ad9ffa expect match void 0 kd 0 setup None/None frozen None PASS
2026-09-28T15:44:54.490+03:00 row S4-JT                  tip    W8  exit 0 pose 0x30c5438bc6ad9ffa expect match void 0 kd 0 setup None/None frozen None PASS
2026-09-28T15:44:55.853+03:00 row S4-JT                  tip    W16 exit 0 pose 0x30c5438bc6ad9ffa expect match void 0 kd 0 setup None/None frozen None PASS
2026-09-28T15:44:57.307+03:00 row S4-JT-a                parent W8  exit 0 pose 0x30c5438bc6ad9ffa expect match void 0 kd 0 setup 0/0 frozen None PASS
2026-09-28T15:44:59.164+03:00 row S4-JT-a                parent W16 exit 0 pose 0x30c5438bc6ad9ffa expect match void 0 kd 0 setup 0/0 frozen None PASS
2026-09-28T15:45:00.559+03:00 row S4-JT-a                tip    W8  exit 0 pose 0x30c5438bc6ad9ffa expect match void 0 kd 0 setup 500/15980 frozen None PASS
2026-09-28T15:45:01.999+03:00 row S4-JT-a                tip    W16 exit 0 pose 0x30c5438bc6ad9ffa expect match void 0 kd 0 setup 500/15980 frozen None PASS
2026-09-28T15:45:03.179+03:00 row S4-rung                tip    W8  exit 0 pose 0x30c5438bc6ad9ffa expect match void 0 kd 0 setup None/None frozen None PASS
2026-09-28T15:45:04.469+03:00 row S4-zone-N30000         tip    W8  exit 0 pose 0x30c5438bc6ad9ffa expect match void 0 kd 0 setup 500/15980 frozen None PASS
2026-09-28T15:45:05.856+03:00 row S4-zone-N60000         tip    W8  exit 0 pose 0x30c5438bc6ad9ffa expect match void 0 kd 0 setup 500/15980 frozen None PASS
2026-09-28T15:45:08.864+03:00 row SPLIT-J-T              parent W1  exit 0 pose 0x30c5438bc6ad9ffa expect match void 0 kd 0 setup None/None frozen None PASS
2026-09-28T15:45:10.307+03:00 row SPLIT-J-T              parent W8  exit 0 pose 0x30c5438bc6ad9ffa expect match void 0 kd 0 setup None/None frozen None PASS
2026-09-28T15:45:11.748+03:00 row SPLIT-J-T              parent W16 exit 0 pose 0x30c5438bc6ad9ffa expect match void 0 kd 0 setup None/None frozen None PASS
2026-09-28T15:45:14.532+03:00 row SPLIT-J-T-a            parent W1  exit 0 pose 0x30c5438bc6ad9ffa expect match void 0 kd 0 setup 0/0 frozen None PASS
2026-09-28T15:45:16.072+03:00 row SPLIT-J-T-a            parent W8  exit 0 pose 0x30c5438bc6ad9ffa expect match void 0 kd 0 setup 0/0 frozen None PASS
2026-09-28T15:45:17.796+03:00 row SPLIT-J-T-a            parent W16 exit 0 pose 0x30c5438bc6ad9ffa expect match void 0 kd 0 setup 0/0 frozen None PASS
2026-09-28T15:45:20.821+03:00 row F3-TD-armed-leaflist   tip    W1  exit 0 pose 0x30c5438bc6ad9ffa expect match void 0 kd 0 setup 0/0 frozen None PASS
2026-09-28T15:45:22.094+03:00 row F3-TD-armed-leaflist   tip    W8  exit 0 pose 0x30c5438bc6ad9ffa expect match void 0 kd 0 setup 500/15980 frozen None PASS
2026-09-28T15:45:24.947+03:00 row F3-TD-armed-kd         tip    W1  exit 0 pose 0x30c5438bc6ad9ffa expect match void 0 kd 500 setup 0/0 frozen None PASS
2026-09-28T15:45:26.285+03:00 row F3-TD-armed-kd         tip    W8  exit 0 pose 0x30c5438bc6ad9ffa expect match void 0 kd 500 setup 500/15980 frozen None PASS
2026-09-28T15:45:34.166+03:00 row F3-TA-armed-leaflist   tip    W1  exit 0 pose 0x30c5438bc6ad9ffa expect match void 0 kd 0 setup 0/0 frozen None PASS
2026-09-28T15:45:42.500+03:00 row F3-TA-armed-kd         tip    W1  exit 0 pose 0x30c5438bc6ad9ffa expect match void 0 kd 500 setup 0/0 frozen None PASS
2026-09-28T15:45:47.103+03:00 row F3-TR-armed            tip    W1  exit 0 pose 0x30c5438bc6ad9ffa expect match void 0 kd 0 setup 0/0 frozen None PASS
2026-09-28T15:45:51.923+03:00 row F3-JT-leaflist         tip    W1  exit 0 pose 0x30c5438bc6ad9ffa expect match void 0 kd 0 setup None/None frozen None PASS
2026-09-28T15:45:54.824+03:00 row F3-JT-leaflist         tip    W2  exit 0 pose 0x30c5438bc6ad9ffa expect match void 0 kd 0 setup None/None frozen None PASS
2026-09-28T15:45:57.922+03:00 row F3-JT-leaflist         tip    W4  exit 0 pose 0x30c5438bc6ad9ffa expect match void 0 kd 0 setup None/None frozen None PASS
2026-09-28T15:46:00.196+03:00 row F3-JT-leaflist         tip    W8  exit 0 pose 0x30c5438bc6ad9ffa expect match void 0 kd 0 setup None/None frozen None PASS
2026-09-28T15:46:02.123+03:00 row F3-JT-leaflist         tip    W16 exit 0 pose 0x30c5438bc6ad9ffa expect match void 0 kd 0 setup None/None frozen None PASS
2026-09-28T15:46:07.367+03:00 row F3-JT-kd               tip    W1  exit 0 pose 0x30c5438bc6ad9ffa expect match void 0 kd 500 setup None/None frozen None PASS
2026-09-28T15:46:10.582+03:00 row F3-JT-kd               tip    W2  exit 0 pose 0x30c5438bc6ad9ffa expect match void 0 kd 500 setup None/None frozen None PASS
2026-09-28T15:46:13.197+03:00 row F3-JT-kd               tip    W4  exit 0 pose 0x30c5438bc6ad9ffa expect match void 0 kd 500 setup None/None frozen None PASS
2026-09-28T15:46:15.621+03:00 row F3-JT-kd               tip    W8  exit 0 pose 0x30c5438bc6ad9ffa expect match void 0 kd 500 setup None/None frozen None PASS
2026-09-28T15:46:17.939+03:00 row F3-JT-kd               tip    W16 exit 0 pose 0x30c5438bc6ad9ffa expect match void 0 kd 500 setup None/None frozen None PASS
2026-09-28T15:46:26.025+03:00 row F3-RT-leaflist         tip    W1  exit 0 pose 0x6cbe24bf8fafda26 expect match void 0 kd 0 setup None/None frozen None PASS
2026-09-28T15:46:30.469+03:00 row F3-RT-leaflist         tip    W2  exit 0 pose 0x6cbe24bf8fafda26 expect match void 0 kd 0 setup None/None frozen None PASS
2026-09-28T15:46:34.607+03:00 row F3-RT-leaflist         tip    W4  exit 0 pose 0x6cbe24bf8fafda26 expect match void 0 kd 0 setup None/None frozen None PASS
2026-09-28T15:46:39.623+03:00 row F3-RT-leaflist         tip    W8  exit 0 pose 0x6cbe24bf8fafda26 expect match void 0 kd 0 setup None/None frozen None PASS
2026-09-28T15:46:43.887+03:00 row F3-RT-leaflist         tip    W16 exit 0 pose 0x6cbe24bf8fafda26 expect match void 0 kd 0 setup None/None frozen None PASS
2026-09-28T15:46:50.353+03:00 row F3-RT-kd               tip    W1  exit 0 pose 0x6cbe24bf8fafda26 expect match void 0 kd 500 setup None/None frozen None PASS
2026-09-28T15:46:55.911+03:00 row F3-RT-kd               tip    W2  exit 0 pose 0x6cbe24bf8fafda26 expect match void 0 kd 500 setup None/None frozen None PASS
2026-09-28T15:47:01.656+03:00 row F3-RT-kd               tip    W4  exit 0 pose 0x6cbe24bf8fafda26 expect match void 0 kd 500 setup None/None frozen None PASS
2026-09-28T15:47:07.678+03:00 row F3-RT-kd               tip    W8  exit 0 pose 0x6cbe24bf8fafda26 expect match void 0 kd 500 setup None/None frozen None PASS
2026-09-28T15:47:12.941+03:00 row F3-RT-kd               tip    W16 exit 0 pose 0x6cbe24bf8fafda26 expect match void 0 kd 500 setup None/None frozen None PASS
2026-09-28T15:47:21.227+03:00 row JSonT                  tip    W1  exit 0 pose 0x3db47fae414b655c expect match void 0 kd 0 setup None/None frozen 274 PASS
2026-09-28T15:47:24.151+03:00 row JSonT                  tip    W8  exit 0 pose 0x3db47fae414b655c expect match void 0 kd 0 setup None/None frozen 274 PASS
2026-09-28T15:47:32.740+03:00 row JSonT-a                tip    W1  exit 0 pose 0x3db47fae414b655c expect match void 0 kd 0 setup 0/0 frozen 274 PASS
2026-09-28T15:47:35.464+03:00 row JSonT-a                tip    W8  exit 0 pose 0x3db47fae414b655c expect match void 0 kd 0 setup 273/8716 frozen 274 PASS
2026-09-28T15:47:47.908+03:00 row JSoffT                 tip    W1  exit 0 pose 0x30c5438bc6ad9ffa expect match void 0 kd 0 setup None/None frozen None PASS
2026-09-28T15:47:54.355+03:00 row JSoffT                 tip    W8  exit 0 pose 0x30c5438bc6ad9ffa expect match void 0 kd 0 setup None/None frozen None PASS
2026-09-28T15:48:08.403+03:00 row JSoffT-a               tip    W1  exit 0 pose 0x30c5438bc6ad9ffa expect match void 0 kd 0 setup 0/0 frozen None PASS
2026-09-28T15:48:15.074+03:00 row JSoffT-a               tip    W8  exit 0 pose 0x30c5438bc6ad9ffa expect match void 0 kd 0 setup 500/15980 frozen None PASS
2026-09-28T15:48:15.080+03:00 rows gate: 58 processes, 0 failing
2026-09-28T15:48:15.081+03:00 === gate8b rows end
