warning: use of deprecated method `std::sync::atomic::Atomic::<u64>::fetch_update`: renamed to `try_update` for consistency
   --> crates\boyko_diag\src\profiling_abi.rs:590:10
    |
590 |         .fetch_update(Ordering::Release, Ordering::Acquire, |live| {
    |          ^^^^^^^^^^^^
    |
    = note: `#[warn(deprecated)]` on by default
help: replace the use of the deprecated method
    |
590 -         .fetch_update(Ordering::Release, Ordering::Acquire, |live| {
590 +         .try_update(Ordering::Release, Ordering::Acquire, |live| {
    |

warning: `boyko-diag` (lib) generated 1 warning (run `cargo fix --lib -p boyko-diag` to apply 1 suggestion)
    Finished `test` profile [unoptimized + debuginfo] target(s) in 0.19s
     Running tests\tb_neg_m2w_block_reference.rs (D:/wt/_targets/ah-miri-gnu\miri\x86_64-pc-windows-gnu\debug\build\boyko-threadpool/e45c1411cd97d87f\out\tb_neg_m2w_block_reference-e45c1411cd97d87f.exe)
error: Undefined Behavior: deallocation through <181766> (root of the allocation) at alloc62579[0x38] is forbidden
 --> crates\boyko_threadpool\src\block.rs:341:16
 ::: crates\boyko_threadpool\src\block.rs:344:17
  |
  = note: Undefined Behavior occurred here
  |
  = help: this indicates a potential bug in the program: it performed an invalid operation, but the Tree Borrows rules it violated are still experimental
  = help: see https://github.com/rust-lang/unsafe-code-guidelines/blob/master/wip/tree-borrows.md for further information
  = help: the accessed tag <181766> (root of the allocation) is foreign to the protected tag <199523> (i.e., it is not a child)
  = help: this deallocation (acting as a foreign write access) would cause the protected tag <199523> (currently Frozen) to become Disabled
  = help: protected tags must never be Disabled
help: the accessed tag <181766> was created here
 --> crates\boyko_threadpool\src\block.rs:482:28
help: the protected tag <199523> was created here, in the initial state Frozen
 --> crates\boyko_threadpool\src\task\scoped.rs:303:17
  = note: this is on thread `a_protector_over_chunk_memory_held_across_the_release_is_caught_by_tree_borrows`
  = note: stack backtrace:
          0: boyko_threadpool::block::ScopeBlock::free_all
              at crates\boyko_threadpool\src\block.rs:341:17: 344:18
          1: <boyko_threadpool::Scope<'_> as std::ops::Drop>::drop
              at crates\boyko_threadpool\src\scope.rs:1470:18: 1470:39
          2: std::ptr::drop_glue::<boyko_threadpool::Scope<'_>> - shim(Some(boyko_threadpool::Scope<'_>))
              at C:\Users\flint\.rustup\toolchains\nightly-x86_64-pc-windows-gnu\lib\rustlib\src\rust\library\core\src\ptr\mod.rs:848:1: 850:25
          3: std::mem::drop::<boyko_threadpool::Scope<'_>>
              at C:\Users\flint\.rustup\toolchains\nightly-x86_64-pc-windows-gnu\lib\rustlib\src\rust\library\core\src\mem\mod.rs:1049:1: 1049:2
          4: boyko_threadpool::Scope::<'_>::join_after_body
              at crates\boyko_threadpool\src\scope.rs:1230:9: 1230:19
          5: boyko_threadpool::PoolInner::install::<'_, {closure@crates\boyko_threadpool\tests\tb_neg_m2w_block_reference.rs:287:26: 287:33}, ()>
              at crates\boyko_threadpool\src\thread_pool.rs:298:9: 298:32
          6: boyko_threadpool::ThreadPool::install::<'_, {closure@crates\boyko_threadpool\tests\tb_neg_m2w_block_reference.rs:287:26: 287:33}, ()>
              at crates\boyko_threadpool\src\thread_pool.rs:492:9: 492:30
          7: armed::drive
              at crates\boyko_threadpool\tests\tb_neg_m2w_block_reference.rs:287:13: 320:15
          8: a_protector_over_chunk_memory_held_across_the_release_is_caught_by_tree_borrows
              at crates\boyko_threadpool\tests\tb_neg_m2w_block_reference.rs:186:5: 186:19
          9: a_protector_over_chunk_memory_held_across_the_release_is_caught_by_tree_borrows::{closure#0}
              at crates\boyko_threadpool\tests\tb_neg_m2w_block_reference.rs:167:85: 167:85

note: some details are omitted, run with `MIRIFLAGS=-Zmiri-backtrace=full` for a verbose backtrace

error: aborting due to 1 previous error

error: test failed, to rerun pass `-p boyko-threadpool --test tb_neg_m2w_block_reference`

Caused by:
  process didn't exit successfully: `C:\Users\flint\.rustup\toolchains\nightly-x86_64-pc-windows-gnu\bin\cargo-miri.exe runner 'D:/wt/_targets/ah-miri-gnu\miri\x86_64-pc-windows-gnu\debug\build\boyko-threadpool/e45c1411cd97d87f\out\tb_neg_m2w_block_reference-e45c1411cd97d87f.exe' --include-ignored --nocapture` (exit code: 1)
