       Fresh unicode-ident v1.0.26
       Fresh cfg-if v1.0.5
       Fresh windows-link v0.2.1
       Fresh proc-macro2 v1.0.107
       Fresh windows-sys v0.61.2
       Fresh quote v1.0.47
       Fresh crossbeam-utils v0.8.23
       Fresh syn v2.0.119
       Fresh crossbeam-epoch v0.9.21
       Fresh crossbeam-deque v0.8.8
       Fresh zerocopy-derive v0.8.57
       Fresh boyko-diag v0.1.0 (D:\wt\mq-de06b6c9\crates\boyko_diag)
       Fresh autocfg v1.5.1
       Fresh zerocopy v0.8.57
       Fresh serde_core v1.0.229
       Fresh getrandom v0.3.4
       Fresh boyko-log v0.1.0 (D:\wt\mq-de06b6c9\crates\boyko_log)
       Fresh syn v3.0.6
       Fresh boyko-threadpool v0.1.0 (D:\wt\mq-de06b6c9\crates\boyko_threadpool)
       Fresh rand_core v0.9.5
       Fresh serde_derive v1.0.229
       Fresh crossbeam-queue v0.3.14
       Fresh fixedbitset v0.5.7
       Fresh regex-syntax v0.8.11
       Fresh boyko-utils v0.1.0 (D:\wt\mq-de06b6c9\crates\boyko_utils)
       Fresh once_cell v1.21.4
       Fresh either v1.18.0
       Fresh static_assertions v1.1.0
       Fresh boyko-ecs v0.1.0 (D:\wt\mq-de06b6c9\crates\boyko_ecs)
       Fresh serde v1.0.229
       Fresh getrandom v0.4.3
       Fresh num-traits v0.2.19
       Fresh zmij v1.0.23
       Fresh half v2.7.1
       Fresh boyko-macros v0.1.0 (D:\wt\mq-de06b6c9\crates\boyko_macros)
       Fresh winapi-util v0.1.11
       Fresh fastrand v2.5.0
       Fresh ciborium-io v0.2.2
       Fresh plotters-backend v0.3.7
       Fresh memchr v2.8.3
       Fresh anstyle v1.0.14
       Fresh itoa v1.0.18
       Fresh clap_lex v1.1.1
       Fresh plotters-svg v0.3.7
       Fresh ciborium-ll v0.2.2
       Fresh serde_json v1.0.151
       Fresh clap_builder v4.6.7
       Fresh tempfile v3.27.0
       Fresh same-file v1.0.6
       Fresh boyko-input v0.1.0 (D:\wt\mq-de06b6c9\crates\boyko_input)
       Fresh rayon-core v1.13.0
       Fresh itertools v0.10.5
       Fresh regex-automata v0.4.18
       Fresh ppv-lite86 v0.2.21
       Fresh quick-error v1.2.3
       Fresh boyko-math v0.1.0 (D:\wt\mq-de06b6c9\crates\boyko_math)
       Fresh cast v0.3.0
       Fresh wait-timeout v0.2.1
       Fresh fnv v1.0.7
       Fresh boyko_shaderdsl v0.1.0 (D:\wt\mq-de06b6c9\crates\boyko_shaderdsl)
       Fresh bit-vec v0.8.0
       Fresh boyko-scene v0.1.0 (D:\wt\mq-de06b6c9\crates\boyko_scene)
       Fresh boyko_sdf_math v0.1.0 (D:\wt\mq-de06b6c9\crates\boyko_sdf_math)
       Fresh rusty-fork v0.3.1
       Fresh bit-set v0.8.0
       Fresh criterion-plot v0.5.0
       Fresh rayon v1.12.0
       Fresh regex v1.13.1
       Fresh rand_chacha v0.9.0
       Fresh plotters v0.3.7
       Fresh ciborium v0.2.2
       Fresh walkdir v2.5.0
       Fresh tinytemplate v1.2.1
       Fresh clap v4.6.7
       Fresh rand_xorshift v0.4.0
       Fresh rand v0.9.5
       Fresh is-terminal v0.4.17
       Fresh bitflags v2.13.2
       Fresh unarray v0.1.4
       Fresh anes v0.1.6
       Fresh oorandom v11.1.5
       Fresh proptest v1.11.0
       Dirty boyko-physics v0.1.0 (D:\wt\mq-de06b6c9\crates\boyko_physics): the file `crates\boyko_physics\src\broadphase_tree\mod.rs` has changed (13434485774.085501000s, 3h 11m 30s after last build at 13434474284.306363200s)
   Compiling boyko-physics v0.1.0 (D:\wt\mq-de06b6c9\crates\boyko_physics)
       Fresh criterion v0.5.1
     Running `C:\Users\flint\.rustup\toolchains\stable-x86_64-pc-windows-msvc\bin\rustc.exe --crate-name boyko_physics --edition=2024 'crates\boyko_physics\src\lib.rs' --error-format=json --json=diagnostic-rendered-ansi,artifacts,future-incompat --crate-type lib --emit=dep-info,metadata,link -C opt-level=3 -C linker-plugin-lto --warn=unexpected_cfgs '--allow=clippy::missing_const_for_thread_local' '--deny=clippy::disallowed_types' --check-cfg 'cfg(loom)' --check-cfg 'cfg(force_alloc_panic)' --cfg 'feature="default"' --check-cfg 'cfg(docsrs,test)' --check-cfg 'cfg(feature, values("bench-alloc", "default"))' -C metadata=9674163f24e89183 -C extra-filename=-2184e3631982a128 --out-dir 'D:/wt/_targets/mq-de06b6c9\parity\deps' -C strip=debuginfo -L 'dependency=D:/wt/_targets/mq-de06b6c9\parity\deps' --extern 'boyko_diag=D:/wt/_targets/mq-de06b6c9\parity\deps\libboyko_diag-b560511677c8eafc.rmeta' --extern 'boyko_ecs=D:/wt/_targets/mq-de06b6c9\parity\deps\libboyko_ecs-2f70a22dd5086947.rmeta' --extern 'boyko_log=D:/wt/_targets/mq-de06b6c9\parity\deps\libboyko_log-64926abcbf6a9ab1.rmeta' --extern 'boyko_macros=D:/wt/_targets/mq-de06b6c9\parity\deps\boyko_macros-f880e435a2f5fc23.dll' --extern 'boyko_math=D:/wt/_targets/mq-de06b6c9\parity\deps\libboyko_math-691a90f099553bba.rmeta' --extern 'boyko_scene=D:/wt/_targets/mq-de06b6c9\parity\deps\libboyko_scene-91d6435ffacde3af.rmeta' --extern 'boyko_threadpool=D:/wt/_targets/mq-de06b6c9\parity\deps\libboyko_threadpool-cb2f82ea77d07ccb.rmeta' --extern 'boyko_utils=D:/wt/_targets/mq-de06b6c9\parity\deps\libboyko_utils-51889ff239bec636.rmeta' --extern 'boyko_sdf_math=D:/wt/_targets/mq-de06b6c9\parity\deps\libboyko_sdf_math-33c564606409eae8.rmeta' -C target-cpu=x86-64-v3`
     Running `C:\Users\flint\.rustup\toolchains\stable-x86_64-pc-windows-msvc\bin\rustc.exe --crate-name jolt_parity_pyramid --edition=2024 'crates\boyko_physics\benches\jolt_parity_pyramid.rs' --error-format=json --json=diagnostic-rendered-ansi,artifacts,future-incompat --emit=dep-info,link -C opt-level=3 -C lto=fat --warn=unexpected_cfgs '--allow=clippy::missing_const_for_thread_local' '--deny=clippy::disallowed_types' --check-cfg 'cfg(loom)' --check-cfg 'cfg(force_alloc_panic)' --cfg test --cfg 'feature="default"' --check-cfg 'cfg(docsrs,test)' --check-cfg 'cfg(feature, values("bench-alloc", "default"))' -C metadata=5e55c85f28a634dc -C extra-filename=-39550833a2ead4ba --out-dir 'D:/wt/_targets/mq-de06b6c9\parity\deps' -C strip=debuginfo -L 'dependency=D:/wt/_targets/mq-de06b6c9\parity\deps' --extern 'boyko_diag=D:/wt/_targets/mq-de06b6c9\parity\deps\libboyko_diag-b560511677c8eafc.rlib' --extern 'boyko_ecs=D:/wt/_targets/mq-de06b6c9\parity\deps\libboyko_ecs-2f70a22dd5086947.rlib' --extern 'boyko_log=D:/wt/_targets/mq-de06b6c9\parity\deps\libboyko_log-64926abcbf6a9ab1.rlib' --extern 'boyko_macros=D:/wt/_targets/mq-de06b6c9\parity\deps\boyko_macros-f880e435a2f5fc23.dll' --extern 'boyko_math=D:/wt/_targets/mq-de06b6c9\parity\deps\libboyko_math-691a90f099553bba.rlib' --extern 'boyko_physics=D:/wt/_targets/mq-de06b6c9\parity\deps\libboyko_physics-2184e3631982a128.rlib' --extern 'boyko_scene=D:/wt/_targets/mq-de06b6c9\parity\deps\libboyko_scene-91d6435ffacde3af.rlib' --extern 'boyko_threadpool=D:/wt/_targets/mq-de06b6c9\parity\deps\libboyko_threadpool-cb2f82ea77d07ccb.rlib' --extern 'boyko_utils=D:/wt/_targets/mq-de06b6c9\parity\deps\libboyko_utils-51889ff239bec636.rlib' --extern 'boyko_sdf_math=D:/wt/_targets/mq-de06b6c9\parity\deps\libboyko_sdf_math-33c564606409eae8.rlib' --extern 'criterion=D:/wt/_targets/mq-de06b6c9\parity\deps\libcriterion-1885c90c25850df0.rlib' --extern 'proptest=D:/wt/_targets/mq-de06b6c9\parity\deps\libproptest-6abc936ecf30eeea.rlib' -C target-cpu=x86-64-v3`
    Finished `parity` profile [optimized] target(s) in 17.02s
  Executable `D:/wt/_targets/mq-de06b6c9\parity\deps\jolt_parity_pyramid-39550833a2ead4ba.exe`
