2026-09-30T15:22:17.419+03:00 === gate9a rows start
2026-09-30T15:22:26.192+03:00 row C4-JA          parent W1  exit 0 pose 0x30c5438bc6ad9ffa expect match void 0 bp AllPairs brute 144 setup None/None canary None PASS
2026-09-30T15:22:29.555+03:00 row C4-JA          parent W8  exit 0 pose 0x30c5438bc6ad9ffa expect match void 0 bp AllPairs brute 144 setup None/None canary None PASS
2026-09-30T15:22:32.977+03:00 row C4-JA          parent W16 exit 0 pose 0x30c5438bc6ad9ffa expect match void 0 bp AllPairs brute 144 setup None/None canary None PASS
2026-09-30T15:22:42.666+03:00 row C4-JA          tip    W1  exit 0 pose 0x30c5438bc6ad9ffa expect match void 0 bp AllPairs brute 128 setup None/None canary None PASS
2026-09-30T15:22:46.209+03:00 row C4-JA          tip    W8  exit 0 pose 0x30c5438bc6ad9ffa expect match void 0 bp AllPairs brute 128 setup None/None canary None PASS
2026-09-30T15:22:50.031+03:00 row C4-JA          tip    W16 exit 0 pose 0x30c5438bc6ad9ffa expect match void 0 bp AllPairs brute 128 setup None/None canary None PASS
2026-09-30T15:22:53.014+03:00 row C4-JT          parent W1  exit 0 pose 0x30c5438bc6ad9ffa expect match void 0 bp Tree brute 144 setup None/None canary None PASS
2026-09-30T15:22:54.298+03:00 row C4-JT          parent W8  exit 0 pose 0x30c5438bc6ad9ffa expect match void 0 bp Tree brute 144 setup None/None canary None PASS
2026-09-30T15:22:55.688+03:00 row C4-JT          parent W16 exit 0 pose 0x30c5438bc6ad9ffa expect match void 0 bp Tree brute 144 setup None/None canary None PASS
2026-09-30T15:22:58.518+03:00 row C4-JT          tip    W1  exit 0 pose 0x30c5438bc6ad9ffa expect match void 0 bp Tree brute 128 setup None/None canary None PASS
2026-09-30T15:22:59.840+03:00 row C4-JT          tip    W8  exit 0 pose 0x30c5438bc6ad9ffa expect match void 0 bp Tree brute 128 setup None/None canary None PASS
2026-09-30T15:23:01.433+03:00 row C4-JT          tip    W16 exit 0 pose 0x30c5438bc6ad9ffa expect match void 0 bp Tree brute 128 setup None/None canary None PASS
2026-09-30T15:23:09.218+03:00 row C4-jolt56      j56    W1  exit 0 jolt hash 0xb8522b4e3fc62cfe threads 1 frames 500 patch "boyko-parity-patch v1: damping 0 (Pyramid), no_pair_cache=0," PASS
2026-09-30T15:23:13.174+03:00 row C4-jolt56      j56    W2  exit 0 jolt hash 0xb8522b4e3fc62cfe threads 2 frames 500 patch "boyko-parity-patch v1: damping 0 (Pyramid), no_pair_cache=0," PASS
2026-09-30T15:23:15.837+03:00 row C4-jolt56      j56    W4  exit 0 jolt hash 0xb8522b4e3fc62cfe threads 4 frames 500 patch "boyko-parity-patch v1: damping 0 (Pyramid), no_pair_cache=0," PASS
2026-09-30T15:23:17.897+03:00 row C4-jolt56      j56    W8  exit 0 jolt hash 0xb8522b4e3fc62cfe threads 8 frames 500 patch "boyko-parity-patch v1: damping 0 (Pyramid), no_pair_cache=0," PASS
2026-09-30T15:23:19.640+03:00 row C4-jolt56      j56    W16 exit 0 jolt hash 0xb8522b4e3fc62cfe threads 16 frames 500 patch "boyko-parity-patch v1: damping 0 (Pyramid), no_pair_cache=0," PASS
2026-09-30T15:23:22.482+03:00 row C4-JD          tip    W1  exit 0 pose 0x30c5438bc6ad9ffa expect match void 0 bp Tree brute 128 setup None/None canary None PASS
2026-09-30T15:23:24.400+03:00 row C4-JD          tip    W2  exit 0 pose 0x30c5438bc6ad9ffa expect match void 0 bp Tree brute 128 setup None/None canary None PASS
2026-09-30T15:23:25.791+03:00 row C4-JD          tip    W4  exit 0 pose 0x30c5438bc6ad9ffa expect match void 0 bp Tree brute 128 setup None/None canary None PASS
2026-09-30T15:23:27.073+03:00 row C4-JD          tip    W8  exit 0 pose 0x30c5438bc6ad9ffa expect match void 0 bp Tree brute 128 setup None/None canary None PASS
2026-09-30T15:23:28.428+03:00 row C4-JD          tip    W16 exit 0 pose 0x30c5438bc6ad9ffa expect match void 0 bp Tree brute 128 setup None/None canary None PASS
2026-09-30T15:23:31.872+03:00 row C4-JDap        tip    W1  exit 0 pose 0x30c5438bc6ad9ffa expect match void 0 bp AllPairs brute 128 setup None/None canary None PASS
2026-09-30T15:23:34.661+03:00 row C4-JDap        tip    W2  exit 0 pose 0x30c5438bc6ad9ffa expect match void 0 bp AllPairs brute 128 setup None/None canary None PASS
2026-09-30T15:23:36.979+03:00 row C4-JDap        tip    W4  exit 0 pose 0x30c5438bc6ad9ffa expect match void 0 bp AllPairs brute 128 setup None/None canary None PASS
2026-09-30T15:23:39.177+03:00 row C4-JDap        tip    W8  exit 0 pose 0x30c5438bc6ad9ffa expect match void 0 bp AllPairs brute 128 setup None/None canary None PASS
2026-09-30T15:23:41.499+03:00 row C4-JDap        tip    W16 exit 0 pose 0x30c5438bc6ad9ffa expect match void 0 bp AllPairs brute 128 setup None/None canary None PASS
2026-09-30T15:23:45.119+03:00 row C4-JDpar       parent W1  exit 0 pose 0x30c5438bc6ad9ffa expect match void 0 bp AllPairs brute 144 setup None/None canary None PASS
2026-09-30T15:23:47.943+03:00 row C4-JDpar       parent W2  exit 0 pose 0x30c5438bc6ad9ffa expect match void 0 bp AllPairs brute 144 setup None/None canary None PASS
2026-09-30T15:23:50.284+03:00 row C4-JDpar       parent W4  exit 0 pose 0x30c5438bc6ad9ffa expect match void 0 bp AllPairs brute 144 setup None/None canary None PASS
2026-09-30T15:23:52.517+03:00 row C4-JDpar       parent W8  exit 0 pose 0x30c5438bc6ad9ffa expect match void 0 bp AllPairs brute 144 setup None/None canary None PASS
2026-09-30T15:23:54.829+03:00 row C4-JDpar       parent W16 exit 0 pose 0x30c5438bc6ad9ffa expect match void 0 bp AllPairs brute 144 setup None/None canary None PASS
2026-09-30T15:23:56.134+03:00 row C4-rung        tip    W8  exit 0 pose 0x30c5438bc6ad9ffa expect match void 0 bp Tree brute 128 setup None/None canary 60000 PASS
2026-09-30T15:23:57.624+03:00 row C4-rung        tip    W16 exit 0 pose 0x30c5438bc6ad9ffa expect match void 0 bp Tree brute 128 setup None/None canary 60000 PASS
2026-09-30T15:24:00.512+03:00 row C4-JD-armed    tip    W1  exit 0 pose 0x30c5438bc6ad9ffa expect match void 0 bp Tree brute 128 setup 0/0 canary None PASS
2026-09-30T15:24:02.070+03:00 row C4-JD-armed    tip    W8  exit 0 pose 0x30c5438bc6ad9ffa expect match void 0 bp Tree brute 128 setup 500/15980 canary None PASS
2026-09-30T15:24:05.820+03:00 row C4-JDap-armed  tip    W1  exit 0 pose 0x30c5438bc6ad9ffa expect match void 0 bp AllPairs brute 128 setup 0/0 canary None PASS
2026-09-30T15:24:08.264+03:00 row C4-JDap-armed  tip    W8  exit 0 pose 0x30c5438bc6ad9ffa expect match void 0 bp AllPairs brute 128 setup 500/15980 canary None PASS
2026-09-30T15:24:12.031+03:00 row C4-R           tip    W1  exit 0 pose 0x6cbe24bf8fafda26 expect match void 0 bp Tree brute 128 setup None/None canary None PASS
2026-09-30T15:24:13.985+03:00 row C4-R           tip    W8  exit 0 pose 0x6cbe24bf8fafda26 expect match void 0 bp Tree brute 128 setup None/None canary None PASS
2026-09-30T15:24:18.813+03:00 row C4-Rap         tip    W1  exit 0 pose 0x6cbe24bf8fafda26 expect match void 0 bp AllPairs brute 128 setup None/None canary None PASS
2026-09-30T15:24:21.956+03:00 row C4-Rap         tip    W8  exit 0 pose 0x6cbe24bf8fafda26 expect match void 0 bp AllPairs brute 128 setup None/None canary None PASS
2026-09-30T15:24:21.992+03:00 row C4-S16         tip    W1  exit 0 pose 0x4470add61a854f4c expect match void 0 bp Tree brute 128 setup None/None canary None FAIL TreeDiag {'static_rebuilds': 0, 'sleeper_rebuilds': 0, 'evictions': 0, 'translations': 0, 'patches': 0, 'hint_candidates': 0, 'wide_rows': 0, 'excluded_rows': 0, 'locator_resets': 0, 'members': 0, 'leaf_list_leaves': 0, 'fallback_leaves': 0, 'row_walk_leaves': 0, 'kd_order_builds': 0, 'bp_kernel': 'LeafList'} != {'static_rebuilds': 1, 'members': 1, 'evictions': 0}; Tree row without a tree_diag_expect
2026-09-30T15:24:22.029+03:00 row C4-S16ap       tip    W1  exit 0 pose 0x4470add61a854f4c expect match void 0 bp AllPairs brute 128 setup None/None canary None PASS
2026-09-30T15:24:22.032+03:00 rows gate: 44 processes, 1 failing
2026-09-30T15:24:22.033+03:00 === gate9a rows end
