CONTROL (unmutated driver): selftest exit 0 (0 FAIL), xcheck exit 0 (0 disagreeing)
CAUGHT     V1 exit code ignored: selftest exit 1 (4 FAIL), xcheck exit 1 (113 disagreeing) FAIL V1 exit code 4 (--expect-pose mismatch): red (want green) ['no reason: the process was judged valid'] 
CAUGHT     V1 hang ignored: selftest exit 1 (1 FAIL), xcheck exit 1 (23 disagreeing) FAIL V1 a hang (terminated by the driver: rec.hang): red (want green) ['no reason: the process was judged valid'] 
CAUGHT     V2 needs >= 1 SUMMARY line (two lines pass): selftest exit 1 (1 FAIL), xcheck exit 1 (42 disagreeing) FAIL V2 two SUMMARY lines: red (want green) ['no reason: the process was judged valid'] 
CAUGHT     V3 CSV pool_threads clause dropped: selftest exit 1 (1 FAIL), xcheck exit 1 (68 disagreeing) FAIL V3 the CSV pool_threads column is W+1 in row 250 (wrong pool size, timed CSV): red (want green) ['no reason: the process was judged valid'] 
CAUGHT     V3 install_receipt dropped: selftest exit 1 (1 FAIL), xcheck exit 1 (41 disagreeing) FAIL V3 threads.install_receipt = [W, W+1]: red (want green) ['no reason: the process was judged valid'] 
CAUGHT     V3 loop_on_pool_worker dropped: selftest exit 1 (1 FAIL), xcheck exit 1 (22 disagreeing) FAIL V3 threads.loop_on_pool_worker false: red (want green) ['no reason: the process was judged valid'] 
CAUGHT     V3 pool_threads_max not compared: selftest exit 1 (1 FAIL), xcheck exit 1 (22 disagreeing) FAIL V3 threads.pool_threads_max = W+1 (wrong pool size): red (want green) ['no reason: the process was judged valid'] 
CAUGHT     V4 features not compared: selftest exit 1 (1 FAIL), xcheck exit 1 (85 disagreeing) FAIL V4 features.simd8 flipped (wrong arm features): red (want green) ['no reason: the process was judged valid'] 
CAUGHT     V4 exe sha256 not compared: selftest exit 1 (2 FAIL), xcheck exit 1 (45 disagreeing) FAIL V4 wrong exe sha256 (the process ran the simd4 exe under the rs8 key): red (want green) ['no reason: the process was judged valid'] 
CAUGHT     V4 arm label / lanes not compared: selftest exit 1 (1 FAIL), xcheck exit 1 (41 disagreeing) FAIL V4 SUMMARY arm label swapped (simd4 on a simd8 exe): red (want green) ['no reason: the process was judged valid'] 
CAUGHT     V4 source hashes not compared: selftest exit 1 (1 FAIL), xcheck exit 1 (30 disagreeing) FAIL V4 source_fnv1a64 edited (an exe built from other sources): red (want green) ['no reason: the process was judged valid'] 
CAUGHT     V4 rapier version not compared: selftest exit 1 (1 FAIL), xcheck exit 1 (26 disagreeing) FAIL V4 rapier_version 0.35.0: red (want green) ['no reason: the process was judged valid'] 
CAUGHT     V5 config object not compared: selftest exit 1 (3 FAIL), xcheck exit 1 (123 disagreeing) FAIL V5 config.counters_enabled true in a timed row (Rapier's statistics walk inside the timed pair): red (want green) ['no reason: the process was ju 
CAUGHT     V5 counters_enabled ignored: selftest exit 1 (2 FAIL), xcheck exit 1 (48 disagreeing) FAIL V5 config.counters_enabled true in a timed row (Rapier's statistics walk inside the timed pair): red (want green) ['no reason: the process was ju 
CAUGHT     V5 install/cfg labels not compared: selftest exit 1 (1 FAIL), xcheck exit 1 (8 disagreeing) FAIL V5 install step: red (want green) ['no reason: the process was judged valid'] 
CAUGHT     V6 spawn hash not compared: selftest exit 1 (1 FAIL), xcheck exit 1 (22 disagreeing) FAIL V6 spawn hash edited: red (want green) ['no reason: the process was judged valid'] 
CAUGHT     V6 scene identity not compared: selftest exit 1 (1 FAIL), xcheck exit 1 (77 disagreeing) FAIL V6 scene_identity.first_equals_ours false: red (want green) ['no reason: the process was judged valid'] 
CAUGHT     V6 void flag not read: selftest exit 1 (1 FAIL), xcheck exit 1 (12 disagreeing) FAIL V6 the run reports itself void: red (want green) ['no reason: the process was judged valid'] 
CAUGHT     V7 pose bytes not compared: selftest exit 1 (2 FAIL), xcheck exit 1 (34 disagreeing) FAIL V7 the final pose differs by one bit (pose mismatch): red (want green) ['no reason: the process was judged valid'] 
CAUGHT     V7 harness verdict / pose_hash not read: selftest exit 1 (2 FAIL), xcheck exit 1 (84 disagreeing) FAIL V7 the SUMMARY expect_pose says mismatch: red (want green) ['no reason: the process was judged valid'] 
CAUGHT     V7 test flag skips everything (V1 included): selftest exit 1 (4 FAIL), xcheck exit 1 (1 disagreeing) FAIL --test shape still flags V1 (exit 4): test skips V7 only: red (want green) ['not flagged'] 
CAUGHT     V8 wall_ns >= 0 accepted: selftest exit 1 (1 FAIL), xcheck exit 1 (22 disagreeing) FAIL V8 wall_ns 0 in row 10: red (want green) ['no reason: the process was judged valid'] 
CAUGHT     V8 row count not checked: selftest exit 1 (2 FAIL), xcheck exit 1 (42 disagreeing) FAIL V8 the CSV has 499 rows (V3 sees the short pool_threads column too): red (want green) ['V3: CSV pool_threads is not 8 on all 500 rows'] 
CAUGHT     V8 header not checked: selftest exit 1 (1 FAIL), xcheck exit 1 (48 disagreeing) FAIL V8 the CSV header carries an extra column: red (want green) ['no reason: the process was judged valid'] 
CAUGHT     V9 --receipt not read: selftest exit 1 (2 FAIL), xcheck exit 1 (49 disagreeing) FAIL V9 --receipt among the launch arguments (the SUMMARY args are clean): red (want green) ['no reason: the process was judged valid'] 
CAUGHT     V9 twin verdict not read: selftest exit 1 (1 FAIL), xcheck exit 1 (44 disagreeing) FAIL V9 the prep twin of (simd8, rapier-default, W8) did not pass: red (want green) ['no reason: the process was judged valid'] 
CAUGHT     validate_rapier judges against a fixed fixture (RD8): selftest exit 1 (10 FAIL), xcheck exit 0 (0 disagreeing) FAIL RP-M rs8 W1 as recorded by the gate (the real cell of the window's own exe: V1-V9 all green): red (want green) ['V7: final pose bytes != fixture' 
CAUGHT     validate_rapier ignores rec.hang: selftest exit 1 (1 FAIL), xcheck exit 0 (0 disagreeing) FAIL V1 a hang (terminated by the driver: rec.hang): red (want green) ['no reason: the process was judged valid'] 
CAUGHT     validate_rapier ignores rec.exit: selftest exit 1 (3 FAIL), xcheck exit 0 (0 disagreeing) FAIL V1 exit code 4 (--expect-pose mismatch): red (want green) ['no reason: the process was judged valid'] 
CAUGHT     validate_rapier trusts a cached exe sha (never hashes the file): selftest exit 1 (2 FAIL), xcheck exit 0 (0 disagreeing) FAIL V4 wrong exe sha256 (the process ran the simd4 exe under the rs8 key): red (want green) ['no reason: the process was judged valid'] 
CAUGHT     validate_rapier reads the arm from the row, not the binary: selftest exit 1 (11 FAIL), xcheck exit 0 (0 disagreeing) FAIL RP-D rs4 W1 as recorded by the gate (the real cell of the window's own exe: V1-V9 all green): red (want green) ["V4: features {'parallel': True,  
CAUGHT     verify_rapier_pins accepts any pins sha: selftest exit 1 (1 FAIL), xcheck exit 0 (0 disagreeing) FAIL verify_fixtures with the pins file sha256 no longer the overlay pin: green (want red) [] 
CAUGHT     verify_rapier_pins accepts any fixture sha: selftest exit 1 (1 FAIL), xcheck exit 0 (0 disagreeing) FAIL verify_fixtures with a fixture that is not the one the pins name (sha256): green (want red) [] 
CAUGHT     verify_rapier_pins ignores the fixtures.json hash: selftest exit 1 (1 FAIL), xcheck exit 0 (0 disagreeing) FAIL verify_fixtures with fixtures.json carrying another hash than the pins for RM8: green (want red) [] 
CAUGHT     warmups_of keeps only the first warm-up: selftest exit 1 (2 FAIL), xcheck exit 0 (0 disagreeing) FAIL C4-RAPIER: one untimed warm-up PER EXE per pass (RP-D rs8 W8, RP-D rs4 W8: window9a_rows.md, Protocol): red (want green) ["[('RP-D', 'rs8', 8)]"] 
CAUGHT     block_estimate prices no warm-up: selftest exit 1 (1 FAIL), xcheck exit 0 (0 disagreeing) FAIL block_estimate prices BOTH warm-ups (the two-warm-up block costs more per pass than the same block with one): red (want green) ['same'] 
CAUGHT     rapier hang limit is 600+: selftest exit 1 (1 FAIL), xcheck exit 0 (0 disagreeing) FAIL a rapier process alive past HANG_S_RAPIER (300 s) is a hang (V1): red (want green) ['900.0'] 
CAUGHT     VOID_NAMES lacks the harness exes: selftest exit 1 (1 FAIL), xcheck exit 0 (0 disagreeing) FAIL the window's Rapier exes are named with underscores; VOID_NAMES holds the harness's hyphenated names (a copy cannot void its own window): red (wa 
CAUGHT     runner_args passes the pose of the first binary for every binary: selftest exit 1 (1 FAIL), xcheck exit 0 (0 disagreeing) FAIL runner_args passes --expect-pose <RD4 fixture> for rs4 and no --arm-profiler / --receipt / --counters: red (want green) ["['--cfg', 'rapier-defau 
CAUGHT     [e2e] run_pass runs only the first warm-up of a block: selftest exit 1 (1 FAIL), xcheck exit 0 (0 disagreeing) FAIL e2e C4-RAPIER: two warm-ups per pass in order RP-D rs8 W8 then RP-D rs4 W8 (one per exe): red (want green) ["[('RP-D', 'rs8', 8)]"]
CAUGHT     [e2e] run_one never applies validate_rapier to a real process: selftest exit 1 (2 FAIL), xcheck exit 0 (0 disagreeing) FAIL e2e wiring: the simd4 exe under the simd8 key -> every real process (5 originals, then ruling 8 re-runs the INVALID slots for its 4 waves = 20) i
CAUGHT     [e2e] run_one applies the RUNNER validator to a rapier record: selftest exit 1 (6 FAIL), xcheck exit 0 (0 disagreeing) FAIL e2e C4-RAPIER --test (1 round, W9A_TEST_HOT: RP-D#rs8@W4 hot once): exit 0, 20 originals + 1 re-run, 0 invalid, every record kind rapier: red (wa
mutation proof: 42 of 42 mutations caught by at least one gate
