MUTATION nofloor: selftest exit 1 ; FAIL cases: 9
    FAIL allowance C4-BR: a single always-hot slot reaches the full wave depth (4) even at 25 % over its estimate: red (want green) ['capacity 3 at allowance 1454 s']
    FAIL allowance C4-BR = max(fraction, floor), never below the fraction (8b/9a first cut): red (want green) ['1454.3999999999999 1454.3999999999999 1680.64']
    FAIL allowance C4-G4: a single always-hot slot reaches the full wave depth (4) even at 25 % over its estimate: red (want green) ['capacity 1 at allowance 762 s']
    FAIL allowance C4-G4 = max(fraction, floor), never below the fraction (8b/9a first cut): red (want green) ['762.0 762.0 2641.6']
MUTATION loopfrac: selftest exit 1 ; FAIL cases: 3
    FAIL e2e re-run rule: REAL allowance, one-cell block: round 1 hot 3 times -> 3 re-runs (the pre-fix fraction-only allowance stops after 1), K 3 of 3: red (want green) ['p
    FAIL e2e re-run rule: REAL allowance, one-cell block: never clean -> the WAVE cap (4) ends the stage, not the allowance (floor admits 5): red (want green) ['processes: go
    FAIL e2e re-run rule: REAL allowance, three slots hot once each: wave 1 re-runs all three (3 x its estimate fits the floor), K 3 of 3: red (want green) ['processes: got 4
MUTATION admitall: selftest exit 1 ; FAIL cases: 5
    FAIL negative control: the pre-fix allowance (fraction only) on C4-G4 admits a single re-run at 25 % over its estimate: green (want red) []
    FAIL negative control: the pre-fix allowance (fraction only) on C4-G4-kd admits a single re-run at 25 % over its estimate: green (want red) []
    FAIL admission: a re-run that overshoots the allowance by 0.1 s is refused: red (want green) ['admitted']
    FAIL admission: elapsed time counts against the allowance: red (want green) ['admitted']
MUTATION slack1: selftest exit 1 ; FAIL cases: 4
    FAIL constants: the allowance floor slack is 1.3 (the criterion estimates are good to +-30 %): red (want green) ['moved']
    FAIL allowance C4-BR: a single always-hot slot reaches the full wave depth (4) even at 25 % over its estimate: red (want green) ['capacity 3 at allowance 1454 s']
    FAIL allowance C4-G4: a single always-hot slot reaches the full wave depth (4) even at 25 % over its estimate: red (want green) ['capacity 3 at allowance 2032 s']
    FAIL allowance C4-G4-kd: a single always-hot slot reaches the full wave depth (4) even at 25 % over its estimate: red (want green) ['capacity 3 at allowance 1240 s']
MUTATION waves9: selftest exit 1 ; FAIL cases: 4
    FAIL constants: 4 waves, allowance 0.5, K gate 3: red (want green) ['moved']
    FAIL e2e re-run rule: round 1 never clean: 4 waves then the stage ends, K 2 of 3 does not gate: red (want green) ['processes: got 12 want 7', 'reruns: got [(1, 1), (1, 2)
    FAIL e2e re-run rule: REAL allowance, one-cell block: never clean -> the WAVE cap (4) ends the stage, not the allowance (floor admits 5): red (want green) ['processes: go
    FAIL counts9a.py pass-cell census line: 1 cell, short 1, NOT gating 1, 4 re-runs, deepest 4: red (want green) ['pass-cells (ruling 8): 1, every slot clean 0, short 1, gat
MUTATION anchorignored: selftest exit 1 ; FAIL cases: 5
    FAIL insert_after C4-jolt56: the row sits between C4-jolt56#j56 and C4-JD#tip at EVERY W (adjacent to J-D each round): red (want green) ["W1: (('C4-JDpar', 'parent'), ('C
    FAIL insert_after C4-jolt56, reversed pass 0: still between C4-JD#tip and C4-jolt56#j56 at every W: red (want green) ["W1: (('C4-jolt56', 'j56'), ('C4-JDpar', 'parent'))"
    FAIL insert_after C4-jolt56 costs the Jolt / J-D adjacency (stated in PREP.md): Jolt and J-D are no longer neighbours: red (want green) ['W1', 'W2']
    FAIL insert_after C4-jolt56: at W 2/4 Jolt is next to no C4-JD / C4-JT cell (the example note says so): red (want green) ['W2', 'W4']
MUTATION anchorbefore: selftest exit 1 ; FAIL cases: 6
    FAIL insert_after C4-jolt56: the row sits between C4-jolt56#j56 and C4-JD#tip at EVERY W (adjacent to J-D each round): red (want green) ["W1: (('C4-JT', 'tip'), ('C4-jolt
    FAIL insert_after C4-jolt56, reversed pass 0: still between C4-JD#tip and C4-jolt56#j56 at every W: red (want green) ["W1: (('C4-jolt56', 'j56'), ('C4-JT', 'tip'))", "W2:
    FAIL insert_after C4-jolt56 costs the Jolt / J-D adjacency (stated in PREP.md): Jolt and J-D are no longer neighbours: red (want green) ['W1', 'W2']
    FAIL insert_after C4-jolt56: Jolt keeps its C4-JT#tip neighbour at W 1/8/16 (the example note says so): red (want green) ['W1', 'W8']
MUTATION noincomplete (counts9a.py): selftest exit 1 ; FAIL cases: 2
    FAIL counts9a.py: a pass without pass_done is reported INCOMPLETE (C4-CUT-p2), the closed pass (C4-OK-p0) is not: red (want green) ['no INCOMPLETE line at all']
    FAIL counts9a.py: the INCOMPLETE line says a cut re-run stage leaves no passcell records and --resume re-runs the pass whole: red (want green) ['no INCOMPLETE line at all
counts9a.py restored byte for byte
done
