runs 53 skipped 0 nonzero exits []
build processes seen busy in dry-pass receipts: []
J-A-d1@W16     disarmed void_steps=0 disarmed_ring_traffic=0 profile=dev zones_compiled=True
J-A-a@W16      armed void_steps=0 csv_void=0 drops=0 sys_span_counts=[1] per_step={'phys_solve_build': [1], 'phys_gravity': [4], 'phys_warm_apply': [4], 'phys_integrate': [4], 'phys_pass_biased': [4], 'phys_pass_relax': [8], 'phys_restitution': [1], 'phys_store': [1], 'phys_write_back': [1], 'phys_sleep_begin': [0], 'phys_sleep_freeze': [0], 'phys_sleep_end': [0]} waves=[96, 108] wide_colors=[8, 9] waves==12*wide:True narrow==12*(colors-wide):True disp_on_solve=0/12 unexpected_zero_cols=['phys_color_narrow_n']
J-A-d2@W16     disarmed void_steps=0 disarmed_ring_traffic=0 profile=dev zones_compiled=True
J-A-d1@W8      disarmed void_steps=0 disarmed_ring_traffic=0 profile=dev zones_compiled=True
J-A-a@W8       armed void_steps=0 csv_void=0 drops=0 sys_span_counts=[1] per_step={'phys_solve_build': [1], 'phys_gravity': [4], 'phys_warm_apply': [4], 'phys_integrate': [4], 'phys_pass_biased': [4], 'phys_pass_relax': [8], 'phys_restitution': [1], 'phys_store': [1], 'phys_write_back': [1], 'phys_sleep_begin': [0], 'phys_sleep_freeze': [0], 'phys_sleep_end': [0]} waves=[96, 108] wide_colors=[8, 9] waves==12*wide:True narrow==12*(colors-wide):True disp_on_solve=0/12 unexpected_zero_cols=['phys_color_narrow_n']
J-B@W8         armed void_steps=0 csv_void=0 drops=0 sys_span_counts=[1] per_step={'phys_solve_build': [1], 'phys_gravity': [4], 'phys_warm_apply': [4], 'phys_integrate': [4], 'phys_pass_biased': [4], 'phys_pass_relax': [8], 'phys_restitution': [1], 'phys_store': [1], 'phys_write_back': [1], 'phys_sleep_begin': [0], 'phys_sleep_freeze': [0], 'phys_sleep_end': [0]} waves=[96, 108] wide_colors=[8, 9] waves==12*wide:True narrow==12*(colors-wide):True disp_on_solve=0/12 unexpected_zero_cols=['phys_color_narrow_n']
J-C@W8         armed void_steps=0 csv_void=0 drops=0 sys_span_counts=[1] per_step={'phys_solve_build': [1], 'phys_gravity': [4], 'phys_warm_apply': [4], 'phys_integrate': [4], 'phys_pass_biased': [4], 'phys_pass_relax': [8], 'phys_restitution': [1], 'phys_store': [1], 'phys_write_back': [1], 'phys_sleep_begin': [0], 'phys_sleep_freeze': [0], 'phys_sleep_end': [0]} waves=[96, 108] wide_colors=[8, 9] waves==12*wide:True narrow==12*(colors-wide):True disp_on_solve=0/12 unexpected_zero_cols=['phys_color_narrow_n']
J-Son@W8       armed void_steps=0 csv_void=0 drops=0 sys_span_counts=[1] per_step={'phys_solve_build': [1], 'phys_gravity': [4], 'phys_warm_apply': [4], 'phys_integrate': [4], 'phys_pass_biased': [4], 'phys_pass_relax': [8], 'phys_restitution': [1], 'phys_store': [1], 'phys_write_back': [1], 'phys_sleep_begin': [1], 'phys_sleep_freeze': [2], 'phys_sleep_end': [1]} waves=[96, 108] wide_colors=[8, 9] waves==12*wide:True narrow==12*(colors-wide):True disp_on_solve=0/20 unexpected_zero_cols=['phys_color_narrow_n']
R@W8           armed void_steps=0 csv_void=0 drops=0 sys_span_counts=[1] per_step={'phys_solve_build': [1], 'phys_gravity': [4], 'phys_warm_apply': [4], 'phys_integrate': [4], 'phys_pass_biased': [4], 'phys_pass_relax': [8], 'phys_restitution': [1], 'phys_store': [1], 'phys_write_back': [1], 'phys_sleep_begin': [0], 'phys_sleep_freeze': [0], 'phys_sleep_end': [0]} waves=[144, 168, 192] wide_colors=[12, 14, 16] waves==12*wide:True narrow==12*(colors-wide):True disp_on_solve=0/30 unexpected_zero_cols=[]
R-S@W8         armed void_steps=0 csv_void=0 drops=0 sys_span_counts=[1] per_step={'phys_solve_build': [1], 'phys_gravity': [4], 'phys_warm_apply': [4], 'phys_integrate': [4], 'phys_pass_biased': [4], 'phys_pass_relax': [8], 'phys_restitution': [1], 'phys_store': [1], 'phys_write_back': [1], 'phys_sleep_begin': [1], 'phys_sleep_freeze': [2], 'phys_sleep_end': [1]} waves=[144, 168, 192] wide_colors=[12, 14, 16] waves==12*wide:True narrow==12*(colors-wide):True disp_on_solve=0/30 unexpected_zero_cols=[]
S16@W8         armed void_steps=0 csv_void=0 drops=0 sys_span_counts=[1] per_step={'phys_solve_build': [1], 'phys_gravity': [4], 'phys_warm_apply': [4], 'phys_integrate': [4], 'phys_pass_biased': [4], 'phys_pass_relax': [8], 'phys_restitution': [1], 'phys_store': [1], 'phys_write_back': [1], 'phys_sleep_begin': [0], 'phys_sleep_freeze': [0], 'phys_sleep_end': [0]} waves=[0] wide_colors=[0] waves==12*wide:True narrow==12*(colors-wide):True disp_on_solve=0/10 unexpected_zero_cols=['phys_color_wide_n']
AA2-pre@W8     disarmed void_steps=0 disarmed_ring_traffic=0 profile=dev zones_compiled=True
SHIP@W8        disarmed void_steps=0 disarmed_ring_traffic=0 profile=shipping zones_compiled=False
J-A-d2@W8      disarmed void_steps=0 disarmed_ring_traffic=0 profile=dev zones_compiled=True
J-A-d1@W4      disarmed void_steps=0 disarmed_ring_traffic=0 profile=dev zones_compiled=True
J-A-a@W4       armed void_steps=0 csv_void=0 drops=0 sys_span_counts=[1] per_step={'phys_solve_build': [1], 'phys_gravity': [4], 'phys_warm_apply': [4], 'phys_integrate': [4], 'phys_pass_biased': [4], 'phys_pass_relax': [8], 'phys_restitution': [1], 'phys_store': [1], 'phys_write_back': [1], 'phys_sleep_begin': [0], 'phys_sleep_freeze': [0], 'phys_sleep_end': [0]} waves=[96, 108] wide_colors=[8, 9] waves==12*wide:True narrow==12*(colors-wide):True disp_on_solve=0/12 unexpected_zero_cols=['phys_color_narrow_n']
J-A-d2@W4      disarmed void_steps=0 disarmed_ring_traffic=0 profile=dev zones_compiled=True
J-A-d1@W2      disarmed void_steps=0 disarmed_ring_traffic=0 profile=dev zones_compiled=True
J-A-a@W2       armed void_steps=0 csv_void=0 drops=0 sys_span_counts=[1] per_step={'phys_solve_build': [1], 'phys_gravity': [4], 'phys_warm_apply': [4], 'phys_integrate': [4], 'phys_pass_biased': [4], 'phys_pass_relax': [8], 'phys_restitution': [1], 'phys_store': [1], 'phys_write_back': [1], 'phys_sleep_begin': [0], 'phys_sleep_freeze': [0], 'phys_sleep_end': [0]} waves=[96, 108] wide_colors=[8, 9] waves==12*wide:True narrow==12*(colors-wide):True disp_on_solve=0/12 unexpected_zero_cols=['phys_color_narrow_n']
J-A-d2@W2      disarmed void_steps=0 disarmed_ring_traffic=0 profile=dev zones_compiled=True
J-A-d1@W1      disarmed void_steps=0 disarmed_ring_traffic=0 profile=dev zones_compiled=True
J-A-a@W1       armed void_steps=0 csv_void=0 drops=0 sys_span_counts=[1] per_step={'phys_solve_build': [1], 'phys_gravity': [4], 'phys_warm_apply': [4], 'phys_integrate': [4], 'phys_pass_biased': [4], 'phys_pass_relax': [8], 'phys_restitution': [1], 'phys_store': [1], 'phys_write_back': [1], 'phys_sleep_begin': [0], 'phys_sleep_freeze': [0], 'phys_sleep_end': [0]} waves=[96, 108] wide_colors=[8, 9] waves==12*wide:True narrow==12*(colors-wide):True disp_on_solve=0/12 unexpected_zero_cols=['phys_color_narrow_n']
J-B@W1         armed void_steps=0 csv_void=0 drops=0 sys_span_counts=[1] per_step={'phys_solve_build': [1], 'phys_gravity': [4], 'phys_warm_apply': [4], 'phys_integrate': [4], 'phys_pass_biased': [4], 'phys_pass_relax': [8], 'phys_restitution': [1], 'phys_store': [1], 'phys_write_back': [1], 'phys_sleep_begin': [0], 'phys_sleep_freeze': [0], 'phys_sleep_end': [0]} waves=[96, 108] wide_colors=[8, 9] waves==12*wide:True narrow==12*(colors-wide):True disp_on_solve=0/12 unexpected_zero_cols=['phys_color_narrow_n']
J-C@W1         armed void_steps=0 csv_void=0 drops=0 sys_span_counts=[1] per_step={'phys_solve_build': [1], 'phys_gravity': [4], 'phys_warm_apply': [4], 'phys_integrate': [4], 'phys_pass_biased': [4], 'phys_pass_relax': [8], 'phys_restitution': [1], 'phys_store': [1], 'phys_write_back': [1], 'phys_sleep_begin': [0], 'phys_sleep_freeze': [0], 'phys_sleep_end': [0]} waves=[96, 108] wide_colors=[8, 9] waves==12*wide:True narrow==12*(colors-wide):True disp_on_solve=0/12 unexpected_zero_cols=['phys_color_narrow_n']
J-P1@W1        armed void_steps=0 csv_void=0 drops=0 sys_span_counts=[1] per_step={'phys_solve_build': [1], 'phys_gravity': [4], 'phys_warm_apply': [4], 'phys_integrate': [4], 'phys_pass_biased': [4], 'phys_pass_relax': [8], 'phys_restitution': [1], 'phys_store': [1], 'phys_write_back': [1], 'phys_sleep_begin': [0], 'phys_sleep_freeze': [0], 'phys_sleep_end': [0]} waves=[96, 108] wide_colors=[8, 9] waves==12*wide:True narrow==12*(colors-wide):True disp_on_solve=0/12 unexpected_zero_cols=['phys_color_narrow_n']
J-Son@W1       armed void_steps=0 csv_void=0 drops=0 sys_span_counts=[1] per_step={'phys_solve_build': [1], 'phys_gravity': [4], 'phys_warm_apply': [4], 'phys_integrate': [4], 'phys_pass_biased': [4], 'phys_pass_relax': [8], 'phys_restitution': [1], 'phys_store': [1], 'phys_write_back': [1], 'phys_sleep_begin': [1], 'phys_sleep_freeze': [2], 'phys_sleep_end': [1]} waves=[96, 108] wide_colors=[8, 9] waves==12*wide:True narrow==12*(colors-wide):True disp_on_solve=0/20 unexpected_zero_cols=['phys_color_narrow_n']
J-S0@W1        armed void_steps=0 csv_void=0 drops=0 sys_span_counts=[1] per_step={'phys_solve_build': [1], 'phys_gravity': [4], 'phys_warm_apply': [4], 'phys_integrate': [4], 'phys_pass_biased': [4], 'phys_pass_relax': [8], 'phys_restitution': [1], 'phys_store': [1], 'phys_write_back': [1], 'phys_sleep_begin': [1], 'phys_sleep_freeze': [2], 'phys_sleep_end': [1]} waves=[96, 108] wide_colors=[8, 9] waves==12*wide:True narrow==12*(colors-wide):True disp_on_solve=0/12 unexpected_zero_cols=['phys_color_narrow_n']
L1-A1@W1       disarmed void_steps=0 disarmed_ring_traffic=0 profile=dev zones_compiled=True
L1-B@W1        disarmed void_steps=0 disarmed_ring_traffic=0 profile=dev zones_compiled=True
L1-A2@W1       disarmed void_steps=0 disarmed_ring_traffic=0 profile=dev zones_compiled=True
R@W1           armed void_steps=0 csv_void=0 drops=0 sys_span_counts=[1] per_step={'phys_solve_build': [1], 'phys_gravity': [4], 'phys_warm_apply': [4], 'phys_integrate': [4], 'phys_pass_biased': [4], 'phys_pass_relax': [8], 'phys_restitution': [1], 'phys_store': [1], 'phys_write_back': [1], 'phys_sleep_begin': [0], 'phys_sleep_freeze': [0], 'phys_sleep_end': [0]} waves=[144, 168, 192] wide_colors=[12, 14, 16] waves==12*wide:True narrow==12*(colors-wide):True disp_on_solve=0/30 unexpected_zero_cols=[]
R-ref@W1       armed void_steps=0 csv_void=0 drops=0 sys_span_counts=[1] per_step={'phys_solve_build': [0], 'phys_gravity': [0], 'phys_warm_apply': [0], 'phys_integrate': [0], 'phys_pass_biased': [0], 'phys_pass_relax': [0], 'phys_restitution': [0], 'phys_store': [0], 'phys_write_back': [0], 'phys_sleep_begin': [0], 'phys_sleep_freeze': [0], 'phys_sleep_end': [0]} waves=[0] wide_colors=[0] waves==12*wide:True narrow==12*(colors-wide):None disp_on_solve=0/30 unexpected_zero_cols=[]
R-S@W1         armed void_steps=0 csv_void=0 drops=0 sys_span_counts=[1] per_step={'phys_solve_build': [1], 'phys_gravity': [4], 'phys_warm_apply': [4], 'phys_integrate': [4], 'phys_pass_biased': [4], 'phys_pass_relax': [8], 'phys_restitution': [1], 'phys_store': [1], 'phys_write_back': [1], 'phys_sleep_begin': [1], 'phys_sleep_freeze': [2], 'phys_sleep_end': [1]} waves=[144, 168, 192] wide_colors=[12, 14, 16] waves==12*wide:True narrow==12*(colors-wide):True disp_on_solve=0/30 unexpected_zero_cols=[]
S16@W1         armed void_steps=0 csv_void=0 drops=0 sys_span_counts=[1] per_step={'phys_solve_build': [1], 'phys_gravity': [4], 'phys_warm_apply': [4], 'phys_integrate': [4], 'phys_pass_biased': [4], 'phys_pass_relax': [8], 'phys_restitution': [1], 'phys_store': [1], 'phys_write_back': [1], 'phys_sleep_begin': [0], 'phys_sleep_freeze': [0], 'phys_sleep_end': [0]} waves=[0] wide_colors=[0] waves==12*wide:True narrow==12*(colors-wide):True disp_on_solve=0/10 unexpected_zero_cols=['phys_color_wide_n']
AA2-pre@W1     disarmed void_steps=0 disarmed_ring_traffic=0 profile=dev zones_compiled=True
SHIP@W1        disarmed void_steps=0 disarmed_ring_traffic=0 profile=shipping zones_compiled=False
J-A-d2@W1      disarmed void_steps=0 disarmed_ring_traffic=0 profile=dev zones_compiled=True
J-C@W8: canary_ns set=True canary span column present=True span samples/step=[1] span>=spin target on every step=True canary system position in schedule=['sys_sum_ns', 'sys_physics_integrate_ns', 'sys_physics_gather_ns', 'sys_select_broadphase_ns', 'sys_physics_broadphase_ns', 'sys_physics_narrowphase_ns', 'sys_parity_canary_ns', 'sys_physics_build_graph_ns', 'sys_physics_solve_colored_ns', 'sys_physics_apply_ns']
J-C@W1: canary_ns set=True canary span column present=True span samples/step=[1] span>=spin target on every step=True canary system position in schedule=['sys_sum_ns', 'sys_physics_integrate_ns', 'sys_physics_gather_ns', 'sys_select_broadphase_ns', 'sys_physics_broadphase_ns', 'sys_physics_narrowphase_ns', 'sys_parity_canary_ns', 'sys_physics_build_graph_ns', 'sys_physics_solve_colored_ns', 'sys_physics_apply_ns']
JOLT-T@W16: patch_line=yes stat_lines=[('Discrete', 16)] html=0 per_frame rows=12 cols=['Frame', 'Time (ms)']
JOLT56-T@W16: patch_line=yes stat_lines=[('Discrete', 16)] html=0 per_frame rows=12 cols=['Frame', 'Time (ms)']
JOLT-T@W8: patch_line=yes stat_lines=[('Discrete', 8)] html=0 per_frame rows=12 cols=['Frame', 'Time (ms)']
JOLT56-T@W8: patch_line=yes stat_lines=[('Discrete', 8)] html=0 per_frame rows=12 cols=['Frame', 'Time (ms)']
JOLT-NPC@W8: patch_line=yes stat_lines=[('Discrete', 8)] html=0 per_frame rows=12 cols=['Frame', 'Time (ms)']
JOLT-SLP@W8: patch_line=yes stat_lines=[('Discrete', 8)] html=0 per_frame rows=20 cols=['Frame', 'Time (ms)', 'Active Bodies']
JOLT-P@W8: patch_line=yes stat_lines=[('Discrete', 8)] html=1 
JOLT-T@W4: patch_line=yes stat_lines=[('Discrete', 4)] html=0 per_frame rows=12 cols=['Frame', 'Time (ms)']
JOLT56-T@W4: patch_line=yes stat_lines=[('Discrete', 4)] html=0 per_frame rows=12 cols=['Frame', 'Time (ms)']
JOLT-T@W2: patch_line=yes stat_lines=[('Discrete', 2)] html=0 per_frame rows=12 cols=['Frame', 'Time (ms)']
JOLT56-T@W2: patch_line=yes stat_lines=[('Discrete', 2)] html=0 per_frame rows=12 cols=['Frame', 'Time (ms)']
JOLT-T@W1: patch_line=yes stat_lines=[('Discrete', 1)] html=0 per_frame rows=12 cols=['Frame', 'Time (ms)']
   patch line: boyko-parity-patch v1: damping 0 (Pyramid), no_pair_cache=0, allow_sleep=0, receipt=0
JOLT56-T@W1: patch_line=yes stat_lines=[('Discrete', 1)] html=0 per_frame rows=12 cols=['Frame', 'Time (ms)']
JOLT-SLP@W1: patch_line=yes stat_lines=[('Discrete', 1)] html=0 per_frame rows=20 cols=['Frame', 'Time (ms)', 'Active Bodies']
JOLT-P@W1: patch_line=yes stat_lines=[('Discrete', 1)] html=1 
JOLT-RCPT@W1: patch_line=yes stat_lines=[('Discrete', 1)] html=0  receipt rows=12 cols=['Frame', 'Manifolds', 'Points', 'Active Bodies', 'Top Y']
BAD: ['J-A-a@W16', 'J-A-a@W8', 'J-B@W8', 'J-C@W8', 'J-Son@W8', 'S16@W8', 'J-A-a@W4', 'J-A-a@W2', 'J-A-a@W1', 'J-B@W1', 'J-C@W1', 'J-P1@W1', 'J-Son@W1', 'J-S0@W1', 'S16@W1']
