pass 2: 50 runs (DRY)
  [  0] JOLT-T W=1: hash 0x69afedf436821a38 threads 1
  [  1] JOLT56-T W=1: hash 0x781114657d662672 threads 1
  [  2] JOLT-SLP W=1: hash 0xadfe2ee37b1cef78 threads 1
  [  3] J-A-d1 W=1: void 0 hash 0x6976399d3f4d3199 pose none
  [  4] J-A-a W=1: void 0 hash 0x6976399d3f4d3199 pose none
  [  5] J-B W=1: void 0 hash 0x6976399d3f4d3199 pose match
  [  6] J-C W=1: void 0 hash 0x6976399d3f4d3199 pose none
  [  7] J-P1 W=1: void 0 hash 0x6976399d3f4d3199 pose none
  [  8] J-Son W=1: void 0 hash 0x58426687e8647451 pose none
  [  9] J-S0 W=1: void 0 hash 0x6976399d3f4d3199 pose none
  [ 10] L1-A1 W=1: void 0 hash 0x6976399d3f4d3199 pose none
  [ 11] L1-B W=1: void 0 hash 0x6976399d3f4d3199 pose none
  [ 12] L1-A2 W=1: void 0 hash 0x6976399d3f4d3199 pose none
  [ 13] R W=1: void 0 hash 0xc390f9cffb514347 pose none
  [ 14] R-ref W=1: void 0 hash 0x0e87e43499896838 pose none
  [ 15] R-S W=1: void 0 hash 0xc390f9cffb514347 pose none
  [ 16] S16 W=1: void 0 hash 0xeaf6ad611fabfcb0 pose none
  [ 17] AA2-pre W=1: void 0 hash 0x6976399d3f4d3199 pose none
  [ 18] SHIP W=1: void 0 hash 0x6976399d3f4d3199 pose none
  [ 19] J-A-d2 W=1: void 0 hash 0x6976399d3f4d3199 pose none
  [ 20] JOLT-T W=2: hash 0x69afedf436821a38 threads 2
  [ 21] JOLT56-T W=2: hash 0x781114657d662672 threads 2
  [ 22] J-A-d1 W=2: void 0 hash 0x6976399d3f4d3199 pose none
  [ 23] J-A-a W=2: void 0 hash 0x6976399d3f4d3199 pose none
  [ 24] J-A-d2 W=2: void 0 hash 0x6976399d3f4d3199 pose none
  [ 25] JOLT-T W=4: hash 0x69afedf436821a38 threads 4
  [ 26] JOLT56-T W=4: hash 0x781114657d662672 threads 4
  [ 27] J-A-d1 W=4: void 0 hash 0x6976399d3f4d3199 pose none
  [ 28] J-A-a W=4: void 0 hash 0x6976399d3f4d3199 pose none
  [ 29] J-A-d2 W=4: void 0 hash 0x6976399d3f4d3199 pose none
  [ 30] JOLT-T W=8: hash 0x69afedf436821a38 threads 8
  [ 31] JOLT56-T W=8: hash 0x781114657d662672 threads 8
  [ 32] JOLT-NPC W=8: hash 0x7c185896e8f1b373 threads 8
  [ 33] JOLT-SLP W=8: hash 0xadfe2ee37b1cef78 threads 8
  [ 34] J-A-d1 W=8: void 0 hash 0x6976399d3f4d3199 pose none
  [ 35] J-A-a W=8: void 0 hash 0x6976399d3f4d3199 pose none
  [ 36] J-B W=8: void 0 hash 0x6976399d3f4d3199 pose match
  [ 37] J-C W=8: void 0 hash 0x6976399d3f4d3199 pose none
  [ 38] J-Son W=8: void 0 hash 0x58426687e8647451 pose none
  [ 39] R W=8: void 0 hash 0xc390f9cffb514347 pose none
  [ 40] R-S W=8: void 0 hash 0xc390f9cffb514347 pose none
  [ 41] S16 W=8: void 0 hash 0xeaf6ad611fabfcb0 pose none
  [ 42] AA2-pre W=8: void 0 hash 0x6976399d3f4d3199 pose none
  [ 43] SHIP W=8: void 0 hash 0x6976399d3f4d3199 pose none
  [ 44] J-A-d2 W=8: void 0 hash 0x6976399d3f4d3199 pose none
  [ 45] JOLT-T W=16: hash 0x69afedf436821a38 threads 16
  [ 46] JOLT56-T W=16: hash 0x781114657d662672 threads 16
  [ 47] J-A-d1 W=16: void 0 hash 0x6976399d3f4d3199 pose none
  [ 48] J-A-a W=16: void 0 hash 0x6976399d3f4d3199 pose none
  [ 49] J-A-d2 W=16: void 0 hash 0x6976399d3f4d3199 pose none
