pass 1: 53 runs (DRY)
  [  0] J-A-d1 W=16: void 0 hash 0x6976399d3f4d3199 pose none
  [  1] J-A-a W=16: void 0 hash 0x6976399d3f4d3199 pose none
  [  2] J-A-d2 W=16: void 0 hash 0x6976399d3f4d3199 pose none
  [  3] JOLT-T W=16: hash 0x69afedf436821a38 threads 16
  [  4] JOLT56-T W=16: hash 0x781114657d662672 threads 16
  [  5] J-A-d1 W=8: void 0 hash 0x6976399d3f4d3199 pose none
  [  6] J-A-a W=8: void 0 hash 0x6976399d3f4d3199 pose none
  [  7] J-B W=8: void 0 hash 0x6976399d3f4d3199 pose match
  [  8] J-C W=8: void 0 hash 0x6976399d3f4d3199 pose none
  [  9] J-Son W=8: void 0 hash 0x58426687e8647451 pose none
  [ 10] R W=8: void 0 hash 0xc390f9cffb514347 pose none
  [ 11] R-S W=8: void 0 hash 0xc390f9cffb514347 pose none
  [ 12] S16 W=8: void 0 hash 0xeaf6ad611fabfcb0 pose none
  [ 13] AA2-pre W=8: void 0 hash 0x6976399d3f4d3199 pose none
  [ 14] SHIP W=8: void 0 hash 0x6976399d3f4d3199 pose none
  [ 15] J-A-d2 W=8: void 0 hash 0x6976399d3f4d3199 pose none
  [ 16] JOLT-T W=8: hash 0x69afedf436821a38 threads 8
  [ 17] JOLT56-T W=8: hash 0x781114657d662672 threads 8
  [ 18] JOLT-NPC W=8: hash 0x7c185896e8f1b373 threads 8
  [ 19] JOLT-SLP W=8: hash 0xadfe2ee37b1cef78 threads 8
  [ 20] JOLT-P W=8: hash 0x69afedf436821a38 threads 8
  [ 21] J-A-d1 W=4: void 0 hash 0x6976399d3f4d3199 pose none
  [ 22] J-A-a W=4: void 0 hash 0x6976399d3f4d3199 pose none
  [ 23] J-A-d2 W=4: void 0 hash 0x6976399d3f4d3199 pose none
  [ 24] JOLT-T W=4: hash 0x69afedf436821a38 threads 4
  [ 25] JOLT56-T W=4: hash 0x781114657d662672 threads 4
  [ 26] J-A-d1 W=2: void 0 hash 0x6976399d3f4d3199 pose none
  [ 27] J-A-a W=2: void 0 hash 0x6976399d3f4d3199 pose none
  [ 28] J-A-d2 W=2: void 0 hash 0x6976399d3f4d3199 pose none
  [ 29] JOLT-T W=2: hash 0x69afedf436821a38 threads 2
  [ 30] JOLT56-T W=2: hash 0x781114657d662672 threads 2
  [ 31] J-A-d1 W=1: void 0 hash 0x6976399d3f4d3199 pose none
  [ 32] J-A-a W=1: void 0 hash 0x6976399d3f4d3199 pose none
  [ 33] J-B W=1: void 0 hash 0x6976399d3f4d3199 pose match
  [ 34] J-C W=1: void 0 hash 0x6976399d3f4d3199 pose none
  [ 35] J-P1 W=1: void 0 hash 0x6976399d3f4d3199 pose none
  [ 36] J-Son W=1: void 0 hash 0x58426687e8647451 pose none
  [ 37] J-S0 W=1: void 0 hash 0x6976399d3f4d3199 pose none
  [ 38] L1-A1 W=1: void 0 hash 0x6976399d3f4d3199 pose none
  [ 39] L1-B W=1: void 0 hash 0x6976399d3f4d3199 pose none
  [ 40] L1-A2 W=1: void 0 hash 0x6976399d3f4d3199 pose none
  [ 41] R W=1: void 0 hash 0xc390f9cffb514347 pose none
  [ 42] R-ref W=1: void 0 hash 0x0e87e43499896838 pose none
  [ 43] R-S W=1: void 0 hash 0xc390f9cffb514347 pose none
  [ 44] S16 W=1: void 0 hash 0xeaf6ad611fabfcb0 pose none
  [ 45] AA2-pre W=1: void 0 hash 0x6976399d3f4d3199 pose none
  [ 46] SHIP W=1: void 0 hash 0x6976399d3f4d3199 pose none
  [ 47] J-A-d2 W=1: void 0 hash 0x6976399d3f4d3199 pose none
  [ 48] JOLT-T W=1: hash 0x69afedf436821a38 threads 1
  [ 49] JOLT56-T W=1: hash 0x781114657d662672 threads 1
  [ 50] JOLT-SLP W=1: hash 0xadfe2ee37b1cef78 threads 1
  [ 51] JOLT-P W=1: hash 0x69afedf436821a38 threads 1
  [ 52] JOLT-RCPT W=1: hash 0x69afedf436821a38 threads 1
