warning: crates\reflect_fixture\Cargo.toml: file `D:\wt\_dm1_ab\crates\reflect_fixture\src\bin\reflect_on.rs` found to be present in multiple build targets:
  * `bin` target `reflect_on`
  * `bin` target `reflect_off_twin`
warning: `reflect-fixture` (manifest) generated 1 warning
   Compiling proc-macro2 v1.0.107
   Compiling boyko-diag v0.1.0 (D:\wt\_dm1_ab\crates\boyko_diag)
   Compiling unicode-ident v1.0.26
   Compiling crossbeam-utils v0.8.23
   Compiling quote v1.0.47
   Compiling crossbeam-epoch v0.9.21
   Compiling crossbeam-deque v0.8.8
   Compiling boyko-utils v0.1.0 (D:\wt\_dm1_ab\crates\boyko_utils)
   Compiling windows-link v0.2.1
   Compiling windows-sys v0.61.2
   Compiling boyko-memory v0.1.0 (D:\wt\_dm1_ab\crates\boyko_memory)
   Compiling static_assertions v1.1.0
   Compiling fixedbitset v0.5.7
   Compiling boyko-math v0.1.0 (D:\wt\_dm1_ab\crates\boyko_math)
   Compiling boyko_shaderdsl v0.1.0 (D:\wt\_dm1_ab\crates\boyko_shaderdsl)
   Compiling ttf-parser v0.25.1
   Compiling crossbeam-queue v0.3.14
   Compiling boyko-log v0.1.0 (D:\wt\_dm1_ab\crates\boyko_log)
   Compiling syn v2.0.119
   Compiling syn v3.0.6
   Compiling boyko_sdf_math v0.1.0 (D:\wt\_dm1_ab\crates\boyko_sdf_math)
   Compiling boyko-threadpool v0.1.0 (D:\wt\_dm1_ab\crates\boyko_threadpool)
   Compiling boyko_rhi v0.1.0 (D:\wt\_dm1_ab\crates\boyko_rhi)
   Compiling boyko_image v0.1.0 (D:\wt\_dm1_ab\crates\boyko_image)
   Compiling boyko-ecs v0.1.0 (D:\wt\_dm1_ab\crates\boyko_ecs)
   Compiling boyko_rhi_vulkan v0.1.0 (D:\wt\_dm1_ab\crates\boyko_rhi_vulkan)
   Compiling boyko-fontbake v0.1.0 (D:\wt\_dm1_ab\crates\boyko_fontbake)
   Compiling bytemuck_derive v1.12.1
   Compiling boyko-macros v0.1.0 (D:\wt\_dm1_ab\crates\boyko_macros)
   Compiling bytemuck v1.25.2
   Compiling boyko-input v0.1.0 (D:\wt\_dm1_ab\crates\boyko_input)
   Compiling boyko-scene v0.1.0 (D:\wt\_dm1_ab\crates\boyko_scene)
   Compiling boyko-ui v0.1.0 (D:\wt\_dm1_ab\crates\boyko_ui)
   Compiling boyko-physics v0.1.0 (D:\wt\_dm1_ab\crates\boyko_physics)
   Compiling boyko-render v0.1.0 (D:\wt\_dm1_ab\crates\boyko_render)
   Compiling boyko-app v0.1.0 (D:\wt\_dm1_ab\crates\boyko_app)
    Finished `test` profile [unoptimized + debuginfo] target(s) in 26.74s
