parent HL-D-allpairs  W=1 exit 0 pose 0x32d5e235342b4143 expect none bp AllPairs tree {"static_rebuilds":0,"sleeper_rebuilds":0,"evictions":0,"translations":0,"patches":0,"hint_candidates":0,"wide_rows":0,"excluded_rows":0,"locator_resets":0,"members":0} void 0 drops None waves 0 pose_sha eff361e1 -> OK
parent HL-D-allpairs  W=8 exit 0 pose 0x32d5e235342b4143 expect match bp AllPairs tree {"static_rebuilds":0,"sleeper_rebuilds":0,"evictions":0,"translations":0,"patches":0,"hint_candidates":0,"wide_rows":0,"excluded_rows":0,"locator_resets":0,"members":0} void 0 drops None waves 0 pose_sha eff361e1 -> OK
parent HL-D-tree      W=1 exit 0 pose 0x32d5e235342b4143 expect match bp Tree tree {"static_rebuilds":1,"sleeper_rebuilds":0,"evictions":0,"translations":0,"patches":0,"hint_candidates":0,"wide_rows":0,"excluded_rows":0,"locator_resets":0,"members":1} void 0 drops None waves 0 pose_sha eff361e1 -> OK
parent HL-D-tree      W=8 exit 0 pose 0x32d5e235342b4143 expect match bp Tree tree {"static_rebuilds":1,"sleeper_rebuilds":0,"evictions":0,"translations":0,"patches":0,"hint_candidates":0,"wide_rows":0,"excluded_rows":0,"locator_resets":0,"members":1} void 0 drops None waves 0 pose_sha eff361e1 -> OK
parent J-As           W=1 exit 0 pose 0x32d5e235342b4143 expect match bp AllPairs tree {"static_rebuilds":0,"sleeper_rebuilds":0,"evictions":0,"translations":0,"patches":0,"hint_candidates":0,"wide_rows":0,"excluded_rows":0,"locator_resets":0,"members":0} void 0 drops None waves 0 pose_sha eff361e1 -> OK
parent J-As           W=8 exit 0 pose 0x32d5e235342b4143 expect match bp AllPairs tree {"static_rebuilds":0,"sleeper_rebuilds":0,"evictions":0,"translations":0,"patches":0,"hint_candidates":0,"wide_rows":0,"excluded_rows":0,"locator_resets":0,"members":0} void 0 drops None waves 0 pose_sha eff361e1 -> OK
parent J-As-a         W=1 exit 0 pose 0x32d5e235342b4143 expect match bp AllPairs tree {"static_rebuilds":0,"sleeper_rebuilds":0,"evictions":0,"translations":0,"patches":0,"hint_candidates":0,"wide_rows":0,"excluded_rows":0,"locator_resets":0,"members":0} void 0 drops 0 waves 54660 pose_sha eff361e1 -> OK
parent J-As-a         W=8 exit 0 pose 0x32d5e235342b4143 expect match bp AllPairs tree {"static_rebuilds":0,"sleeper_rebuilds":0,"evictions":0,"translations":0,"patches":0,"hint_candidates":0,"wide_rows":0,"excluded_rows":0,"locator_resets":0,"members":0} void 0 drops 0 waves 54660 pose_sha eff361e1 -> OK
parent HL-R-allpairs  W=1 exit 0 pose 0xee2a67a98434919a expect none bp AllPairs tree {"static_rebuilds":0,"sleeper_rebuilds":0,"evictions":0,"translations":0,"patches":0,"hint_candidates":0,"wide_rows":0,"excluded_rows":0,"locator_resets":0,"members":0} void 0 drops None waves 0 pose_sha 89f084c2 -> OK
parent HL-R-allpairs  W=8 exit 0 pose 0xee2a67a98434919a expect match bp AllPairs tree {"static_rebuilds":0,"sleeper_rebuilds":0,"evictions":0,"translations":0,"patches":0,"hint_candidates":0,"wide_rows":0,"excluded_rows":0,"locator_resets":0,"members":0} void 0 drops None waves 0 pose_sha 89f084c2 -> OK
parent HL-R-tree      W=1 exit 0 pose 0xee2a67a98434919a expect match bp Tree tree {"static_rebuilds":1,"sleeper_rebuilds":0,"evictions":0,"translations":0,"patches":0,"hint_candidates":0,"wide_rows":0,"excluded_rows":0,"locator_resets":0,"members":1} void 0 drops None waves 0 pose_sha 89f084c2 -> OK
parent HL-R-tree      W=8 exit 0 pose 0xee2a67a98434919a expect match bp Tree tree {"static_rebuilds":1,"sleeper_rebuilds":0,"evictions":0,"translations":0,"patches":0,"hint_candidates":0,"wide_rows":0,"excluded_rows":0,"locator_resets":0,"members":1} void 0 drops None waves 0 pose_sha 89f084c2 -> OK
parent HL-D-tree      W=1 RED CONTROL 501 steps vs 500-step J_ref.pose: exit 4 expect_pose mismatch: 64480 vs 64480 bytes, first differing body Some(0) pose 0x9336b30a06a7d8af -> OK (red as required)
parent J-As           W=1 RED CONTROL 501 steps vs 500-step J_ref.pose: exit 4 expect_pose mismatch: 64480 vs 64480 bytes, first differing body Some(0) pose 0x9336b30a06a7d8af -> OK (red as required)
parent HL-R-tree      W=1 RED CONTROL 501 steps vs 500-step R_ref.pose: exit 4 expect_pose mismatch: 64480 vs 64480 bytes, first differing body Some(0) pose 0xcd9134a5004429cc -> OK (red as required)
tip    HL-D-allpairs  W=1 exit 0 pose 0x32d5e235342b4143 expect match bp AllPairs tree {"static_rebuilds":0,"sleeper_rebuilds":0,"evictions":0,"translations":0,"patches":0,"hint_candidates":0,"wide_rows":0,"excluded_rows":0,"locator_resets":0,"members":0} void 0 drops None waves 0 pose_sha eff361e1 -> OK
tip    HL-D-allpairs  W=8 exit 0 pose 0x32d5e235342b4143 expect match bp AllPairs tree {"static_rebuilds":0,"sleeper_rebuilds":0,"evictions":0,"translations":0,"patches":0,"hint_candidates":0,"wide_rows":0,"excluded_rows":0,"locator_resets":0,"members":0} void 0 drops None waves 0 pose_sha eff361e1 -> OK
tip    HL-D-tree      W=1 exit 0 pose 0x32d5e235342b4143 expect match bp Tree tree {"static_rebuilds":1,"sleeper_rebuilds":0,"evictions":0,"translations":0,"patches":0,"hint_candidates":0,"wide_rows":0,"excluded_rows":0,"locator_resets":0,"members":1} void 0 drops None waves 0 pose_sha eff361e1 -> OK
tip    HL-D-tree      W=8 exit 0 pose 0x32d5e235342b4143 expect match bp Tree tree {"static_rebuilds":1,"sleeper_rebuilds":0,"evictions":0,"translations":0,"patches":0,"hint_candidates":0,"wide_rows":0,"excluded_rows":0,"locator_resets":0,"members":1} void 0 drops None waves 0 pose_sha eff361e1 -> OK
tip    J-As           W=1 exit 0 pose 0x32d5e235342b4143 expect match bp AllPairs tree {"static_rebuilds":0,"sleeper_rebuilds":0,"evictions":0,"translations":0,"patches":0,"hint_candidates":0,"wide_rows":0,"excluded_rows":0,"locator_resets":0,"members":0} void 0 drops None waves 0 pose_sha eff361e1 -> OK
tip    J-As           W=8 exit 0 pose 0x32d5e235342b4143 expect match bp AllPairs tree {"static_rebuilds":0,"sleeper_rebuilds":0,"evictions":0,"translations":0,"patches":0,"hint_candidates":0,"wide_rows":0,"excluded_rows":0,"locator_resets":0,"members":0} void 0 drops None waves 0 pose_sha eff361e1 -> OK
tip    J-As-a         W=1 exit 0 pose 0x32d5e235342b4143 expect match bp AllPairs tree {"static_rebuilds":0,"sleeper_rebuilds":0,"evictions":0,"translations":0,"patches":0,"hint_candidates":0,"wide_rows":0,"excluded_rows":0,"locator_resets":0,"members":0} void 0 drops 0 waves 54660 pose_sha eff361e1 -> OK
tip    J-As-a         W=8 exit 0 pose 0x32d5e235342b4143 expect match bp AllPairs tree {"static_rebuilds":0,"sleeper_rebuilds":0,"evictions":0,"translations":0,"patches":0,"hint_candidates":0,"wide_rows":0,"excluded_rows":0,"locator_resets":0,"members":0} void 0 drops 0 waves 54660 pose_sha eff361e1 -> OK
tip    HL-R-allpairs  W=1 exit 0 pose 0xee2a67a98434919a expect match bp AllPairs tree {"static_rebuilds":0,"sleeper_rebuilds":0,"evictions":0,"translations":0,"patches":0,"hint_candidates":0,"wide_rows":0,"excluded_rows":0,"locator_resets":0,"members":0} void 0 drops None waves 0 pose_sha 89f084c2 -> OK
tip    HL-R-allpairs  W=8 exit 0 pose 0xee2a67a98434919a expect match bp AllPairs tree {"static_rebuilds":0,"sleeper_rebuilds":0,"evictions":0,"translations":0,"patches":0,"hint_candidates":0,"wide_rows":0,"excluded_rows":0,"locator_resets":0,"members":0} void 0 drops None waves 0 pose_sha 89f084c2 -> OK
tip    HL-R-tree      W=1 exit 0 pose 0xee2a67a98434919a expect match bp Tree tree {"static_rebuilds":1,"sleeper_rebuilds":0,"evictions":0,"translations":0,"patches":0,"hint_candidates":0,"wide_rows":0,"excluded_rows":0,"locator_resets":0,"members":1} void 0 drops None waves 0 pose_sha 89f084c2 -> OK
tip    HL-R-tree      W=8 exit 0 pose 0xee2a67a98434919a expect match bp Tree tree {"static_rebuilds":1,"sleeper_rebuilds":0,"evictions":0,"translations":0,"patches":0,"hint_candidates":0,"wide_rows":0,"excluded_rows":0,"locator_resets":0,"members":1} void 0 drops None waves 0 pose_sha 89f084c2 -> OK
tip    HL-D-tree      W=1 RED CONTROL 501 steps vs 500-step J_ref.pose: exit 4 expect_pose mismatch: 64480 vs 64480 bytes, first differing body Some(0) pose 0x9336b30a06a7d8af -> OK (red as required)
tip    J-As           W=1 RED CONTROL 501 steps vs 500-step J_ref.pose: exit 4 expect_pose mismatch: 64480 vs 64480 bytes, first differing body Some(0) pose 0x9336b30a06a7d8af -> OK (red as required)
tip    HL-R-tree      W=1 RED CONTROL 501 steps vs 500-step R_ref.pose: exit 4 expect_pose mismatch: 64480 vs 64480 bytes, first differing body Some(0) pose 0xcd9134a5004429cc -> OK (red as required)
config parent vs tip HL-D-allpairs  W=1: equal
config parent vs tip HL-D-allpairs  W=8: equal
config parent vs tip HL-D-tree      W=1: equal
config parent vs tip HL-D-tree      W=8: equal
config parent vs tip J-As           W=1: equal
config parent vs tip J-As           W=8: equal
config parent vs tip J-As-a         W=1: equal
config parent vs tip J-As-a         W=8: equal
config parent vs tip HL-R-allpairs  W=1: equal
config parent vs tip HL-R-allpairs  W=8: equal
config parent vs tip HL-R-tree      W=1: equal
config parent vs tip HL-R-tree      W=8: equal
ref pose sha256: {"J": "eff361e1bdf7261ddee5237cfbc4dbc3ad79d3a743a94fb2ebdee39c832e390f", "R": "89f084c2816b2c3c4cb162d88e2fb0ee7bd25f71ab885229c3ad3222635dd4f2"}
pose.bin sha256 by row (non-red): [["HL-D-allpairs", "eff361e1bdf7261ddee5237cfbc4dbc3ad79d3a743a94fb2ebdee39c832e390f"], ["HL-D-tree", "eff361e1bdf7261ddee5237cfbc4dbc3ad79d3a743a94fb2ebdee39c832e390f"], ["HL-R-allpairs", "89f084c2816b2c3c4cb162d88e2fb0ee7bd25f71ab885229c3ad3222635dd4f2"], ["HL-R-tree", "89f084c2816b2c3c4cb162d88e2fb0ee7bd25f71ab885229c3ad3222635dd4f2"], ["J-As", "eff361e1bdf7261ddee5237cfbc4dbc3ad79d3a743a94fb2ebdee39c832e390f"], ["J-As-a", "eff361e1bdf7261ddee5237cfbc4dbc3ad79d3a743a94fb2ebdee39c832e390f"]]
POSE GATE OK
