2026-09-23T00:40:18.085+03:00 WINDOW START {"start": "2026-09-23T00:40:17.720+03:00", "test": false, "placement": "P-none (no affinity call)", "blocks": [], "voids": [], "machine_before": {"time": "2026-09-23T00:40:18.085+03:00", "powercfg": "Power Scheme GUID: 8c5e7fda-e8bf-4a96-9a85-a6e23a8c635c  (High performance)", "battery_and_proc_count": "{\"BatteryStatus\":2,\"EstimatedChargeRemaining\":100}\r\n239"}}
2026-09-23T00:40:18.243+03:00 block headline: 12 cells per round, 2 passes x 3 rounds
2026-09-23T00:40:18.243+03:00 headline-p0: idle rule (wait_idle5.ps1, up to 120 polls)
2026-09-23T00:42:29.123+03:00 headline-p0: idle reached; {'time': '2026-09-23T00:42:29.123+03:00', 'powercfg': 'Power Scheme GUID: 8c5e7fda-e8bf-4a96-9a85-a6e23a8c635c  (High performance)', 'battery_and_proc_count': '{"BatteryStatus":2,"EstimatedChargeRemaining":100}\r\n244'}
2026-09-23T00:42:29.130+03:00 headline-p0: binaries verified against the manifest and bin/SHA256SUMS
2026-09-23T00:42:39.162+03:00 headline-p0: opening receipt 4.37% (build procs busy [], presence {'build': [], 'lane': []})
2026-09-23T00:42:45.491+03:00   headline-p0 warm-up HL-D-tree#tip W=8 (untimed): mean 2.5381 ms pose 0x32d5e235342b4143 expect match rb 4.37% ra 2.51% others 0.62% cpu_s 4.578 wall 1.278s perf 133.8 waited 0.0s
2026-09-23T00:42:53.933+03:00   headline-p0 r0 [  1] HL-D-tree#tip W=1: mean 6.7615 ms pose 0x32d5e235342b4143 expect match rb 2.51% ra 3.62% others 0.6% cpu_s 3.391 wall 3.389s perf 131.4 waited 0.0s
2026-09-23T00:43:03.194+03:00   headline-p0 r0 [  2] HL-D-allpairs#tip W=1: mean 8.3969 ms pose 0x32d5e235342b4143 expect match rb 3.62% ra 3.56% others 0.51% cpu_s 4.203 wall 4.207s perf 130.5 waited 0.0s
2026-09-23T00:43:12.811+03:00   headline-p0 r0 [  3] HL-R-tree#tip W=1: mean 9.1192 ms pose 0xee2a67a98434919a expect match rb 3.56% ra 3.37% others 3.42% cpu_s 4.578 wall 4.568s perf 131.1 waited 0.0s
2026-09-23T00:43:23.151+03:00   headline-p0 r0 [  4] HL-R-allpairs#tip W=1: mean 10.5667 ms pose 0xee2a67a98434919a expect match rb 3.37% ra 0.41% others 0.83% cpu_s 5.328 wall 5.292s perf 131.1 waited 0.0s
2026-09-23T00:43:30.436+03:00   headline-p0 r0 [  5] HL-D-tree#tip W=2: mean 4.4525 ms pose 0x32d5e235342b4143 expect match rb 0.41% ra 0.97% others 0.31% cpu_s 3.766 wall 2.235s perf 131.9 waited 0.0s
2026-09-23T00:43:38.601+03:00   headline-p0 r0 [  6] HL-D-allpairs#tip W=2: mean 6.2175 ms pose 0x32d5e235342b4143 expect match rb 0.97% ra 2.31% others 0.97% cpu_s 4.562 wall 3.118s perf 129.6 waited 0.0s
2026-09-23T00:43:45.238+03:00   headline-p0 r0 [  7] HL-D-tree#tip W=4: mean 3.1631 ms pose 0x32d5e235342b4143 expect match rb 2.31% ra 3.51% others 0.19% cpu_s 4.469 wall 1.591s perf 132.6 waited 0.0s
2026-09-23T00:43:52.682+03:00   headline-p0 r0 [  8] HL-D-allpairs#tip W=4: mean 4.7751 ms pose 0x32d5e235342b4143 expect match rb 3.51% ra 5.43% others 3.55% cpu_s 5.312 wall 2.397s perf 127.4 waited 0.0s CONTAMINATED-after(5.43%)
2026-09-23T00:44:24.129+03:00   headline-p0 r0 [  9] HL-D-tree#tip W=8: mean 2.7238 ms pose 0x32d5e235342b4143 expect match rb 0.9% ra 0.9% others 0.14% cpu_s 5.25 wall 1.371s perf 133.7 waited 25.0s
2026-09-23T00:44:31.214+03:00   headline-p0 r0 [ 10] HL-D-allpairs#tip W=8: mean 4.0528 ms pose 0x32d5e235342b4143 expect match rb 0.9% ra 5.75% others 0.77% cpu_s 6.188 wall 2.035s perf 126.2 waited 0.0s CONTAMINATED-after(5.75%)
2026-09-23T00:45:02.994+03:00   headline-p0 r0 [ 11] HL-R-tree#tip W=8: mean 3.3909 ms pose 0xee2a67a98434919a expect match rb 1.09% ra 2.31% others 0.29% cpu_s 6.375 wall 1.704s perf 132.3 waited 25.0s
2026-09-23T00:45:10.815+03:00   headline-p0 r0 [ 12] HL-R-allpairs#tip W=8: mean 5.5256 ms pose 0xee2a67a98434919a expect match rb 2.31% ra 5.29% others 0.64% cpu_s 8.891 wall 2.772s perf 125.9 waited 0.0s CONTAMINATED-after(5.29%)
2026-09-23T00:45:44.400+03:00   headline-p0 r1 [ 13] HL-D-tree#tip W=1: mean 6.9946 ms pose 0x32d5e235342b4143 expect match rb 1.15% ra 1.72% others 0.39% cpu_s 3.516 wall 3.506s perf 131.0 waited 25.0s
2026-09-23T00:45:53.571+03:00   headline-p0 r1 [ 14] HL-D-allpairs#tip W=1: mean 8.2267 ms pose 0x32d5e235342b4143 expect match rb 1.72% ra 5.62% others 1.14% cpu_s 4.109 wall 4.122s perf 131.5 waited 0.0s CONTAMINATED-after(5.62%)
2026-09-23T00:46:28.417+03:00   headline-p0 r1 [ 15] HL-R-tree#tip W=1: mean 9.5234 ms pose 0xee2a67a98434919a expect match rb 1.27% ra 1.69% others 1.17% cpu_s 4.781 wall 4.771s perf 131.4 waited 25.0s
2026-09-23T00:46:38.834+03:00   headline-p0 r1 [ 16] HL-R-allpairs#tip W=1: mean 10.7126 ms pose 0xee2a67a98434919a expect match rb 1.69% ra 5.61% others 3.1% cpu_s 5.375 wall 5.365s perf 130.8 waited 0.0s CONTAMINATED-after(5.61%)
2026-09-23T00:49:41.338+03:00   headline-p0 r1 [ 17] HL-D-tree#tip W=2: mean 4.4150 ms pose 0x32d5e235342b4143 expect match rb 1.86% ra 1.42% others 0.62% cpu_s 3.734 wall 2.218s perf 131.2 waited 175.2s
2026-09-23T00:49:49.440+03:00   headline-p0 r1 [ 18] HL-D-allpairs#tip W=2: mean 6.0805 ms pose 0x32d5e235342b4143 expect match rb 1.42% ra 0.68% others 0.64% cpu_s 4.609 wall 3.049s perf 128.9 waited 0.0s
2026-09-23T00:49:56.091+03:00   headline-p0 r1 [ 19] HL-D-tree#tip W=4: mean 3.1808 ms pose 0x32d5e235342b4143 expect match rb 0.68% ra 1.95% others 1.34% cpu_s 4.375 wall 1.599s perf 132.3 waited 0.0s
2026-09-23T00:50:03.573+03:00   headline-p0 r1 [ 20] HL-D-allpairs#tip W=4: mean 4.8473 ms pose 0x32d5e235342b4143 expect match rb 1.95% ra 4.67% others 6.67% cpu_s 5.578 wall 2.432s perf 127.8 waited 0.0s
2026-09-23T00:50:10.013+03:00   headline-p0 r1 [ 21] HL-D-tree#tip W=8: mean 2.5067 ms pose 0x32d5e235342b4143 expect match rb 4.67% ra 37.1% others 0.7% cpu_s 5.203 wall 1.262s perf 133.2 waited 0.0s CONTAMINATED-after(37.1%)
2026-09-23T00:50:42.205+03:00   headline-p0 r1 [ 22] HL-D-allpairs#tip W=8: mean 4.2121 ms pose 0x32d5e235342b4143 expect match rb 1.33% ra 4.05% others 3.93% cpu_s 6.016 wall 2.115s perf 127.4 waited 25.0s
2026-09-23T00:50:49.166+03:00   headline-p0 r1 [ 23] HL-R-tree#tip W=8: mean 3.7926 ms pose 0xee2a67a98434919a expect match rb 4.05% ra 3.06% others 3.59% cpu_s 7.531 wall 1.905s perf 131.7 waited 0.0s
2026-09-23T00:50:56.749+03:00   headline-p0 r1 [ 24] HL-R-allpairs#tip W=8: mean 5.0381 ms pose 0xee2a67a98434919a expect match rb 3.06% ra 1.68% others 1.59% cpu_s 8.109 wall 2.528s perf 126.7 waited 0.0s
2026-09-23T00:51:05.236+03:00   headline-p0 r2 [ 25] HL-D-tree#tip W=1: mean 6.8525 ms pose 0x32d5e235342b4143 expect match rb 1.68% ra 2.88% others 1.05% cpu_s 3.469 wall 3.435s perf 130.6 waited 0.0s
2026-09-23T00:51:14.440+03:00   headline-p0 r2 [ 26] HL-D-allpairs#tip W=1: mean 8.2905 ms pose 0x32d5e235342b4143 expect match rb 2.88% ra 2.97% others 0.21% cpu_s 4.172 wall 4.154s perf 130.7 waited 0.0s
2026-09-23T00:51:24.077+03:00   headline-p0 r2 [ 27] HL-R-tree#tip W=1: mean 9.0728 ms pose 0xee2a67a98434919a expect match rb 2.97% ra 59.42% others 1.78% cpu_s 4.594 wall 4.545s perf 130.9 waited 0.0s CONTAMINATED-after(59.42%)
2026-09-23T00:51:59.416+03:00   headline-p0 r2 [ 28] HL-R-allpairs#tip W=1: mean 10.5102 ms pose 0xee2a67a98434919a expect match rb 2.2% ra 1.6% others 0.41% cpu_s 5.266 wall 5.264s perf 131.1 waited 25.0s
2026-09-23T00:52:06.680+03:00   headline-p0 r2 [ 29] HL-D-tree#tip W=2: mean 4.4090 ms pose 0x32d5e235342b4143 expect match rb 1.6% ra 5.24% others 3.93% cpu_s 3.922 wall 2.213s perf 132.0 waited 0.0s CONTAMINATED-after(5.24%)
2026-09-23T00:52:39.803+03:00   headline-p0 r2 [ 30] HL-D-allpairs#tip W=2: mean 6.0786 ms pose 0x32d5e235342b4143 expect match rb 0.3% ra 3.4% others 0.29% cpu_s 4.641 wall 3.048s perf 129.4 waited 25.0s
2026-09-23T00:52:46.443+03:00   headline-p0 r2 [ 31] HL-D-tree#tip W=4: mean 3.1622 ms pose 0x32d5e235342b4143 expect match rb 3.4% ra 3.37% others 3.32% cpu_s 4.172 wall 1.59s perf 132.9 waited 0.0s
2026-09-23T00:52:53.903+03:00   headline-p0 r2 [ 32] HL-D-allpairs#tip W=4: mean 4.7955 ms pose 0x32d5e235342b4143 expect match rb 3.37% ra 10.4% others 2.88% cpu_s 5.375 wall 2.407s perf 127.8 waited 0.0s CONTAMINATED-after(10.4%) VOID(build/lane process during/after the process: presence {'build': ['rustc.exe(24440)', 'rustc.exe(8164)'], 'lane': []} busy ['rustc.exe'] during [] new [])
2026-09-23T00:52:53.903+03:00 headline-p0: PASS VOIDED (build/lane process during/after the process: presence {'build': ['rustc.exe(24440)', 'rustc.exe(8164)'], 'lane': []} busy ['rustc.exe'] during [] new []); 32 timed processes discarded; waiting for idle and re-running
2026-09-23T00:52:53.904+03:00 headline-p0-v1: idle rule (wait_idle5.ps1, up to 120 polls)
2026-09-23T00:56:04.860+03:00 headline-p0-v1: idle reached; {'time': '2026-09-23T00:56:04.860+03:00', 'powercfg': 'Power Scheme GUID: 8c5e7fda-e8bf-4a96-9a85-a6e23a8c635c  (High performance)', 'battery_and_proc_count': '{"BatteryStatus":2,"EstimatedChargeRemaining":100}\r\n245'}
2026-09-23T00:56:04.867+03:00 headline-p0-v1: binaries verified against the manifest and bin/SHA256SUMS
2026-09-23T00:56:15.010+03:00 headline-p0-v1: opening receipt 21.45% (build procs busy [], presence {'build': [], 'lane': []})
2026-09-23T00:56:46.415+03:00   headline-p0-v1 warm-up HL-D-tree#tip W=8 (untimed): mean 2.6314 ms pose 0x32d5e235342b4143 expect match rb 1.78% ra 1.23% others 0.52% cpu_s 5.109 wall 1.326s perf 133.4 waited 25.0s
2026-09-23T00:56:54.866+03:00   headline-p0-v1 r0 [  1] HL-D-tree#tip W=1: mean 6.7866 ms pose 0x32d5e235342b4143 expect match rb 1.23% ra 2.7% others 4.39% cpu_s 3.406 wall 3.402s perf 131.3 waited 0.0s
2026-09-23T00:57:04.122+03:00   headline-p0-v1 r0 [  2] HL-D-allpairs#tip W=1: mean 8.3873 ms pose 0x32d5e235342b4143 expect match rb 2.7% ra 0.57% others 0.42% cpu_s 4.125 wall 4.202s perf 131.1 waited 0.0s
2026-09-23T00:57:13.699+03:00   headline-p0-v1 r0 [  3] HL-R-tree#tip W=1: mean 9.0168 ms pose 0xee2a67a98434919a expect match rb 0.57% ra 1.06% others 0.54% cpu_s 4.547 wall 4.52s perf 131.3 waited 0.0s
2026-09-23T00:57:23.991+03:00   headline-p0-v1 r0 [  4] HL-R-allpairs#tip W=1: mean 10.4621 ms pose 0xee2a67a98434919a expect match rb 1.06% ra 0.31% others 0.34% cpu_s 5.234 wall 5.24s perf 131.3 waited 0.0s
2026-09-23T00:57:31.252+03:00   headline-p0-v1 r0 [  5] HL-D-tree#tip W=2: mean 4.4102 ms pose 0x32d5e235342b4143 expect match rb 0.31% ra 4.77% others 0.44% cpu_s 3.656 wall 2.214s perf 131.8 waited 0.0s
2026-09-23T00:57:39.976+03:00   headline-p0-v1 r0 [  6] HL-D-allpairs#tip W=2: mean 7.3031 ms pose 0x32d5e235342b4143 expect match rb 4.77% ra 19.23% others 12.99% cpu_s 5.328 wall 3.663s perf 131.1 waited 0.0s CONTAMINATED-after(19.23%) BUILD-PROC-DURING(['cargo.exe']) VOID(build/lane process during/after the process: presence {'build': ['cargo.exe(17100)', 'cargo.exe(14056)', 'cargo.exe(34060)', 'cargo.exe(12252)', 'cargo.exe(31632)', 'cargo.exe(38752)', 'cargo.exe(23144)', 'cargo.exe(27520)'], 'lane': []} busy ['cargo.exe'] during ['cargo.exe'] new ['cargo.exe'])
2026-09-23T00:57:39.976+03:00 headline-p0-v1: PASS VOIDED (build/lane process during/after the process: presence {'build': ['cargo.exe(17100)', 'cargo.exe(14056)', 'cargo.exe(34060)', 'cargo.exe(12252)', 'cargo.exe(31632)', 'cargo.exe(38752)', 'cargo.exe(23144)', 'cargo.exe(27520)'], 'lane': []} busy ['cargo.exe'] during ['cargo.exe'] new ['cargo.exe']); 6 timed processes discarded; waiting for idle and re-running
2026-09-23T00:57:39.976+03:00 headline-p0-v2: idle rule (wait_idle5.ps1, up to 120 polls)
2026-09-23T01:04:50.917+03:00 headline-p0-v2: idle reached; {'time': '2026-09-23T01:04:50.917+03:00', 'powercfg': 'Power Scheme GUID: 8c5e7fda-e8bf-4a96-9a85-a6e23a8c635c  (High performance)', 'battery_and_proc_count': '{"BatteryStatus":2,"EstimatedChargeRemaining":100}\r\n249'}
2026-09-23T01:04:50.924+03:00 headline-p0-v2: binaries verified against the manifest and bin/SHA256SUMS
2026-09-23T01:05:00.955+03:00 headline-p0-v2: opening receipt 1.25% (build procs busy [], presence {'build': [], 'lane': []})
2026-09-23T01:05:07.258+03:00   headline-p0-v2 warm-up HL-D-tree#tip W=8 (untimed): mean 2.4796 ms pose 0x32d5e235342b4143 expect match rb 1.25% ra 5.79% others 3.83% cpu_s 5.484 wall 1.251s perf 134.2 waited 0.0s CONTAMINATED-after(5.79%)
2026-09-23T01:05:40.805+03:00   headline-p0-v2 r0 [  1] HL-D-tree#tip W=1: mean 6.9147 ms pose 0x32d5e235342b4143 expect match rb 0.94% ra 1.72% others 0.76% cpu_s 3.516 wall 3.466s perf 131.1 waited 25.0s
2026-09-23T01:05:50.004+03:00   headline-p0-v2 r0 [  2] HL-D-allpairs#tip W=1: mean 8.2797 ms pose 0x32d5e235342b4143 expect match rb 1.72% ra 2.71% others 3.53% cpu_s 4.141 wall 4.148s perf 131.0 waited 0.0s
2026-09-23T01:05:59.628+03:00   headline-p0-v2 r0 [  3] HL-R-tree#tip W=1: mean 9.0645 ms pose 0xee2a67a98434919a expect match rb 2.71% ra 65.45% others 0.86% cpu_s 4.547 wall 4.542s perf 131.0 waited 0.0s CONTAMINATED-after(65.45%)
2026-09-23T01:06:35.053+03:00   headline-p0-v2 r0 [  4] HL-R-allpairs#tip W=1: mean 10.3974 ms pose 0xee2a67a98434919a expect match rb 3.94% ra 23.85% others 2.18% cpu_s 5.219 wall 5.208s perf 131.0 waited 25.0s CONTAMINATED-after(23.85%)
2026-09-23T01:07:00.087+03:00   headline-p0-v2 r0 [  5] HL-D-tree#tip W=2: mean NONE rb 19.45% ra None% others None% cpu_s None wall Nones waited 25.0s VOID(build/lane process present before the process: {'build': ['cargo.exe(16264)', 'cargo.exe(24776)'], 'lane': ['D:\\wt\\_targets\\joltab-msvc\\debug\\deps\\ignore_reasons_census-306c797280658493.exe(6712)']} busy ['cargo.exe'])
2026-09-23T01:07:00.088+03:00 headline-p0-v2: PASS VOIDED (build/lane process present before the process: {'build': ['cargo.exe(16264)', 'cargo.exe(24776)'], 'lane': ['D:\\wt\\_targets\\joltab-msvc\\debug\\deps\\ignore_reasons_census-306c797280658493.exe(6712)']} busy ['cargo.exe']); 4 timed processes discarded; waiting for idle and re-running
2026-09-23T01:07:00.088+03:00 headline-p0-v3: idle rule (wait_idle5.ps1, up to 120 polls)
2026-09-23T02:15:11.951+03:00 headline-p0-v3: idle reached; {'time': '2026-09-23T02:15:11.951+03:00', 'powercfg': 'Power Scheme GUID: 8c5e7fda-e8bf-4a96-9a85-a6e23a8c635c  (High performance)', 'battery_and_proc_count': '{"BatteryStatus":2,"EstimatedChargeRemaining":100}\r\n249'}
2026-09-23T02:15:11.959+03:00 headline-p0-v3: binaries verified against the manifest and bin/SHA256SUMS
2026-09-23T02:15:21.994+03:00 headline-p0-v3: opening receipt 1.38% (build procs busy [], presence {'build': [], 'lane': []})
2026-09-23T02:15:28.440+03:00   headline-p0-v3 warm-up HL-D-tree#tip W=8 (untimed): mean 2.7324 ms pose 0x32d5e235342b4143 expect match rb 1.38% ra 4.25% others 2.68% cpu_s 5.359 wall 1.386s perf 132.4 waited 0.0s
2026-09-23T02:15:37.162+03:00   headline-p0-v3 r0 [  1] HL-D-tree#tip W=1: mean 7.3134 ms pose 0x32d5e235342b4143 expect match rb 4.25% ra 7.3% others 3.57% cpu_s 3.688 wall 3.666s perf 127.6 waited 0.0s CONTAMINATED-after(7.3%)
2026-09-23T02:16:11.828+03:00   headline-p0-v3 r0 [  2] HL-D-allpairs#tip W=1: mean 9.1355 ms pose 0x32d5e235342b4143 expect match rb 2.29% ra 3.12% others 3.82% cpu_s 4.594 wall 4.577s perf 128.2 waited 25.0s
2026-09-23T02:16:21.789+03:00   headline-p0-v3 r0 [  3] HL-R-tree#tip W=1: mean 9.7924 ms pose 0xee2a67a98434919a expect match rb 3.12% ra 4.97% others 4.12% cpu_s 4.906 wall 4.907s perf 128.3 waited 0.0s
2026-09-23T02:16:32.528+03:00   headline-p0-v3 r0 [  4] HL-R-allpairs#tip W=1: mean 11.3485 ms pose 0xee2a67a98434919a expect match rb 4.97% ra 2.18% others 3.45% cpu_s 5.734 wall 5.684s perf 128.5 waited 0.0s
2026-09-23T02:16:40.379+03:00   headline-p0-v3 r0 [  5] HL-D-tree#tip W=2: mean 5.5586 ms pose 0x32d5e235342b4143 expect match rb 2.18% ra 4.87% others 4.87% cpu_s 4.312 wall 2.79s perf 129.5 waited 0.0s
2026-09-23T02:16:49.245+03:00   headline-p0-v3 r0 [  6] HL-D-allpairs#tip W=2: mean 7.6001 ms pose 0x32d5e235342b4143 expect match rb 4.87% ra 11.14% others 6.49% cpu_s 5.562 wall 3.81s perf 129.2 waited 0.0s CONTAMINATED-after(11.14%)
2026-09-23T02:19:01.314+03:00   headline-p0-v3 r0 [  7] HL-D-tree#tip W=4: mean 3.6663 ms pose 0x32d5e235342b4143 expect match rb 1.87% ra 9.82% others 6.0% cpu_s 4.906 wall 1.843s perf 131.1 waited 125.2s CONTAMINATED-after(9.82%)
2026-09-23T02:19:33.910+03:00   headline-p0-v3 r0 [  8] HL-D-allpairs#tip W=4: mean 4.9978 ms pose 0x32d5e235342b4143 expect match rb 4.16% ra 7.21% others 2.77% cpu_s 5.078 wall 2.508s perf 127.9 waited 25.0s CONTAMINATED-after(7.21%)
2026-09-23T02:20:55.571+03:00   headline-p0-v3 r0 [  9] HL-D-tree#tip W=8: mean 2.9564 ms pose 0x32d5e235342b4143 expect match rb 4.04% ra 4.76% others 4.99% cpu_s 5.656 wall 1.488s perf 132.8 waited 75.1s
2026-09-23T02:21:02.858+03:00   headline-p0-v3 r0 [ 10] HL-D-allpairs#tip W=8: mean 4.4523 ms pose 0x32d5e235342b4143 expect match rb 4.76% ra 3.25% others 1.57% cpu_s 6.391 wall 2.235s perf 126.3 waited 0.0s
2026-09-23T02:21:09.827+03:00   headline-p0-v3 r0 [ 11] HL-R-tree#tip W=8: mean 3.8029 ms pose 0xee2a67a98434919a expect match rb 3.25% ra 4.52% others 7.2% cpu_s 6.359 wall 1.912s perf 131.9 waited 0.0s
2026-09-23T02:21:17.632+03:00   headline-p0-v3 r0 [ 12] HL-R-allpairs#tip W=8: mean 5.4971 ms pose 0xee2a67a98434919a expect match rb 4.52% ra 3.18% others 3.01% cpu_s 8.844 wall 2.757s perf 127.3 waited 0.0s
2026-09-23T02:21:26.253+03:00   headline-p0-v3 r1 [ 13] HL-D-tree#tip W=1: mean 7.1062 ms pose 0x32d5e235342b4143 expect match rb 3.18% ra 2.78% others 2.31% cpu_s 3.562 wall 3.562s perf 129.6 waited 0.0s
2026-09-23T02:21:35.573+03:00   headline-p0-v3 r1 [ 14] HL-D-allpairs#tip W=1: mean 8.5276 ms pose 0x32d5e235342b4143 expect match rb 2.78% ra 2.76% others 1.03% cpu_s 4.266 wall 4.273s perf 129.1 waited 0.0s
2026-09-23T02:21:45.455+03:00   headline-p0-v3 r1 [ 15] HL-R-tree#tip W=1: mean 9.6149 ms pose 0xee2a67a98434919a expect match rb 2.76% ra 5.79% others 1.99% cpu_s 4.797 wall 4.817s perf 129.5 waited 0.0s CONTAMINATED-after(5.79%)
2026-09-23T02:22:21.215+03:00   headline-p0-v3 r1 [ 16] HL-R-allpairs#tip W=1: mean 11.3347 ms pose 0xee2a67a98434919a expect match rb 2.52% ra 1.66% others 2.2% cpu_s 5.688 wall 5.677s perf 129.3 waited 25.0s
2026-09-23T02:22:28.610+03:00   headline-p0-v3 r1 [ 17] HL-D-tree#tip W=2: mean 4.6723 ms pose 0x32d5e235342b4143 expect match rb 1.66% ra 6.41% others 0.96% cpu_s 3.938 wall 2.345s perf 130.3 waited 0.0s CONTAMINATED-after(6.41%)
2026-09-23T02:24:42.090+03:00   headline-p0-v3 r1 [ 18] HL-D-allpairs#tip W=2: mean 6.5071 ms pose 0x32d5e235342b4143 expect match rb 4.88% ra 4.37% others 2.61% cpu_s 4.75 wall 3.263s perf 128.4 waited 125.2s
2026-09-23T02:24:48.806+03:00   headline-p0-v3 r1 [ 19] HL-D-tree#tip W=4: mean 3.2985 ms pose 0x32d5e235342b4143 expect match rb 4.37% ra 4.42% others 2.07% cpu_s 4.094 wall 1.658s perf 131.7 waited 0.0s
2026-09-23T02:24:56.575+03:00   headline-p0-v3 r1 [ 20] HL-D-allpairs#tip W=4: mean 5.4086 ms pose 0x32d5e235342b4143 expect match rb 4.42% ra 6.99% others 3.74% cpu_s 5.531 wall 2.715s perf 126.2 waited 0.0s CONTAMINATED-after(6.99%)
2026-09-23T02:26:18.097+03:00   headline-p0-v3 r1 [ 21] HL-D-tree#tip W=8: mean 2.7299 ms pose 0x32d5e235342b4143 expect match rb 2.24% ra 2.44% others 0.71% cpu_s 5.047 wall 1.375s perf 133.2 waited 75.1s
2026-09-23T02:26:25.312+03:00   headline-p0-v3 r1 [ 22] HL-D-allpairs#tip W=8: mean 4.2955 ms pose 0x32d5e235342b4143 expect match rb 2.44% ra 1.29% others 1.41% cpu_s 5.438 wall 2.157s perf 126.7 waited 0.0s
2026-09-23T02:26:32.173+03:00   headline-p0-v3 r1 [ 23] HL-R-tree#tip W=8: mean 3.6061 ms pose 0xee2a67a98434919a expect match rb 1.29% ra 2.86% others 0.7% cpu_s 7.0 wall 1.812s perf 131.7 waited 0.0s
2026-09-23T02:26:39.863+03:00   headline-p0-v3 r1 [ 24] HL-R-allpairs#tip W=8: mean 5.2623 ms pose 0xee2a67a98434919a expect match rb 2.86% ra 2.99% others 3.48% cpu_s 9.156 wall 2.641s perf 126.5 waited 0.0s
2026-09-23T02:26:48.369+03:00   headline-p0-v3 r2 [ 25] HL-D-tree#tip W=1: mean 6.8913 ms pose 0x32d5e235342b4143 expect match rb 2.99% ra 3.0% others 1.76% cpu_s 3.453 wall 3.454s perf 129.9 waited 0.0s
2026-09-23T02:26:57.983+03:00   headline-p0-v3 r2 [ 26] HL-D-allpairs#tip W=1: mean 9.1093 ms pose 0x32d5e235342b4143 expect match rb 3.0% ra 2.64% others 4.67% cpu_s 4.594 wall 4.564s perf 129.5 waited 0.0s
2026-09-23T02:27:08.186+03:00   headline-p0-v3 r2 [ 27] HL-R-tree#tip W=1: mean 10.2733 ms pose 0xee2a67a98434919a expect match rb 2.64% ra 1.64% others 4.29% cpu_s 5.125 wall 5.146s perf 129.2 waited 0.0s
2026-09-23T02:27:18.861+03:00   headline-p0-v3 r2 [ 28] HL-R-allpairs#tip W=1: mean 11.2274 ms pose 0xee2a67a98434919a expect match rb 1.64% ra 4.59% others 2.73% cpu_s 5.656 wall 5.623s perf 128.9 waited 0.0s
2026-09-23T02:27:26.250+03:00   headline-p0-v3 r2 [ 29] HL-D-tree#tip W=2: mean 4.6570 ms pose 0x32d5e235342b4143 expect match rb 4.59% ra 5.71% others 2.18% cpu_s 3.922 wall 2.338s perf 130.5 waited 0.0s CONTAMINATED-after(5.71%)
2026-09-23T02:27:59.556+03:00   headline-p0-v3 r2 [ 30] HL-D-allpairs#tip W=2: mean 6.4349 ms pose 0x32d5e235342b4143 expect match rb 0.76% ra 4.12% others 2.94% cpu_s 4.891 wall 3.228s perf 128.6 waited 25.0s
2026-09-23T02:28:06.324+03:00   headline-p0-v3 r2 [ 31] HL-D-tree#tip W=4: mean 3.3982 ms pose 0x32d5e235342b4143 expect match rb 4.12% ra 2.69% others 3.65% cpu_s 4.422 wall 1.71s perf 131.9 waited 0.0s
2026-09-23T02:28:13.845+03:00   headline-p0-v3 r2 [ 32] HL-D-allpairs#tip W=4: mean 4.9183 ms pose 0x32d5e235342b4143 expect match rb 2.69% ra 1.88% others 1.9% cpu_s 5.594 wall 2.469s perf 126.3 waited 0.0s
2026-09-23T02:28:20.255+03:00   headline-p0-v3 r2 [ 33] HL-D-tree#tip W=8: mean 2.7020 ms pose 0x32d5e235342b4143 expect match rb 1.88% ra 1.8% others 1.37% cpu_s 4.891 wall 1.361s perf 133.2 waited 0.0s
2026-09-23T02:28:27.523+03:00   headline-p0-v3 r2 [ 34] HL-D-allpairs#tip W=8: mean 4.4119 ms pose 0x32d5e235342b4143 expect match rb 1.8% ra 6.89% others 1.33% cpu_s 5.953 wall 2.215s perf 125.7 waited 0.0s CONTAMINATED-after(6.89%)
2026-09-23T02:29:24.561+03:00   headline-p0-v3 r2 [ 35] HL-R-tree#tip W=8: mean 3.8052 ms pose 0xee2a67a98434919a expect match rb 3.56% ra 3.28% others 3.26% cpu_s 6.719 wall 1.917s perf 131.3 waited 50.1s
2026-09-23T02:29:32.200+03:00   headline-p0-v3 r2 [ 36] HL-R-allpairs#tip W=8: mean 5.1617 ms pose 0xee2a67a98434919a expect match rb 3.28% ra 2.63% others 1.13% cpu_s 8.688 wall 2.59s perf 126.2 waited 0.0s
2026-09-23T02:29:32.201+03:00 headline-p0-v3: re-running 9 process(es) at the end of the pass: [(1, 0, 'HL-D-tree', 'tip', 1, 'contaminated'), (6, 0, 'HL-D-allpairs', 'tip', 2, 'contaminated'), (7, 0, 'HL-D-tree', 'tip', 4, 'contaminated'), (8, 0, 'HL-D-allpairs', 'tip', 4, 'contaminated'), (15, 1, 'HL-R-tree', 'tip', 1, 'contaminated'), (17, 1, 'HL-D-tree', 'tip', 2, 'contaminated'), (20, 1, 'HL-D-allpairs', 'tip', 4, 'contaminated'), (29, 2, 'HL-D-tree', 'tip', 2, 'contaminated'), (34, 2, 'HL-D-allpairs', 'tip', 8, 'contaminated')]
2026-09-23T02:29:40.757+03:00   headline-p0-v3 r0 [  1] HL-D-tree#tip W=1 RERUN (contaminated): mean 6.9948 ms pose 0x32d5e235342b4143 expect match rb 2.63% ra 3.16% others 0.89% cpu_s 3.516 wall 3.507s perf 130.7 waited 0.0s
2026-09-23T02:29:48.944+03:00   headline-p0-v3 r0 [  6] HL-D-allpairs#tip W=2 RERUN (contaminated): mean 6.2462 ms pose 0x32d5e235342b4143 expect match rb 3.16% ra 2.7% others 1.16% cpu_s 4.484 wall 3.134s perf 128.9 waited 0.0s
2026-09-23T02:29:55.673+03:00   headline-p0-v3 r0 [  7] HL-D-tree#tip W=4 RERUN (contaminated): mean 3.3399 ms pose 0x32d5e235342b4143 expect match rb 2.7% ra 1.16% others 1.04% cpu_s 4.406 wall 1.679s perf 131.8 waited 0.0s
2026-09-23T02:30:03.167+03:00   headline-p0-v3 r0 [  8] HL-D-allpairs#tip W=4 RERUN (contaminated): mean 4.8674 ms pose 0x32d5e235342b4143 expect match rb 1.16% ra 4.83% others 2.68% cpu_s 5.156 wall 2.443s perf 127.7 waited 0.0s
2026-09-23T02:30:12.768+03:00   headline-p0-v3 r1 [ 15] HL-R-tree#tip W=1 RERUN (contaminated): mean 9.0820 ms pose 0xee2a67a98434919a expect match rb 4.83% ra 2.11% others 1.29% cpu_s 4.578 wall 4.55s perf 131.5 waited 0.0s
2026-09-23T02:30:20.063+03:00   headline-p0-v3 r1 [ 17] HL-D-tree#tip W=2 RERUN (contaminated): mean 4.4690 ms pose 0x32d5e235342b4143 expect match rb 2.11% ra 1.25% others 0.7% cpu_s 3.797 wall 2.244s perf 132.1 waited 0.0s
2026-09-23T02:30:27.630+03:00   headline-p0-v3 r1 [ 20] HL-D-allpairs#tip W=4 RERUN (contaminated): mean 5.0144 ms pose 0x32d5e235342b4143 expect match rb 1.25% ra 1.23% others 1.32% cpu_s 5.422 wall 2.516s perf 127.2 waited 0.0s
2026-09-23T02:30:34.968+03:00   headline-p0-v3 r2 [ 29] HL-D-tree#tip W=2 RERUN (contaminated): mean 4.5550 ms pose 0x32d5e235342b4143 expect match rb 1.23% ra 1.64% others 0.42% cpu_s 3.828 wall 2.287s perf 131.2 waited 0.0s
2026-09-23T02:30:42.129+03:00   headline-p0-v3 r2 [ 34] HL-D-allpairs#tip W=8 RERUN (contaminated): mean 4.2130 ms pose 0x32d5e235342b4143 expect match rb 1.64% ra 3.75% others 0.46% cpu_s 6.953 wall 2.115s perf 126.7 waited 0.0s
2026-09-23T02:30:42.130+03:00 headline-p0-v3: done
2026-09-23T02:30:42.130+03:00 headline-p1: idle rule (wait_idle5.ps1, up to 120 polls)
2026-09-23T02:32:53.026+03:00 headline-p1: idle reached; {'time': '2026-09-23T02:32:53.026+03:00', 'powercfg': 'Power Scheme GUID: 8c5e7fda-e8bf-4a96-9a85-a6e23a8c635c  (High performance)', 'battery_and_proc_count': '{"BatteryStatus":2,"EstimatedChargeRemaining":100}\r\n246'}
2026-09-23T02:32:53.033+03:00 headline-p1: binaries verified against the manifest and bin/SHA256SUMS
2026-09-23T02:33:03.064+03:00 headline-p1: opening receipt 4.03% (build procs busy [], presence {'build': [], 'lane': []})
2026-09-23T02:33:09.512+03:00   headline-p1 warm-up HL-D-tree#tip W=8 (untimed): mean 2.7550 ms pose 0x32d5e235342b4143 expect match rb 4.03% ra 1.66% others 3.58% cpu_s 4.297 wall 1.392s perf 133.6 waited 0.0s
2026-09-23T02:33:17.587+03:00   headline-p1 r0 [  1] HL-R-allpairs#tip W=8: mean 6.0178 ms pose 0xee2a67a98434919a expect match rb 1.66% ra 12.54% others 1.2% cpu_s 7.984 wall 3.019s perf 128.4 waited 0.0s CONTAMINATED-after(12.54%)
2026-09-23T02:34:39.583+03:00   headline-p1 r0 [  2] HL-R-tree#tip W=8: mean 3.6759 ms pose 0xee2a67a98434919a expect match rb 1.25% ra 1.96% others 0.53% cpu_s 6.5 wall 1.85s perf 131.9 waited 75.1s
2026-09-23T02:34:46.751+03:00   headline-p1 r0 [  3] HL-D-allpairs#tip W=8: mean 4.2181 ms pose 0x32d5e235342b4143 expect match rb 1.96% ra 3.12% others 0.64% cpu_s 5.234 wall 2.118s perf 125.7 waited 0.0s
2026-09-23T02:34:53.072+03:00   headline-p1 r0 [  4] HL-D-tree#tip W=8: mean 2.5201 ms pose 0x32d5e235342b4143 expect match rb 3.12% ra 2.95% others 1.08% cpu_s 5.203 wall 1.269s perf 133.8 waited 0.0s
2026-09-23T02:35:00.635+03:00   headline-p1 r0 [  5] HL-D-allpairs#tip W=4: mean 5.0043 ms pose 0x32d5e235342b4143 expect match rb 2.95% ra 1.36% others 1.83% cpu_s 5.469 wall 2.511s perf 127.3 waited 0.0s
2026-09-23T02:35:07.351+03:00   headline-p1 r0 [  6] HL-D-tree#tip W=4: mean 3.2973 ms pose 0x32d5e235342b4143 expect match rb 1.36% ra 2.94% others 1.24% cpu_s 4.016 wall 1.659s perf 132.2 waited 0.0s
2026-09-23T02:35:16.116+03:00   headline-p1 r0 [  7] HL-D-allpairs#tip W=2: mean 7.3765 ms pose 0x32d5e235342b4143 expect match rb 2.94% ra 5.27% others 6.73% cpu_s 5.531 wall 3.699s perf 128.7 waited 0.0s CONTAMINATED-after(5.27%)
2026-09-23T02:36:38.546+03:00   headline-p1 r0 [  8] HL-D-tree#tip W=2: mean 4.5634 ms pose 0x32d5e235342b4143 expect match rb 1.62% ra 5.16% others 0.98% cpu_s 3.984 wall 2.292s perf 131.6 waited 75.1s CONTAMINATED-after(5.16%)
2026-09-23T02:37:14.301+03:00   headline-p1 r0 [  9] HL-R-allpairs#tip W=1: mean 11.3213 ms pose 0xee2a67a98434919a expect match rb 3.69% ra 2.87% others 1.81% cpu_s 5.688 wall 5.673s perf 129.4 waited 25.0s
2026-09-23T02:37:24.242+03:00   headline-p1 r0 [ 10] HL-R-tree#tip W=1: mean 9.7442 ms pose 0xee2a67a98434919a expect match rb 2.87% ra 3.23% others 1.38% cpu_s 4.922 wall 4.882s perf 129.2 waited 0.0s
2026-09-23T02:37:33.754+03:00   headline-p1 r0 [ 11] HL-D-allpairs#tip W=1: mean 8.8754 ms pose 0x32d5e235342b4143 expect match rb 3.23% ra 4.62% others 1.8% cpu_s 4.469 wall 4.449s perf 129.8 waited 0.0s
2026-09-23T02:37:42.492+03:00   headline-p1 r0 [ 12] HL-D-tree#tip W=1: mean 7.3413 ms pose 0x32d5e235342b4143 expect match rb 4.62% ra 5.03% others 4.54% cpu_s 3.641 wall 3.68s perf 130.3 waited 0.0s CONTAMINATED-after(5.03%)
2026-09-23T02:39:30.358+03:00   headline-p1 r1 [ 13] HL-R-allpairs#tip W=8: mean 5.3603 ms pose 0xee2a67a98434919a expect match rb 1.31% ra 2.22% others 1.13% cpu_s 7.828 wall 2.689s perf 126.0 waited 100.1s
2026-09-23T02:39:37.483+03:00   headline-p1 r1 [ 14] HL-R-tree#tip W=8: mean 4.1108 ms pose 0xee2a67a98434919a expect match rb 2.22% ra 5.4% others 1.42% cpu_s 8.0 wall 2.066s perf 129.1 waited 0.0s CONTAMINATED-after(5.4%)
2026-09-23T02:40:09.847+03:00   headline-p1 r1 [ 15] HL-D-allpairs#tip W=8: mean 4.5386 ms pose 0x32d5e235342b4143 expect match rb 2.1% ra 1.64% others 3.64% cpu_s 6.328 wall 2.279s perf 127.5 waited 25.0s
2026-09-23T02:40:16.391+03:00   headline-p1 r1 [ 16] HL-D-tree#tip W=8: mean 2.9631 ms pose 0x32d5e235342b4143 expect match rb 1.64% ra 3.5% others 3.54% cpu_s 5.047 wall 1.491s perf 132.1 waited 0.0s
2026-09-23T02:40:23.974+03:00   headline-p1 r1 [ 17] HL-D-allpairs#tip W=4: mean 5.0487 ms pose 0x32d5e235342b4143 expect match rb 3.5% ra 5.86% others 2.43% cpu_s 5.25 wall 2.534s perf 127.8 waited 0.0s CONTAMINATED-after(5.86%)
2026-09-23T02:41:45.792+03:00   headline-p1 r1 [ 18] HL-D-tree#tip W=4: mean 3.3305 ms pose 0x32d5e235342b4143 expect match rb 4.81% ra 4.82% others 2.62% cpu_s 4.156 wall 1.676s perf 131.9 waited 75.1s
2026-09-23T02:41:53.973+03:00   headline-p1 r1 [ 19] HL-D-allpairs#tip W=2: mean 6.2443 ms pose 0x32d5e235342b4143 expect match rb 4.82% ra 3.67% others 1.31% cpu_s 4.516 wall 3.131s perf 129.4 waited 0.0s
2026-09-23T02:42:01.521+03:00   headline-p1 r1 [ 20] HL-D-tree#tip W=2: mean 4.9647 ms pose 0x32d5e235342b4143 expect match rb 3.67% ra 3.96% others 4.86% cpu_s 4.219 wall 2.493s perf 132.0 waited 0.0s
2026-09-23T02:42:12.175+03:00   headline-p1 r1 [ 21] HL-R-allpairs#tip W=1: mean 11.1793 ms pose 0xee2a67a98434919a expect match rb 3.96% ra 2.54% others 1.06% cpu_s 5.625 wall 5.599s perf 129.9 waited 0.0s
2026-09-23T02:42:22.158+03:00   headline-p1 r1 [ 22] HL-R-tree#tip W=1: mean 9.8384 ms pose 0xee2a67a98434919a expect match rb 2.54% ra 5.17% others 2.57% cpu_s 4.922 wall 4.93s perf 130.3 waited 0.0s CONTAMINATED-after(5.17%)
2026-09-23T02:42:56.520+03:00   headline-p1 r1 [ 23] HL-D-allpairs#tip W=1: mean 8.5457 ms pose 0x32d5e235342b4143 expect match rb 1.79% ra 2.47% others 1.1% cpu_s 4.297 wall 4.283s perf 130.4 waited 25.0s
2026-09-23T02:43:05.074+03:00   headline-p1 r1 [ 24] HL-D-tree#tip W=1: mean 6.9874 ms pose 0x32d5e235342b4143 expect match rb 2.47% ra 8.77% others 2.68% cpu_s 3.531 wall 3.503s perf 130.8 waited 0.0s CONTAMINATED-after(8.77%)
2026-09-23T02:43:37.885+03:00   headline-p1 r2 [ 25] HL-R-allpairs#tip W=8: mean 5.4334 ms pose 0xee2a67a98434919a expect match rb 3.13% ra 1.99% others 1.29% cpu_s 8.812 wall 2.727s perf 124.4 waited 25.0s
2026-09-23T02:43:44.764+03:00   headline-p1 r2 [ 26] HL-R-tree#tip W=8: mean 3.6325 ms pose 0xee2a67a98434919a expect match rb 1.99% ra 7.0% others 2.52% cpu_s 7.766 wall 1.826s perf 131.6 waited 0.0s CONTAMINATED-after(7.0%)
2026-09-23T02:44:17.001+03:00   headline-p1 r2 [ 27] HL-D-allpairs#tip W=8: mean 4.2958 ms pose 0x32d5e235342b4143 expect match rb 1.48% ra 2.4% others 1.09% cpu_s 5.812 wall 2.157s perf 126.2 waited 25.0s
2026-09-23T02:44:23.368+03:00   headline-p1 r2 [ 28] HL-D-tree#tip W=8: mean 2.6050 ms pose 0x32d5e235342b4143 expect match rb 2.4% ra 4.25% others 1.04% cpu_s 5.703 wall 1.313s perf 133.4 waited 0.0s
2026-09-23T02:44:31.226+03:00   headline-p1 r2 [ 29] HL-D-allpairs#tip W=4: mean 5.5610 ms pose 0x32d5e235342b4143 expect match rb 4.25% ra 2.74% others 5.73% cpu_s 5.719 wall 2.795s perf 128.8 waited 0.0s
2026-09-23T02:44:37.942+03:00   headline-p1 r2 [ 30] HL-D-tree#tip W=4: mean 3.2996 ms pose 0x32d5e235342b4143 expect match rb 2.74% ra 2.53% others 1.94% cpu_s 4.656 wall 1.659s perf 132.2 waited 0.0s
2026-09-23T02:44:46.280+03:00   headline-p1 r2 [ 31] HL-D-allpairs#tip W=2: mean 6.5570 ms pose 0x32d5e235342b4143 expect match rb 2.53% ra 2.83% others 4.49% cpu_s 5.016 wall 3.288s perf 130.2 waited 0.0s
2026-09-23T02:44:53.672+03:00   headline-p1 r2 [ 32] HL-D-tree#tip W=2: mean 4.6613 ms pose 0x32d5e235342b4143 expect match rb 2.83% ra 1.41% others 0.88% cpu_s 3.891 wall 2.34s perf 131.2 waited 0.0s
2026-09-23T02:45:04.263+03:00   headline-p1 r2 [ 33] HL-R-allpairs#tip W=1: mean 11.0407 ms pose 0xee2a67a98434919a expect match rb 1.41% ra 4.27% others 2.03% cpu_s 5.547 wall 5.53s perf 129.8 waited 0.0s
2026-09-23T02:45:14.229+03:00   headline-p1 r2 [ 34] HL-R-tree#tip W=1: mean 9.8119 ms pose 0xee2a67a98434919a expect match rb 4.27% ra 2.82% others 3.76% cpu_s 4.906 wall 4.915s perf 129.5 waited 0.0s
2026-09-23T02:45:23.638+03:00   headline-p1 r2 [ 35] HL-D-allpairs#tip W=1: mean 8.6893 ms pose 0x32d5e235342b4143 expect match rb 2.82% ra 2.19% others 1.73% cpu_s 4.359 wall 4.354s perf 129.5 waited 0.0s
2026-09-23T02:45:32.362+03:00   headline-p1 r2 [ 36] HL-D-tree#tip W=1: mean 7.2863 ms pose 0x32d5e235342b4143 expect match rb 2.19% ra 1.13% others 2.43% cpu_s 3.672 wall 3.655s perf 129.4 waited 0.0s
2026-09-23T02:45:32.362+03:00 headline-p1: re-running 9 process(es) at the end of the pass: [(1, 0, 'HL-R-allpairs', 'tip', 8, 'contaminated'), (7, 0, 'HL-D-allpairs', 'tip', 2, 'contaminated'), (8, 0, 'HL-D-tree', 'tip', 2, 'contaminated'), (12, 0, 'HL-D-tree', 'tip', 1, 'contaminated'), (14, 1, 'HL-R-tree', 'tip', 8, 'contaminated'), (17, 1, 'HL-D-allpairs', 'tip', 4, 'contaminated'), (22, 1, 'HL-R-tree', 'tip', 1, 'contaminated'), (24, 1, 'HL-D-tree', 'tip', 1, 'contaminated'), (26, 2, 'HL-R-tree', 'tip', 8, 'contaminated')]
2026-09-23T02:45:40.321+03:00   headline-p1 r0 [  1] HL-R-allpairs#tip W=8 RERUN (contaminated): mean 5.7924 ms pose 0xee2a67a98434919a expect match rb 1.13% ra 2.44% others 1.48% cpu_s 8.578 wall 2.906s perf 124.0 waited 0.0s
2026-09-23T02:45:48.537+03:00   headline-p1 r0 [  7] HL-D-allpairs#tip W=2 RERUN (contaminated): mean 6.3073 ms pose 0x32d5e235342b4143 expect match rb 2.44% ra 8.95% others 1.86% cpu_s 4.734 wall 3.163s perf 129.1 waited 0.0s CONTAMINATED-after(8.95%)
2026-09-23T02:47:11.006+03:00   headline-p1 r0 [  8] HL-D-tree#tip W=2 RERUN (contaminated): mean 4.6560 ms pose 0x32d5e235342b4143 expect match rb 1.09% ra 4.08% others 4.52% cpu_s 4.109 wall 2.337s perf 131.4 waited 75.1s
2026-09-23T02:47:19.559+03:00   headline-p1 r0 [ 12] HL-D-tree#tip W=1 RERUN (contaminated): mean 6.9825 ms pose 0x32d5e235342b4143 expect match rb 4.08% ra 5.45% others 1.73% cpu_s 3.547 wall 3.501s perf 130.9 waited 0.0s CONTAMINATED-after(5.45%)
2026-09-23T02:47:51.555+03:00   headline-p1 r1 [ 14] HL-R-tree#tip W=8 RERUN (contaminated): mean 3.8034 ms pose 0xee2a67a98434919a expect match rb 4.63% ra 4.33% others 2.96% cpu_s 7.609 wall 1.911s perf 130.3 waited 25.0s
2026-09-23T02:47:59.090+03:00   headline-p1 r1 [ 17] HL-D-allpairs#tip W=4 RERUN (contaminated): mean 4.9475 ms pose 0x32d5e235342b4143 expect match rb 4.33% ra 3.04% others 1.62% cpu_s 5.297 wall 2.484s perf 127.9 waited 0.0s
2026-09-23T02:48:08.920+03:00   headline-p1 r1 [ 22] HL-R-tree#tip W=1 RERUN (contaminated): mean 9.5122 ms pose 0xee2a67a98434919a expect match rb 3.04% ra 4.6% others 1.86% cpu_s 4.781 wall 4.767s perf 130.5 waited 0.0s
2026-09-23T02:48:17.556+03:00   headline-p1 r1 [ 24] HL-D-tree#tip W=1 RERUN (contaminated): mean 7.1557 ms pose 0x32d5e235342b4143 expect match rb 4.6% ra 1.32% others 1.47% cpu_s 3.641 wall 3.587s perf 130.0 waited 0.0s
2026-09-23T02:48:24.525+03:00   headline-p1 r2 [ 26] HL-R-tree#tip W=8 RERUN (contaminated): mean 3.8108 ms pose 0xee2a67a98434919a expect match rb 1.32% ra 1.98% others 0.87% cpu_s 8.266 wall 1.915s perf 130.3 waited 0.0s
2026-09-23T02:48:24.526+03:00 headline-p1: done
2026-09-23T02:48:24.526+03:00 block g9: 4 cells per round, 2 passes x 3 rounds
2026-09-23T02:48:24.526+03:00 g9-p0: idle rule (wait_idle5.ps1, up to 120 polls)
2026-09-23T02:51:35.680+03:00 g9-p0: idle reached; {'time': '2026-09-23T02:51:35.680+03:00', 'powercfg': 'Power Scheme GUID: 8c5e7fda-e8bf-4a96-9a85-a6e23a8c635c  (High performance)', 'battery_and_proc_count': '{"BatteryStatus":2,"EstimatedChargeRemaining":100}\r\n246'}
2026-09-23T02:51:35.687+03:00 g9-p0: binaries verified against the manifest and bin/SHA256SUMS
2026-09-23T02:51:45.716+03:00 g9-p0: opening receipt 2.86% (build procs busy [], presence {'build': [], 'lane': []})
2026-09-23T02:51:52.897+03:00   g9-p0 warm-up J-As#tip W=8 (untimed): mean 4.2364 ms pose 0x32d5e235342b4143 expect match rb 2.86% ra 3.12% others 0.46% cpu_s 5.438 wall 2.128s perf 126.1 waited 0.0s
2026-09-23T02:52:02.386+03:00   g9-p0 r0 [  1] J-As#parent W=1: mean 8.8442 ms pose 0x32d5e235342b4143 expect match rb 3.12% ra 2.9% others 3.66% cpu_s 4.453 wall 4.433s perf 130.7 waited 0.0s
2026-09-23T02:52:11.739+03:00   g9-p0 r0 [  2] J-As#tip W=1: mean 8.5835 ms pose 0x32d5e235342b4143 expect match rb 2.9% ra 4.32% others 1.2% cpu_s 4.297 wall 4.3s perf 130.1 waited 0.0s
2026-09-23T02:52:19.163+03:00   g9-p0 r0 [  3] J-As#parent W=8: mean 4.7192 ms pose 0x32d5e235342b4143 expect match rb 4.32% ra 1.8% others 1.65% cpu_s 7.141 wall 2.369s perf 123.8 waited 0.0s
2026-09-23T02:52:26.414+03:00   g9-p0 r0 [  4] J-As#tip W=8: mean 4.3663 ms pose 0x32d5e235342b4143 expect match rb 1.8% ra 1.63% others 1.3% cpu_s 6.484 wall 2.192s perf 124.9 waited 0.0s
2026-09-23T02:52:35.830+03:00   g9-p0 r1 [  5] J-As#parent W=1: mean 8.6920 ms pose 0x32d5e235342b4143 expect match rb 1.63% ra 7.73% others 1.3% cpu_s 4.359 wall 4.358s perf 130.3 waited 0.0s CONTAMINATED-after(7.73%)
2026-09-23T02:53:10.364+03:00   g9-p0 r1 [  6] J-As#tip W=1: mean 8.8837 ms pose 0x32d5e235342b4143 expect match rb 4.1% ra 1.95% others 1.27% cpu_s 4.453 wall 4.451s perf 129.3 waited 25.0s
2026-09-23T02:53:17.762+03:00   g9-p0 r1 [  7] J-As#parent W=8: mean 4.6664 ms pose 0x32d5e235342b4143 expect match rb 1.95% ra 3.92% others 1.21% cpu_s 6.734 wall 2.344s perf 124.0 waited 0.0s
2026-09-23T02:53:24.956+03:00   g9-p0 r1 [  8] J-As#tip W=8: mean 4.2628 ms pose 0x32d5e235342b4143 expect match rb 3.92% ra 5.35% others 1.41% cpu_s 6.609 wall 2.141s perf 125.6 waited 0.0s CONTAMINATED-after(5.35%)
2026-09-23T02:53:59.585+03:00   g9-p0 r2 [  9] J-As#parent W=1: mean 9.0886 ms pose 0x32d5e235342b4143 expect match rb 1.53% ra 4.41% others 1.74% cpu_s 4.578 wall 4.553s perf 129.8 waited 25.0s
2026-09-23T02:54:08.924+03:00   g9-p0 r2 [ 10] J-As#tip W=1: mean 8.5474 ms pose 0x32d5e235342b4143 expect match rb 4.41% ra 6.43% others 2.39% cpu_s 4.328 wall 4.285s perf 129.7 waited 0.0s CONTAMINATED-after(6.43%)
2026-09-23T02:55:06.275+03:00   g9-p0 r2 [ 11] J-As#parent W=8: mean 4.4552 ms pose 0x32d5e235342b4143 expect match rb 2.7% ra 2.37% others 0.52% cpu_s 5.906 wall 2.237s perf 126.8 waited 50.1s
2026-09-23T02:55:13.639+03:00   g9-p0 r2 [ 12] J-As#tip W=8: mean 4.6009 ms pose 0x32d5e235342b4143 expect match rb 2.37% ra 2.81% others 0.63% cpu_s 6.828 wall 2.31s perf 125.3 waited 0.0s
2026-09-23T02:55:13.639+03:00 g9-p0: re-running 3 process(es) at the end of the pass: [(5, 1, 'J-As', 'parent', 1, 'contaminated'), (8, 1, 'J-As', 'tip', 8, 'contaminated'), (10, 2, 'J-As', 'tip', 1, 'contaminated')]
2026-09-23T02:55:23.270+03:00   g9-p0 r1 [  5] J-As#parent W=1 RERUN (contaminated): mean 9.1356 ms pose 0x32d5e235342b4143 expect match rb 2.81% ra 4.25% others 3.2% cpu_s 4.562 wall 4.578s perf 130.0 waited 0.0s
2026-09-23T02:55:30.584+03:00   g9-p0 r1 [  8] J-As#tip W=8 RERUN (contaminated): mean 4.5097 ms pose 0x32d5e235342b4143 expect match rb 4.25% ra 2.68% others 2.72% cpu_s 6.828 wall 2.264s perf 123.5 waited 0.0s
2026-09-23T02:55:39.965+03:00   g9-p0 r2 [ 10] J-As#tip W=1 RERUN (contaminated): mean 8.6486 ms pose 0x32d5e235342b4143 expect match rb 2.68% ra 5.0% others 2.19% cpu_s 4.391 wall 4.333s perf 130.1 waited 0.0s
2026-09-23T02:55:39.966+03:00 g9-p0: done
2026-09-23T02:55:39.966+03:00 g9-p1: idle rule (wait_idle5.ps1, up to 120 polls)
2026-09-23T02:57:50.832+03:00 g9-p1: idle reached; {'time': '2026-09-23T02:57:50.832+03:00', 'powercfg': 'Power Scheme GUID: 8c5e7fda-e8bf-4a96-9a85-a6e23a8c635c  (High performance)', 'battery_and_proc_count': '{"BatteryStatus":2,"EstimatedChargeRemaining":100}\r\n242'}
2026-09-23T02:57:50.839+03:00 g9-p1: binaries verified against the manifest and bin/SHA256SUMS
2026-09-23T02:58:00.869+03:00 g9-p1: opening receipt 3.03% (build procs busy [], presence {'build': [], 'lane': []})
2026-09-23T02:58:08.023+03:00   g9-p1 warm-up J-As#tip W=8 (untimed): mean 4.1923 ms pose 0x32d5e235342b4143 expect match rb 3.03% ra 4.08% others 2.97% cpu_s 5.75 wall 2.105s perf 126.0 waited 0.0s
2026-09-23T02:58:15.370+03:00   g9-p1 r0 [  1] J-As#tip W=8: mean 4.5687 ms pose 0x32d5e235342b4143 expect match rb 4.08% ra 2.11% others 4.04% cpu_s 6.844 wall 2.295s perf 124.4 waited 0.0s
2026-09-23T02:58:22.798+03:00   g9-p1 r0 [  2] J-As#parent W=8: mean 4.7322 ms pose 0x32d5e235342b4143 expect match rb 2.11% ra 4.3% others 2.26% cpu_s 7.234 wall 2.376s perf 123.8 waited 0.0s
2026-09-23T02:58:32.349+03:00   g9-p1 r0 [  3] J-As#tip W=1: mean 8.9806 ms pose 0x32d5e235342b4143 expect match rb 4.3% ra 2.89% others 3.32% cpu_s 4.484 wall 4.5s perf 130.5 waited 0.0s
2026-09-23T02:58:41.848+03:00   g9-p1 r0 [  4] J-As#parent W=1: mean 8.8740 ms pose 0x32d5e235342b4143 expect match rb 2.89% ra 2.81% others 1.05% cpu_s 4.438 wall 4.446s perf 130.1 waited 0.0s
2026-09-23T02:58:49.042+03:00   g9-p1 r1 [  5] J-As#tip W=8: mean 4.2607 ms pose 0x32d5e235342b4143 expect match rb 2.81% ra 7.17% others 2.19% cpu_s 6.625 wall 2.14s perf 125.9 waited 0.0s CONTAMINATED-after(7.17%)
2026-09-23T02:59:46.539+03:00   g9-p1 r1 [  6] J-As#parent W=8: mean 4.7413 ms pose 0x32d5e235342b4143 expect match rb 3.88% ra 1.8% others 1.93% cpu_s 7.312 wall 2.381s perf 123.8 waited 50.1s
2026-09-23T02:59:55.902+03:00   g9-p1 r1 [  7] J-As#tip W=1: mean 8.6055 ms pose 0x32d5e235342b4143 expect match rb 1.8% ra 1.62% others 1.02% cpu_s 4.312 wall 4.312s perf 129.4 waited 0.0s
2026-09-23T03:00:05.376+03:00   g9-p1 r1 [  8] J-As#parent W=1: mean 8.8226 ms pose 0x32d5e235342b4143 expect match rb 1.62% ra 1.82% others 1.13% cpu_s 4.422 wall 4.421s perf 129.6 waited 0.0s
2026-09-23T03:00:13.060+03:00   g9-p1 r2 [  9] J-As#tip W=8: mean 5.2375 ms pose 0x32d5e235342b4143 expect match rb 1.82% ra 13.2% others 10.73% cpu_s 5.656 wall 2.631s perf 126.1 waited 0.0s CONTAMINATED-after(13.2%)
2026-09-23T03:00:45.596+03:00   g9-p1 r2 [ 10] J-As#parent W=8: mean 4.8959 ms pose 0x32d5e235342b4143 expect match rb 2.5% ra 1.55% others 3.18% cpu_s 7.016 wall 2.458s perf 126.5 waited 25.0s
2026-09-23T03:00:55.464+03:00   g9-p1 r2 [ 11] J-As#tip W=1: mean 9.6004 ms pose 0x32d5e235342b4143 expect match rb 1.55% ra 11.52% others 7.15% cpu_s 4.812 wall 4.81s perf 129.5 waited 0.0s CONTAMINATED-after(11.52%)
2026-09-23T03:01:30.182+03:00   g9-p1 r2 [ 12] J-As#parent W=1: mean 9.2382 ms pose 0x32d5e235342b4143 expect match rb 2.71% ra 7.72% others 1.67% cpu_s 4.688 wall 4.63s perf 129.3 waited 25.0s CONTAMINATED-after(7.72%)
2026-09-23T03:01:30.183+03:00 g9-p1: re-running 4 process(es) at the end of the pass: [(5, 1, 'J-As', 'tip', 8, 'contaminated'), (9, 2, 'J-As', 'tip', 8, 'contaminated'), (11, 2, 'J-As', 'tip', 1, 'contaminated'), (12, 2, 'J-As', 'parent', 1, 'contaminated')]
2026-09-23T03:03:42.452+03:00   g9-p1 r1 [  5] J-As#tip W=8 RERUN (contaminated): mean 4.1206 ms pose 0x32d5e235342b4143 expect match rb 4.03% ra 5.08% others 1.09% cpu_s 5.953 wall 2.07s perf 126.4 waited 125.2s CONTAMINATED-after(5.08%)
2026-09-23T03:04:14.680+03:00   g9-p1 r2 [  9] J-As#tip W=8 RERUN (contaminated): mean 4.2794 ms pose 0x32d5e235342b4143 expect match rb 1.02% ra 3.06% others 1.05% cpu_s 5.844 wall 2.149s perf 126.0 waited 25.0s
2026-09-23T03:04:23.933+03:00   g9-p1 r2 [ 11] J-As#tip W=1 RERUN (contaminated): mean 8.3888 ms pose 0x32d5e235342b4143 expect match rb 3.06% ra 2.55% others 1.56% cpu_s 4.203 wall 4.203s perf 131.1 waited 0.0s
2026-09-23T03:04:33.352+03:00   g9-p1 r2 [ 12] J-As#parent W=1 RERUN (contaminated): mean 8.7088 ms pose 0x32d5e235342b4143 expect match rb 2.55% ra 1.72% others 0.58% cpu_s 4.375 wall 4.363s perf 131.7 waited 0.0s
2026-09-23T03:04:33.352+03:00 g9-p1: done
2026-09-23T03:04:33.352+03:00 block armed: 4 cells per round, 2 passes x 3 rounds
2026-09-23T03:04:33.352+03:00 armed-p0: idle rule (wait_idle5.ps1, up to 120 polls)
2026-09-23T03:06:44.234+03:00 armed-p0: idle reached; {'time': '2026-09-23T03:06:44.234+03:00', 'powercfg': 'Power Scheme GUID: 8c5e7fda-e8bf-4a96-9a85-a6e23a8c635c  (High performance)', 'battery_and_proc_count': '{"BatteryStatus":2,"EstimatedChargeRemaining":100}\r\n245'}
2026-09-23T03:06:44.240+03:00 armed-p0: binaries verified against the manifest and bin/SHA256SUMS
2026-09-23T03:06:54.278+03:00 armed-p0: opening receipt 1.73% (build procs busy [], presence {'build': [], 'lane': []})
2026-09-23T03:07:01.463+03:00   armed-p0 warm-up J-As#tip W=8 (untimed): mean 4.2523 ms pose 0x32d5e235342b4143 expect match rb 1.73% ra 3.71% others 1.14% cpu_s 6.266 wall 2.135s perf 126.2 waited 0.0s
2026-09-23T03:07:10.985+03:00   armed-p0 r0 [  1] J-As-a#parent W=1: mean 8.8255 ms pose 0x32d5e235342b4143 expect match rb 3.71% ra 1.39% others 2.54% cpu_s 4.469 wall 4.462s perf 129.2 waited 0.0s
2026-09-23T03:07:20.395+03:00   armed-p0 r0 [  2] J-As-a#tip W=1: mean 8.6029 ms pose 0x32d5e235342b4143 expect match rb 1.39% ra 2.6% others 1.26% cpu_s 4.375 wall 4.352s perf 129.9 waited 0.0s
2026-09-23T03:07:27.775+03:00   armed-p0 r0 [  3] J-As-a#parent W=8: mean 4.5354 ms pose 0x32d5e235342b4143 expect match rb 2.6% ra 2.19% others 1.18% cpu_s 5.031 wall 2.316s perf 125.6 waited 0.0s
2026-09-23T03:07:34.995+03:00   armed-p0 r0 [  4] J-As-a#tip W=8: mean 4.2227 ms pose 0x32d5e235342b4143 expect match rb 2.19% ra 2.3% others 0.5% cpu_s 6.359 wall 2.157s perf 126.5 waited 0.0s
2026-09-23T03:07:44.472+03:00   armed-p0 r1 [  5] J-As-a#parent W=1: mean 8.7098 ms pose 0x32d5e235342b4143 expect match rb 2.3% ra 4.79% others 2.86% cpu_s 4.391 wall 4.406s perf 131.0 waited 0.0s
2026-09-23T03:07:53.840+03:00   armed-p0 r1 [  6] J-As-a#tip W=1: mean 8.4999 ms pose 0x32d5e235342b4143 expect match rb 4.79% ra 2.56% others 1.36% cpu_s 4.312 wall 4.299s perf 130.6 waited 0.0s
2026-09-23T03:08:01.592+03:00   armed-p0 r1 [  7] J-As-a#parent W=8: mean 5.2698 ms pose 0x32d5e235342b4143 expect match rb 2.56% ra 3.06% others 3.98% cpu_s 7.453 wall 2.693s perf 128.2 waited 0.0s
2026-09-23T03:08:08.916+03:00   armed-p0 r1 [  8] J-As-a#tip W=8: mean 4.4252 ms pose 0x32d5e235342b4143 expect match rb 3.06% ra 2.97% others 1.13% cpu_s 6.078 wall 2.261s perf 123.7 waited 0.0s
2026-09-23T03:08:18.441+03:00   armed-p0 r2 [  9] J-As-a#parent W=1: mean 8.8167 ms pose 0x32d5e235342b4143 expect match rb 2.97% ra 1.82% others 0.48% cpu_s 4.406 wall 4.462s perf 131.7 waited 0.0s
2026-09-23T03:08:27.752+03:00   armed-p0 r2 [ 10] J-As-a#tip W=1: mean 8.4025 ms pose 0x32d5e235342b4143 expect match rb 1.82% ra 3.23% others 2.36% cpu_s 4.297 wall 4.25s perf 130.8 waited 0.0s
2026-09-23T03:08:35.075+03:00   armed-p0 r2 [ 11] J-As-a#parent W=8: mean 4.4261 ms pose 0x32d5e235342b4143 expect match rb 3.23% ra 1.84% others 0.73% cpu_s 6.906 wall 2.26s perf 126.4 waited 0.0s
2026-09-23T03:08:42.378+03:00   armed-p0 r2 [ 12] J-As-a#tip W=8: mean 4.3866 ms pose 0x32d5e235342b4143 expect match rb 1.84% ra 1.96% others 1.0% cpu_s 5.922 wall 2.241s perf 125.1 waited 0.0s
2026-09-23T03:08:42.378+03:00 armed-p0: done
2026-09-23T03:08:42.378+03:00 armed-p1: idle rule (wait_idle5.ps1, up to 120 polls)
2026-09-23T03:10:53.223+03:00 armed-p1: idle reached; {'time': '2026-09-23T03:10:53.223+03:00', 'powercfg': 'Power Scheme GUID: 8c5e7fda-e8bf-4a96-9a85-a6e23a8c635c  (High performance)', 'battery_and_proc_count': '{"BatteryStatus":2,"EstimatedChargeRemaining":100}\r\n244'}
2026-09-23T03:10:53.229+03:00 armed-p1: binaries verified against the manifest and bin/SHA256SUMS
2026-09-23T03:11:03.258+03:00 armed-p1: opening receipt 1.58% (build procs busy [], presence {'build': [], 'lane': []})
2026-09-23T03:11:10.416+03:00   armed-p1 warm-up J-As#tip W=8 (untimed): mean 4.1941 ms pose 0x32d5e235342b4143 expect match rb 1.58% ra 3.45% others 2.41% cpu_s 5.609 wall 2.106s perf 126.7 waited 0.0s
2026-09-23T03:11:17.610+03:00   armed-p1 r0 [  1] J-As-a#tip W=8: mean 4.1786 ms pose 0x32d5e235342b4143 expect match rb 3.45% ra 1.57% others 0.73% cpu_s 5.641 wall 2.136s perf 126.4 waited 0.0s
2026-09-23T03:11:25.042+03:00   armed-p1 r0 [  2] J-As-a#parent W=8: mean 4.6364 ms pose 0x32d5e235342b4143 expect match rb 1.57% ra 3.02% others 1.15% cpu_s 6.781 wall 2.369s perf 125.8 waited 0.0s
2026-09-23T03:11:34.486+03:00   armed-p1 r0 [  3] J-As-a#tip W=1: mean 8.6680 ms pose 0x32d5e235342b4143 expect match rb 3.02% ra 1.54% others 1.27% cpu_s 4.375 wall 4.386s perf 129.8 waited 0.0s
2026-09-23T03:11:44.016+03:00   armed-p1 r0 [  4] J-As-a#parent W=1: mean 8.8388 ms pose 0x32d5e235342b4143 expect match rb 1.54% ra 2.62% others 0.74% cpu_s 4.469 wall 4.469s perf 130.1 waited 0.0s
2026-09-23T03:11:51.250+03:00   armed-p1 r1 [  5] J-As-a#tip W=8: mean 4.2597 ms pose 0x32d5e235342b4143 expect match rb 2.62% ra 4.7% others 3.14% cpu_s 6.438 wall 2.176s perf 126.8 waited 0.0s
2026-09-23T03:11:58.573+03:00   armed-p1 r1 [  6] J-As-a#parent W=8: mean 4.4246 ms pose 0x32d5e235342b4143 expect match rb 4.7% ra 2.41% others 0.78% cpu_s 6.406 wall 2.259s perf 126.7 waited 0.0s
2026-09-23T03:12:07.913+03:00   armed-p1 r1 [  7] J-As-a#tip W=1: mean 8.4455 ms pose 0x32d5e235342b4143 expect match rb 2.41% ra 2.13% others 0.94% cpu_s 4.297 wall 4.272s perf 130.4 waited 0.0s
2026-09-23T03:12:17.340+03:00   armed-p1 r1 [  8] J-As-a#parent W=1: mean 8.6291 ms pose 0x32d5e235342b4143 expect match rb 2.13% ra 1.84% others 0.99% cpu_s 4.359 wall 4.364s perf 130.2 waited 0.0s
2026-09-23T03:12:24.647+03:00   armed-p1 r2 [  9] J-As-a#tip W=8: mean 4.3920 ms pose 0x32d5e235342b4143 expect match rb 1.84% ra 1.88% others 0.87% cpu_s 6.797 wall 2.243s perf 126.2 waited 0.0s
2026-09-23T03:12:31.988+03:00   armed-p1 r2 [ 10] J-As-a#parent W=8: mean 4.4608 ms pose 0x32d5e235342b4143 expect match rb 1.88% ra 4.0% others 2.91% cpu_s 6.641 wall 2.278s perf 126.8 waited 0.0s
2026-09-23T03:12:41.293+03:00   armed-p1 r2 [ 11] J-As-a#tip W=1: mean 8.3959 ms pose 0x32d5e235342b4143 expect match rb 4.0% ra 2.12% others 0.97% cpu_s 4.297 wall 4.245s perf 131.2 waited 0.0s
2026-09-23T03:12:50.893+03:00   armed-p1 r2 [ 12] J-As-a#parent W=1: mean 8.9865 ms pose 0x32d5e235342b4143 expect match rb 2.12% ra 1.54% others 0.5% cpu_s 4.516 wall 4.541s perf 131.4 waited 0.0s
2026-09-23T03:12:50.893+03:00 armed-p1: done
2026-09-23T03:12:51.301+03:00 WINDOW END {"end": "2026-09-23T03:12:50.894+03:00", "status": "complete", "binaries_after": "all match", "machine_after": {"time": "2026-09-23T03:12:51.295+03:00", "powercfg": "Power Scheme GUID: 8c5e7fda-e8bf-4a96-9a85-a6e23a8c635c  (High performance)", "battery_and_proc_count": "{\"BatteryStatus\":2,\"EstimatedChargeRemaining\":100}\r\n243"}, "timed_processes": 187, "reruns": 25, "warmups": 9, "voided_processes": 42, "voids": [{"block": "headline", "pass": 0, "attempt": 0, "time": "2026-09-23T00:52:53.903+03:00", "why": "build/lane process during/after the process: presence {'build': ['rustc.exe(24440)', 'rustc.exe(8164)'], 'lane': []} busy ['rustc.exe'] during [] new []", "timed_processes_voided": 32}, {"block": "headline", "pass": 0, "attempt": 1, "time": "2026-09-23T00:57:39.976+03:00", "why": "build/lane process during/after the process: presence {'build': ['cargo.exe(17100)', 'cargo.exe(14056)', 'cargo.exe(34060)', 'cargo.exe(12252)', 'cargo.exe(31632)', 'cargo.exe(38752)', 'cargo.exe(23144)', 'cargo.exe(27520)'], 'lane': []} busy ['cargo.exe'] during ['cargo.exe'] new ['cargo.exe']", "timed_processes_voided": 6}, {"block": "headline", "pass": 0, "attempt": 2, "time": "2026-09-23T01:07:00.087+03:00", "why": "build/lane process present before the process: {'build': ['cargo.exe(16264)', 'cargo.exe(24776)'], 'lane': ['D:\\\\wt\\\\_targets\\\\joltab-msvc\\\\debug\\\\deps\\\\ignore_reasons_census-306c797280658493.exe(6712)']} busy ['cargo.exe']", "timed_processes_voided": 4}]}
exit=0
