       Fresh unicode-ident v1.0.26
       Fresh cfg-if v1.0.5
       Fresh windows-link v0.2.1
       Fresh proc-macro2 v1.0.107
       Fresh windows-sys v0.61.2
       Fresh quote v1.0.47
       Fresh crossbeam-utils v0.8.23
       Fresh syn v2.0.119
       Fresh crossbeam-epoch v0.9.21
       Fresh crossbeam-deque v0.8.8
       Fresh zerocopy-derive v0.8.57
       Fresh boyko-diag v0.1.0 (D:\wt\mq-aac562a7\crates\boyko_diag)
       Fresh autocfg v1.5.1
       Fresh zerocopy v0.8.57
       Fresh getrandom v0.3.4
       Fresh boyko-log v0.1.0 (D:\wt\mq-aac562a7\crates\boyko_log)
       Fresh serde_core v1.0.229
       Fresh syn v3.0.6
       Fresh rand_core v0.9.5
       Fresh boyko-threadpool v0.1.0 (D:\wt\mq-aac562a7\crates\boyko_threadpool)
       Fresh serde_derive v1.0.229
       Fresh crossbeam-queue v0.3.14
       Fresh once_cell v1.21.4
       Fresh static_assertions v1.1.0
       Fresh fixedbitset v0.5.7
       Fresh either v1.18.0
       Fresh regex-syntax v0.8.11
       Fresh boyko-utils v0.1.0 (D:\wt\mq-aac562a7\crates\boyko_utils)
       Fresh serde v1.0.229
       Fresh getrandom v0.4.3
       Fresh zmij v1.0.23
       Fresh boyko-ecs v0.1.0 (D:\wt\mq-aac562a7\crates\boyko_ecs)
       Fresh num-traits v0.2.19
       Fresh half v2.7.1
       Fresh boyko-macros v0.1.0 (D:\wt\mq-aac562a7\crates\boyko_macros)
       Fresh winapi-util v0.1.11
       Fresh ciborium-io v0.2.2
       Fresh clap_lex v1.1.1
       Fresh plotters-backend v0.3.7
       Fresh itoa v1.0.18
       Fresh anstyle v1.0.14
       Fresh memchr v2.8.3
       Fresh fastrand v2.5.0
       Fresh plotters-svg v0.3.7
       Fresh clap_builder v4.6.7
       Fresh tempfile v3.27.0
       Fresh serde_json v1.0.151
       Fresh boyko-input v0.1.0 (D:\wt\mq-aac562a7\crates\boyko_input)
       Fresh same-file v1.0.6
       Fresh ciborium-ll v0.2.2
       Fresh rayon-core v1.13.0
       Fresh itertools v0.10.5
       Fresh regex-automata v0.4.18
       Fresh ppv-lite86 v0.2.21
       Fresh boyko_shaderdsl v0.1.0 (D:\wt\mq-aac562a7\crates\boyko_shaderdsl)
       Fresh fnv v1.0.7
       Fresh quick-error v1.2.3
       Fresh cast v0.3.0
       Fresh wait-timeout v0.2.1
       Fresh bit-vec v0.8.0
       Fresh boyko-math v0.1.0 (D:\wt\mq-aac562a7\crates\boyko_math)
       Fresh criterion-plot v0.5.0
       Fresh boyko-scene v0.1.0 (D:\wt\mq-aac562a7\crates\boyko_scene)
       Fresh bit-set v0.8.0
       Fresh rusty-fork v0.3.1
       Fresh rayon v1.12.0
       Fresh boyko_sdf_math v0.1.0 (D:\wt\mq-aac562a7\crates\boyko_sdf_math)
       Fresh ciborium v0.2.2
       Fresh regex v1.13.1
       Fresh rand_chacha v0.9.0
       Fresh plotters v0.3.7
       Fresh clap v4.6.7
       Fresh walkdir v2.5.0
       Fresh tinytemplate v1.2.1
       Fresh rand_xorshift v0.4.0
       Fresh rand v0.9.5
       Fresh is-terminal v0.4.17
       Fresh oorandom v11.1.5
       Fresh anes v0.1.6
       Fresh bitflags v2.13.2
       Fresh unarray v0.1.4
       Fresh criterion v0.5.1
       Fresh proptest v1.11.0
       Fresh boyko-physics v0.1.0 (D:\wt\mq-aac562a7\crates\boyko_physics)
    Finished `parity` profile [optimized] target(s) in 0.29s
  Executable `D:/wt/_targets/mq-aac562a7\parity\deps\jolt_parity_pyramid-39550833a2ead4ba.exe`
