Gnuplot not found, using plotters backend
Benchmarking soft_step_sp2/coupled/64
Benchmarking soft_step_sp2/coupled/64: Warming up for 3.0000 s

Completed 65535 iterations in 5720855300 nanoseconds, estimated execution time is 87294.65629053178 ns
Benchmarking soft_step_sp2/coupled/64: Collecting 100 samples in estimated 5.2901 s (61k iterations)
Benchmarking soft_step_sp2/coupled/64: Analyzing
Criterion.rs DEBUG: Bootstrapping the absolute statistics. took 37.633 ms
Criterion.rs DEBUG: Bootstrapped linear regression took 7.6681 ms
soft_step_sp2/coupled/64
                        time:   [87.040 µs 87.099 µs 87.157 µs]
Found 15 outliers among 100 measurements (15.00%)
  9 (9.00%) low mild
  6 (6.00%) high mild
Benchmarking soft_step_sp2/coupled/256
Benchmarking soft_step_sp2/coupled/256: Warming up for 3.0000 s

Completed 16383 iterations in 5839038800 nanoseconds, estimated execution time is 356408.39895013126 ns
Benchmarking soft_step_sp2/coupled/256: Collecting 100 samples in estimated 5.3996 s (15k iterations)
Benchmarking soft_step_sp2/coupled/256: Analyzing
Criterion.rs DEBUG: Bootstrapping the absolute statistics. took 35.949 ms
Criterion.rs DEBUG: Bootstrapped linear regression took 6.5223 ms
soft_step_sp2/coupled/256
                        time:   [383.14 µs 383.69 µs 384.32 µs]
Found 5 outliers among 100 measurements (5.00%)
  5 (5.00%) high mild

